 LuaMacro

 Timestamp is 51e6ed35 (Wed Jul 17 23:15:01 2013)

 Preferred load address is 10000000

 Start         Length     Name                   Class
 0001:00000000 00000134H .idata$5                CODE
 0001:00000134 00000004H .CRT$XCA                CODE
 0001:00000138 00000004H .CRT$XCZ                CODE
 0001:0000013c 00000004H .CRT$XIA                CODE
 0001:00000140 0000000cH .CRT$XIC                CODE
 0001:0000014c 00000004H .CRT$XIZ                CODE
 0001:00000150 00000004H .CRT$XPA                CODE
 0001:00000154 00000004H .CRT$XPZ                CODE
 0001:00000158 00000004H .CRT$XTA                CODE
 0001:0000015c 00000004H .CRT$XTZ                CODE
 0001:00000160 00001f70H .rdata                  CODE
 0001:000020d0 0000000cH .rdata$sxdata           CODE
 0001:000020dc 00000004H .rtc$IAA                CODE
 0001:000020e0 00000004H .rtc$IZZ                CODE
 0001:000020e4 00000004H .rtc$TAA                CODE
 0001:000020e8 00000004H .rtc$TZZ                CODE
 0001:000020f0 00004e52H .text                   CODE
 0001:00006f48 000001ecH .xdata$x                CODE
 0001:00007134 0000003cH .idata$2                CODE
 0001:00007170 00000014H .idata$3                CODE
 0001:00007184 00000134H .idata$4                CODE
 0001:000072b8 0000059cH .idata$6                CODE
 0001:00007860 00000187H .edata                  CODE
 0002:00000000 00000b50H .data                   DATA
 0002:00000b60 00001780H .bss                    DATA
 0003:00000000 00000058H .rsrc$01                DATA
 0003:00000060 00000370H .rsrc$02                DATA

  Address         Publics by Value              Rva+Base       Lib:Object

 0000:00000000       __except_list              00000000     <absolute>
 0000:00000003       ___safe_se_handler_count   00000003     <absolute>
 0000:00000000       ___ImageBase               10000000     <linker-defined>
 0001:00000000       __imp__DeleteCriticalSection@4 10001000     kernel32:KERNEL32.dll
 0001:00000004       __imp__GetModuleFileNameW@12 10001004     kernel32:KERNEL32.dll
 0001:00000008       __imp__InitializeCriticalSection@4 10001008     kernel32:KERNEL32.dll
 0001:0000000c       __imp__LeaveCriticalSection@4 1000100c     kernel32:KERNEL32.dll
 0001:00000010       __imp__EnterCriticalSection@4 10001010     kernel32:KERNEL32.dll
 0001:00000014       __imp__GetModuleHandleW@4  10001014     kernel32:KERNEL32.dll
 0001:00000018       __imp__SetLastError@4      10001018     kernel32:KERNEL32.dll
 0001:0000001c       __imp__GetProcAddress@8    1000101c     kernel32:KERNEL32.dll
 0001:00000020       __imp__GetStringTypeW@16   10001020     kernel32:KERNEL32.dll
 0001:00000024       __imp__MultiByteToWideChar@24 10001024     kernel32:KERNEL32.dll
 0001:00000028       __imp__LCMapStringW@24     10001028     kernel32:KERNEL32.dll
 0001:0000002c       __imp__LoadLibraryW@4      1000102c     kernel32:KERNEL32.dll
 0001:00000030       __imp__HeapReAlloc@16      10001030     kernel32:KERNEL32.dll
 0001:00000034       __imp__HeapAlloc@12        10001034     kernel32:KERNEL32.dll
 0001:00000038       __imp__IsProcessorFeaturePresent@4 10001038     kernel32:KERNEL32.dll
 0001:0000003c       __imp__RtlUnwind@16        1000103c     kernel32:KERNEL32.dll
 0001:00000040       __imp__IsValidCodePage@4   10001040     kernel32:KERNEL32.dll
 0001:00000044       __imp__GetOEMCP@0          10001044     kernel32:KERNEL32.dll
 0001:00000048       __imp__GetACP@0            10001048     kernel32:KERNEL32.dll
 0001:0000004c       __imp__GetCPInfo@8         1000104c     kernel32:KERNEL32.dll
 0001:00000050       __imp__WriteFile@20        10001050     kernel32:KERNEL32.dll
 0001:00000054       __imp__GetSystemTimeAsFileTime@4 10001054     kernel32:KERNEL32.dll
 0001:00000058       __imp__GetCurrentProcessId@0 10001058     kernel32:KERNEL32.dll
 0001:0000005c       __imp__GetTickCount@0      1000105c     kernel32:KERNEL32.dll
 0001:00000060       __imp__QueryPerformanceCounter@4 10001060     kernel32:KERNEL32.dll
 0001:00000064       __imp__HeapDestroy@4       10001064     kernel32:KERNEL32.dll
 0001:00000068       __imp__GetLastError@0      10001068     kernel32:KERNEL32.dll
 0001:0000006c       __imp__SetConsoleCtrlHandler@8 1000106c     kernel32:KERNEL32.dll
 0001:00000070       __imp__GetCurrentThreadId@0 10001070     kernel32:KERNEL32.dll
 0001:00000074       __imp__GetCommandLineA@0   10001074     kernel32:KERNEL32.dll
 0001:00000078       __imp__InitializeCriticalSectionAndSpinCount@8 10001078     kernel32:KERNEL32.dll
 0001:0000007c       __imp__TlsAlloc@0          1000107c     kernel32:KERNEL32.dll
 0001:00000080       __imp__TlsGetValue@4       10001080     kernel32:KERNEL32.dll
 0001:00000084       __imp__TlsSetValue@8       10001084     kernel32:KERNEL32.dll
 0001:00000088       __imp__TlsFree@4           10001088     kernel32:KERNEL32.dll
 0001:0000008c       __imp__InterlockedIncrement@4 1000108c     kernel32:KERNEL32.dll
 0001:00000090       __imp__InterlockedDecrement@4 10001090     kernel32:KERNEL32.dll
 0001:00000094       __imp__UnhandledExceptionFilter@4 10001094     kernel32:KERNEL32.dll
 0001:00000098       __imp__SetUnhandledExceptionFilter@4 10001098     kernel32:KERNEL32.dll
 0001:0000009c       __imp__IsDebuggerPresent@0 1000109c     kernel32:KERNEL32.dll
 0001:000000a0       __imp__TerminateProcess@8  100010a0     kernel32:KERNEL32.dll
 0001:000000a4       __imp__GetCurrentProcess@0 100010a4     kernel32:KERNEL32.dll
 0001:000000a8       __imp__Sleep@4             100010a8     kernel32:KERNEL32.dll
 0001:000000ac       __imp__ExitProcess@4       100010ac     kernel32:KERNEL32.dll
 0001:000000b0       __imp__HeapFree@12         100010b0     kernel32:KERNEL32.dll
 0001:000000b4       __imp__SetHandleCount@4    100010b4     kernel32:KERNEL32.dll
 0001:000000b8       __imp__GetStdHandle@4      100010b8     kernel32:KERNEL32.dll
 0001:000000bc       __imp__GetFileType@4       100010bc     kernel32:KERNEL32.dll
 0001:000000c0       __imp__GetStartupInfoW@4   100010c0     kernel32:KERNEL32.dll
 0001:000000c4       __imp__GetModuleFileNameA@12 100010c4     kernel32:KERNEL32.dll
 0001:000000c8       __imp__FreeEnvironmentStringsW@4 100010c8     kernel32:KERNEL32.dll
 0001:000000cc       __imp__WideCharToMultiByte@32 100010cc     kernel32:KERNEL32.dll
 0001:000000d0       __imp__GetEnvironmentStringsW@0 100010d0     kernel32:KERNEL32.dll
 0001:000000d4       __imp__HeapCreate@12       100010d4     kernel32:KERNEL32.dll
 0001:000000d8       __imp__HeapSize@12         100010d8     kernel32:KERNEL32.dll
 0001:000000dc       \177KERNEL32_NULL_THUNK_DATA 100010dc     kernel32:KERNEL32.dll
 0001:000000e0       __imp__lua_sethook         100010e0     lua5.1:lua5.1.dll
 0001:000000e4       __imp__lua_close           100010e4     lua5.1:lua5.1.dll
 0001:000000e8       __imp__luaL_newstate       100010e8     lua5.1:lua5.1.dll
 0001:000000ec       __imp__luaL_error          100010ec     lua5.1:lua5.1.dll
 0001:000000f0       \177lua5.1_NULL_THUNK_DATA 100010f0     lua5.1:lua5.1.dll
 0001:000000f4       __imp__LF_Open             100010f4     luafar3:luafar3.dll
 0001:000000f8       __imp__LF_ProcessSynchroEvent 100010f8     luafar3:luafar3.dll
 0001:000000fc       __imp__LF_GetPluginInfo    100010fc     luafar3:luafar3.dll
 0001:00000100       __imp__LF_RunDefaultScript 10001100     luafar3:luafar3.dll
 0001:00000104       __imp__LF_ExitFAR          10001104     luafar3:luafar3.dll
 0001:00000108       __imp__LF_InitLuaState1    10001108     luafar3:luafar3.dll
 0001:0000010c       __imp__LF_InitLuaState2    1000110c     luafar3:luafar3.dll
 0001:00000110       __imp__LF_ProcessEnvVars   10001110     luafar3:luafar3.dll
 0001:00000114       __imp__LF_MacroCallback    10001114     luafar3:luafar3.dll
 0001:00000118       __imp__LF_DlgProc          10001118     luafar3:luafar3.dll
 0001:0000011c       __imp__LF_ProcessEditorInput 1000111c     luafar3:luafar3.dll
 0001:00000120       __imp__LF_ProcessEditorEvent 10001120     luafar3:luafar3.dll
 0001:00000124       __imp__LF_ProcessViewerEvent 10001124     luafar3:luafar3.dll
 0001:00000128       __imp__LF_ProcessDialogEvent 10001128     luafar3:luafar3.dll
 0001:0000012c       __imp__LF_GetGlobalInfo    1000112c     luafar3:luafar3.dll
 0001:00000130       \177luafar3_NULL_THUNK_DATA 10001130     luafar3:luafar3.dll
 0001:00000134       ___xc_a                    10001134     LIBCMT:crt0init.obj
 0001:00000138       ___xc_z                    10001138     LIBCMT:crt0init.obj
 0001:0000013c       ___xi_a                    1000113c     LIBCMT:crt0init.obj
 0001:0000014c       ___xi_z                    1000114c     LIBCMT:crt0init.obj
 0001:00000150       ___xp_a                    10001150     LIBCMT:crt0init.obj
 0001:00000154       ___xp_z                    10001154     LIBCMT:crt0init.obj
 0001:00000158       ___xt_a                    10001158     LIBCMT:crt0init.obj
 0001:0000015c       ___xt_z                    1000115c     LIBCMT:crt0init.obj
 0001:00000928       ??_C@_0N@IHACIAEK@interrupted?$CB?$AA@ 10001928     luaplug.obj
 0001:00000938       ??_C@_1O@NKFKHEOM@?$AAL?$AAU?$AAA?$AAF?$AAA?$AAR?$AA?$AA@ 10001938     luaplug.obj
 0001:00000950       __imp__EncodePointer@4     10001950     vc_crt_fix.obj
 0001:00000954       __imp__DecodePointer@4     10001954     vc_crt_fix.obj
 0001:00000958       __imp__GetModuleHandleExW@12 10001958     vc_crt_fix.obj
 0001:0000095c       ??_C@_0O@NLDKAIKN@EncodePointer?$AA@ 1000195c     vc_crt_fix_impl.obj
 0001:0000096c       ??_C@_0O@KBPMFGHI@DecodePointer?$AA@ 1000196c     vc_crt_fix_impl.obj
 0001:0000097c       ??_C@_1BC@GDMECMAK@?$AAk?$AAe?$AAr?$AAn?$AAe?$AAl?$AA3?$AA2?$AA?$AA@ 1000197c     vc_crt_fix_impl.obj
 0001:00000990       ??_C@_0BD@GIGEJCNH@GetModuleHandleExW?$AA@ 10001990     vc_crt_fix_impl.obj
 0001:000009a4       __pDefaultRawDllMain       100019a4     LIBCMT:dllcrt0.obj
 0001:000009a4       __pRawDllMain              100019a4     LIBCMT:dllcrt0.obj
 0001:000009a8       ??_C@_1BK@DBDEIDLH@?$AAK?$AAE?$AAR?$AAN?$AAE?$AAL?$AA3?$AA2?$AA?4?$AAD?$AAL?$AAL?$AA?$AA@ 100019a8     LIBCMT:tidtable.obj
 0001:000009c4       ??_C@_07PEJMOBNF@FlsFree?$AA@ 100019c4     LIBCMT:tidtable.obj
 0001:000009cc       ??_C@_0M@JCPCPOEF@FlsSetValue?$AA@ 100019cc     LIBCMT:tidtable.obj
 0001:000009d8       ??_C@_0M@GDNOONDI@FlsGetValue?$AA@ 100019d8     LIBCMT:tidtable.obj
 0001:000009e4       ??_C@_08KNHFBNJ@FlsAlloc?$AA@ 100019e4     LIBCMT:tidtable.obj
 0001:000009f0       __XcptActTab               100019f0     LIBCMT:winxfltr.obj
 0001:00000a80       __First_FPE_Indx           10001a80     LIBCMT:winxfltr.obj
 0001:00000a84       __Num_FPE                  10001a84     LIBCMT:winxfltr.obj
 0001:00000a88       __XcptActTabSize           10001a88     LIBCMT:winxfltr.obj
 0001:00000a8c       __XcptActTabCount          10001a8c     LIBCMT:winxfltr.obj
 0001:00000a90       ??_C@_0P@MIGLKIOC@CorExitProcess?$AA@ 10001a90     LIBCMT:crt0dat.obj
 0001:00000aa0       ??_C@_1BI@BGOHAHKC@?$AAm?$AAs?$AAc?$AAo?$AAr?$AAe?$AAe?$AA?4?$AAd?$AAl?$AAl?$AA?$AA@ 10001aa0     LIBCMT:crt0dat.obj
 0001:00000ab8       ??_C@_1BO@BKOMIGKJ@?$AAr?$AAu?$AAn?$AAt?$AAi?$AAm?$AAe?$AA?5?$AAe?$AAr?$AAr?$AAo?$AAr?$AA?5?$AA?$AA@ 10001ab8     LIBCMT:crt0msg.obj
 0001:00000ad8       ??_C@_15JNBOKNOG@?$AA?$AN?$AA?6?$AA?$AA@ 10001ad8     LIBCMT:crt0msg.obj
 0001:00000ae0       ??_C@_1BM@JBBEPPHI@?$AAT?$AAL?$AAO?$AAS?$AAS?$AA?5?$AAe?$AAr?$AAr?$AAo?$AAr?$AA?$AN?$AA?6?$AA?$AA@ 10001ae0     LIBCMT:crt0msg.obj
 0001:00000afc       ??_C@_1BK@KMOMNAAI@?$AAS?$AAI?$AAN?$AAG?$AA?5?$AAe?$AAr?$AAr?$AAo?$AAr?$AA?$AN?$AA?6?$AA?$AA@ 10001afc     LIBCMT:crt0msg.obj
 0001:00000b18       ??_C@_1BO@BFCDCGC@?$AAD?$AAO?$AAM?$AAA?$AAI?$AAN?$AA?5?$AAe?$AAr?$AAr?$AAo?$AAr?$AA?$AN?$AA?6?$AA?$AA@ 10001b18     LIBCMT:crt0msg.obj
 0001:00000b38       ??_C@_1BOO@KGEDBGAJ@?$AAR?$AA6?$AA0?$AA3?$AA3?$AA?$AN?$AA?6?$AA?9?$AA?5?$AAA?$AAt?$AAt?$AAe?$AAm?$AAp?$AAt?$AA?5?$AAt?$AAo?$AA?5?$AAu?$AAs?$AAe?$AA?5?$AAM?$AAS?$AAI?$AAL?$AA?5?$AAc?$AAo?$AAd@ 10001b38     LIBCMT:crt0msg.obj
 0001:00000d28       ??_C@_1GG@GOPILAJP@?$AAR?$AA6?$AA0?$AA3?$AA2?$AA?$AN?$AA?6?$AA?9?$AA?5?$AAn?$AAo?$AAt?$AA?5?$AAe?$AAn?$AAo?$AAu?$AAg?$AAh?$AA?5?$AAs?$AAp?$AAa?$AAc?$AAe?$AA?5?$AAf?$AAo?$AAr?$AA?5?$AAl?$AAo@ 10001d28     LIBCMT:crt0msg.obj
 0001:00000d90       ??_C@_1MG@ENCOOIDF@?$AAR?$AA6?$AA0?$AA3?$AA1?$AA?$AN?$AA?6?$AA?9?$AA?5?$AAA?$AAt?$AAt?$AAe?$AAm?$AAp?$AAt?$AA?5?$AAt?$AAo?$AA?5?$AAi?$AAn?$AAi?$AAt?$AAi?$AAa?$AAl?$AAi?$AAz?$AAe?$AA?5?$AAt@ 10001d90     LIBCMT:crt0msg.obj
 0001:00000e58       ??_C@_1DO@BMFCDCD@?$AAR?$AA6?$AA0?$AA3?$AA0?$AA?$AN?$AA?6?$AA?9?$AA?5?$AAC?$AAR?$AAT?$AA?5?$AAn?$AAo?$AAt?$AA?5?$AAi?$AAn?$AAi?$AAt?$AAi?$AAa?$AAl?$AAi?$AAz?$AAe?$AAd?$AA?$AN?$AA?6?$AA?$AA@ 10001e58     LIBCMT:crt0msg.obj
 0001:00000e98       ??_C@_1EK@HHFLMAOL@?$AAR?$AA6?$AA0?$AA2?$AA8?$AA?$AN?$AA?6?$AA?9?$AA?5?$AAu?$AAn?$AAa?$AAb?$AAl?$AAe?$AA?5?$AAt?$AAo?$AA?5?$AAi?$AAn?$AAi?$AAt?$AAi?$AAa?$AAl?$AAi?$AAz?$AAe?$AA?5?$AAh?$AAe@ 10001e98     LIBCMT:crt0msg.obj
 0001:00000ee8       ??_C@_1GK@MFGOKLAG@?$AAR?$AA6?$AA0?$AA2?$AA7?$AA?$AN?$AA?6?$AA?9?$AA?5?$AAn?$AAo?$AAt?$AA?5?$AAe?$AAn?$AAo?$AAu?$AAg?$AAh?$AA?5?$AAs?$AAp?$AAa?$AAc?$AAe?$AA?5?$AAf?$AAo?$AAr?$AA?5?$AAl?$AAo@ 10001ee8     LIBCMT:crt0msg.obj
 0001:00000f58       ??_C@_1GK@MCAAGJMO@?$AAR?$AA6?$AA0?$AA2?$AA6?$AA?$AN?$AA?6?$AA?9?$AA?5?$AAn?$AAo?$AAt?$AA?5?$AAe?$AAn?$AAo?$AAu?$AAg?$AAh?$AA?5?$AAs?$AAp?$AAa?$AAc?$AAe?$AA?5?$AAf?$AAo?$AAr?$AA?5?$AAs?$AAt@ 10001f58     LIBCMT:crt0msg.obj
 0001:00000fc8       ??_C@_1EM@MAADIHMB@?$AAR?$AA6?$AA0?$AA2?$AA5?$AA?$AN?$AA?6?$AA?9?$AA?5?$AAp?$AAu?$AAr?$AAe?$AA?5?$AAv?$AAi?$AAr?$AAt?$AAu?$AAa?$AAl?$AA?5?$AAf?$AAu?$AAn?$AAc?$AAt?$AAi?$AAo?$AAn?$AA?5?$AAc@ 10001fc8     LIBCMT:crt0msg.obj
 0001:00001018       ??_C@_1GK@FHCKBEFA@?$AAR?$AA6?$AA0?$AA2?$AA4?$AA?$AN?$AA?6?$AA?9?$AA?5?$AAn?$AAo?$AAt?$AA?5?$AAe?$AAn?$AAo?$AAu?$AAg?$AAh?$AA?5?$AAs?$AAp?$AAa?$AAc?$AAe?$AA?5?$AAf?$AAo?$AAr?$AA?5?$AA_?$AAo@ 10002018     LIBCMT:crt0msg.obj
 0001:00001088       ??_C@_1FC@ECHBIFBC@?$AAR?$AA6?$AA0?$AA1?$AA9?$AA?$AN?$AA?6?$AA?9?$AA?5?$AAu?$AAn?$AAa?$AAb?$AAl?$AAe?$AA?5?$AAt?$AAo?$AA?5?$AAo?$AAp?$AAe?$AAn?$AA?5?$AAc?$AAo?$AAn?$AAs?$AAo?$AAl?$AAe?$AA?5@ 10002088     LIBCMT:crt0msg.obj
 0001:000010e0       ??_C@_1EC@JIBHAOPH@?$AAR?$AA6?$AA0?$AA1?$AA8?$AA?$AN?$AA?6?$AA?9?$AA?5?$AAu?$AAn?$AAe?$AAx?$AAp?$AAe?$AAc?$AAt?$AAe?$AAd?$AA?5?$AAh?$AAe?$AAa?$AAp?$AA?5?$AAe?$AAr?$AAr?$AAo?$AAr?$AA?$AN?$AA?6@ 100020e0     LIBCMT:crt0msg.obj
 0001:00001128       ??_C@_1FK@BEOGODMC@?$AAR?$AA6?$AA0?$AA1?$AA7?$AA?$AN?$AA?6?$AA?9?$AA?5?$AAu?$AAn?$AAe?$AAx?$AAp?$AAe?$AAc?$AAt?$AAe?$AAd?$AA?5?$AAm?$AAu?$AAl?$AAt?$AAi?$AAt?$AAh?$AAr?$AAe?$AAa?$AAd?$AA?5@ 10002128     LIBCMT:crt0msg.obj
 0001:00001188       ??_C@_1FI@LOGNIKDM@?$AAR?$AA6?$AA0?$AA1?$AA6?$AA?$AN?$AA?6?$AA?9?$AA?5?$AAn?$AAo?$AAt?$AA?5?$AAe?$AAn?$AAo?$AAu?$AAg?$AAh?$AA?5?$AAs?$AAp?$AAa?$AAc?$AAe?$AA?5?$AAf?$AAo?$AAr?$AA?5?$AAt?$AAh@ 10002188     LIBCMT:crt0msg.obj
 0001:000011e0       ??_C@_1EG@BEHAGFJD@?$AAR?$AA6?$AA0?$AA1?$AA0?$AA?$AN?$AA?6?$AA?9?$AA?5?$AAa?$AAb?$AAo?$AAr?$AAt?$AA?$CI?$AA?$CJ?$AA?5?$AAh?$AAa?$AAs?$AA?5?$AAb?$AAe?$AAe?$AAn?$AA?5?$AAc?$AAa?$AAl?$AAl?$AAe?$AAd@ 100021e0     LIBCMT:crt0msg.obj
 0001:00001228       ??_C@_1FI@HONFMGBI@?$AAR?$AA6?$AA0?$AA0?$AA9?$AA?$AN?$AA?6?$AA?9?$AA?5?$AAn?$AAo?$AAt?$AA?5?$AAe?$AAn?$AAo?$AAu?$AAg?$AAh?$AA?5?$AAs?$AAp?$AAa?$AAc?$AAe?$AA?5?$AAf?$AAo?$AAr?$AA?5?$AAe?$AAn@ 10002228     LIBCMT:crt0msg.obj
 0001:00001280       ??_C@_1FE@LLNEDJMD@?$AAR?$AA6?$AA0?$AA0?$AA8?$AA?$AN?$AA?6?$AA?9?$AA?5?$AAn?$AAo?$AAt?$AA?5?$AAe?$AAn?$AAo?$AAu?$AAg?$AAh?$AA?5?$AAs?$AAp?$AAa?$AAc?$AAe?$AA?5?$AAf?$AAo?$AAr?$AA?5?$AAa?$AAr@ 10002280     LIBCMT:crt0msg.obj
 0001:000012d8       ??_C@_1FK@PGACCAFB@?$AAR?$AA6?$AA0?$AA0?$AA2?$AA?$AN?$AA?6?$AA?9?$AA?5?$AAf?$AAl?$AAo?$AAa?$AAt?$AAi?$AAn?$AAg?$AA?5?$AAp?$AAo?$AAi?$AAn?$AAt?$AA?5?$AAs?$AAu?$AAp?$AAp?$AAo?$AAr?$AAt?$AA?5@ 100022d8     LIBCMT:crt0msg.obj
 0001:000013e8       ??_C@_1EK@MBDPDCGA@?$AAM?$AAi?$AAc?$AAr?$AAo?$AAs?$AAo?$AAf?$AAt?$AA?5?$AAV?$AAi?$AAs?$AAu?$AAa?$AAl?$AA?5?$AAC?$AA?$CL?$AA?$CL?$AA?5?$AAR?$AAu?$AAn?$AAt?$AAi?$AAm?$AAe?$AA?5?$AAL?$AAi?$AAb@ 100023e8     LIBCMT:crt0msg.obj
 0001:00001434       ??_C@_15IABLJNFO@?$AA?6?$AA?6?$AA?$AA@ 10002434     LIBCMT:crt0msg.obj
 0001:0000143c       ??_C@_17LGKOMLJ@?$AA?4?$AA?4?$AA?4?$AA?$AA@ 1000243c     LIBCMT:crt0msg.obj
 0001:00001444       ??_C@_1CO@EAEJAADC@?$AA?$DM?$AAp?$AAr?$AAo?$AAg?$AAr?$AAa?$AAm?$AA?5?$AAn?$AAa?$AAm?$AAe?$AA?5?$AAu?$AAn?$AAk?$AAn?$AAo?$AAw?$AAn?$AA?$DO?$AA?$AA@ 10002444     LIBCMT:crt0msg.obj
 0001:00001474       ??_C@_1DE@JNGNBFGO@?$AAR?$AAu?$AAn?$AAt?$AAi?$AAm?$AAe?$AA?5?$AAE?$AAr?$AAr?$AAo?$AAr?$AA?$CB?$AA?6?$AA?6?$AAP?$AAr?$AAo?$AAg?$AAr?$AAa?$AAm?$AA?3?$AA?5?$AA?$AA@ 10002474     LIBCMT:crt0msg.obj
 0001:000014a8       ??_C@_1BC@GDGBMEMK@?$AAH?$AAH?$AA?3?$AAm?$AAm?$AA?3?$AAs?$AAs?$AA?$AA@ 100024a8     LIBCMT:nlsdata2.obj
 0001:000014bc       ??_C@_1CI@KNAKOEBC@?$AAd?$AAd?$AAd?$AAd?$AA?0?$AA?5?$AAM?$AAM?$AAM?$AAM?$AA?5?$AAd?$AAd?$AA?0?$AA?5?$AAy?$AAy?$AAy?$AAy?$AA?$AA@ 100024bc     LIBCMT:nlsdata2.obj
 0001:000014e4       ??_C@_1BC@IEBCMHCM@?$AAM?$AAM?$AA?1?$AAd?$AAd?$AA?1?$AAy?$AAy?$AA?$AA@ 100024e4     LIBCMT:nlsdata2.obj
 0001:000014f8       ??_C@_15CLMNNGEL@?$AAP?$AAM?$AA?$AA@ 100024f8     LIBCMT:nlsdata2.obj
 0001:00001500       ??_C@_15ODEHAHHF@?$AAA?$AAM?$AA?$AA@ 10002500     LIBCMT:nlsdata2.obj
 0001:00001508       ??_C@_1BC@FEMKIFH@?$AAD?$AAe?$AAc?$AAe?$AAm?$AAb?$AAe?$AAr?$AA?$AA@ 10002508     LIBCMT:nlsdata2.obj
 0001:0000151c       ??_C@_1BC@BGLIFPF@?$AAN?$AAo?$AAv?$AAe?$AAm?$AAb?$AAe?$AAr?$AA?$AA@ 1000251c     LIBCMT:nlsdata2.obj
 0001:00001530       ??_C@_1BA@EPANDLNG@?$AAO?$AAc?$AAt?$AAo?$AAb?$AAe?$AAr?$AA?$AA@ 10002530     LIBCMT:nlsdata2.obj
 0001:00001540       ??_C@_1BE@DKAAMBJL@?$AAS?$AAe?$AAp?$AAt?$AAe?$AAm?$AAb?$AAe?$AAr?$AA?$AA@ 10002540     LIBCMT:nlsdata2.obj
 0001:00001554       ??_C@_1O@PAHLKOAC@?$AAA?$AAu?$AAg?$AAu?$AAs?$AAt?$AA?$AA@ 10002554     LIBCMT:nlsdata2.obj
 0001:00001564       ??_C@_19BIFMLPCD@?$AAJ?$AAu?$AAl?$AAy?$AA?$AA@ 10002564     LIBCMT:nlsdata2.obj
 0001:00001570       ??_C@_19EPFLPGAP@?$AAJ?$AAu?$AAn?$AAe?$AA?$AA@ 10002570     LIBCMT:nlsdata2.obj
 0001:0000157c       ??_C@_1M@GJNLMHFD@?$AAA?$AAp?$AAr?$AAi?$AAl?$AA?$AA@ 1000257c     LIBCMT:nlsdata2.obj
 0001:00001588       ??_C@_1M@IKEENEDF@?$AAM?$AAa?$AAr?$AAc?$AAh?$AA?$AA@ 10002588     LIBCMT:nlsdata2.obj
 0001:00001594       ??_C@_1BC@JGDDFFAM@?$AAF?$AAe?$AAb?$AAr?$AAu?$AAa?$AAr?$AAy?$AA?$AA@ 10002594     LIBCMT:nlsdata2.obj
 0001:000015a8       ??_C@_1BA@EFMEIEBA@?$AAJ?$AAa?$AAn?$AAu?$AAa?$AAr?$AAy?$AA?$AA@ 100025a8     LIBCMT:nlsdata2.obj
 0001:000015b8       ??_C@_17EGKACKIF@?$AAD?$AAe?$AAc?$AA?$AA@ 100025b8     LIBCMT:nlsdata2.obj
 0001:000015c0       ??_C@_17BBDMLCIG@?$AAN?$AAo?$AAv?$AA?$AA@ 100025c0     LIBCMT:nlsdata2.obj
 0001:000015c8       ??_C@_17FNLKOI@?$AAO?$AAc?$AAt?$AA?$AA@ 100025c8     LIBCMT:nlsdata2.obj
 0001:000015d0       ??_C@_17HCHCOKMG@?$AAS?$AAe?$AAp?$AA?$AA@ 100025d0     LIBCMT:nlsdata2.obj
 0001:000015d8       ??_C@_17ICPELBCN@?$AAA?$AAu?$AAg?$AA?$AA@ 100025d8     LIBCMT:nlsdata2.obj
 0001:000015e0       ??_C@_17IJPCKHK@?$AAJ?$AAu?$AAl?$AA?$AA@ 100025e0     LIBCMT:nlsdata2.obj
 0001:000015e8       ??_C@_17KCJGOCPB@?$AAJ?$AAu?$AAn?$AA?$AA@ 100025e8     LIBCMT:nlsdata2.obj
 0001:000015f0       ??_C@_17PNNKMEED@?$AAM?$AAa?$AAy?$AA?$AA@ 100025f0     LIBCMT:nlsdata2.obj
 0001:000015f8       ??_C@_17LFPOIHDD@?$AAA?$AAp?$AAr?$AA?$AA@ 100025f8     LIBCMT:nlsdata2.obj
 0001:00001600       ??_C@_17CKNLEDEC@?$AAM?$AAa?$AAr?$AA?$AA@ 10002600     LIBCMT:nlsdata2.obj
 0001:00001608       ??_C@_17LMDJEKJN@?$AAF?$AAe?$AAb?$AA?$AA@ 10002608     LIBCMT:nlsdata2.obj
 0001:00001610       ??_C@_17DKNBKCHM@?$AAJ?$AAa?$AAn?$AA?$AA@ 10002610     LIBCMT:nlsdata2.obj
 0001:00001618       ??_C@_1BC@ENMNNPAJ@?$AAS?$AAa?$AAt?$AAu?$AAr?$AAd?$AAa?$AAy?$AA?$AA@ 10002618     LIBCMT:nlsdata2.obj
 0001:0000162c       ??_C@_1O@PDICJHAG@?$AAF?$AAr?$AAi?$AAd?$AAa?$AAy?$AA?$AA@ 1000262c     LIBCMT:nlsdata2.obj
 0001:0000163c       ??_C@_1BC@HHMNLIHE@?$AAT?$AAh?$AAu?$AAr?$AAs?$AAd?$AAa?$AAy?$AA?$AA@ 1000263c     LIBCMT:nlsdata2.obj
 0001:00001650       ??_C@_1BE@EBOGMDOH@?$AAW?$AAe?$AAd?$AAn?$AAe?$AAs?$AAd?$AAa?$AAy?$AA?$AA@ 10002650     LIBCMT:nlsdata2.obj
 0001:00001664       ??_C@_1BA@ENFBFFEK@?$AAT?$AAu?$AAe?$AAs?$AAd?$AAa?$AAy?$AA?$AA@ 10002664     LIBCMT:nlsdata2.obj
 0001:00001674       ??_C@_1O@MMNBFLIA@?$AAM?$AAo?$AAn?$AAd?$AAa?$AAy?$AA?$AA@ 10002674     LIBCMT:nlsdata2.obj
 0001:00001684       ??_C@_1O@IHNHDHPB@?$AAS?$AAu?$AAn?$AAd?$AAa?$AAy?$AA?$AA@ 10002684     LIBCMT:nlsdata2.obj
 0001:00001694       ??_C@_17GGIBDPIH@?$AAS?$AAa?$AAt?$AA?$AA@ 10002694     LIBCMT:nlsdata2.obj
 0001:0000169c       ??_C@_17HFOLPPLP@?$AAF?$AAr?$AAi?$AA?$AA@ 1000269c     LIBCMT:nlsdata2.obj
 0001:000016a4       ??_C@_17PDPHAADD@?$AAT?$AAh?$AAu?$AA?$AA@ 100026a4     LIBCMT:nlsdata2.obj
 0001:000016ac       ??_C@_17CJEDCEPE@?$AAW?$AAe?$AAd?$AA?$AA@ 100026ac     LIBCMT:nlsdata2.obj
 0001:000016b4       ??_C@_17BMKGEGOJ@?$AAT?$AAu?$AAe?$AA?$AA@ 100026b4     LIBCMT:nlsdata2.obj
 0001:000016bc       ??_C@_17KBOMKBF@?$AAM?$AAo?$AAn?$AA?$AA@ 100026bc     LIBCMT:nlsdata2.obj
 0001:000016c4       ??_C@_17MBGCMIPB@?$AAS?$AAu?$AAn?$AA?$AA@ 100026c4     LIBCMT:nlsdata2.obj
 0001:000016cc       ??_C@_08JCCMCCIL@HH?3mm?3ss?$AA@ 100026cc     LIBCMT:nlsdata2.obj
 0001:000016d8       ??_C@_0BE@CKGJFCPC@dddd?0?5MMMM?5dd?0?5yyyy?$AA@ 100026d8     LIBCMT:nlsdata2.obj
 0001:000016ec       ??_C@_08BPBNCDIB@MM?1dd?1yy?$AA@ 100026ec     LIBCMT:nlsdata2.obj
 0001:000016f8       ??_C@_02CJNFDJBF@PM?$AA@   100026f8     LIBCMT:nlsdata2.obj
 0001:000016fc       ??_C@_02DEDBPAFC@AM?$AA@   100026fc     LIBCMT:nlsdata2.obj
 0001:00001700       ??_C@_08EDHMEBNP@December?$AA@ 10002700     LIBCMT:nlsdata2.obj
 0001:0000170c       ??_C@_08HCHEGEOA@November?$AA@ 1000270c     LIBCMT:nlsdata2.obj
 0001:00001718       ??_C@_07JJNFCEND@October?$AA@ 10002718     LIBCMT:nlsdata2.obj
 0001:00001720       ??_C@_09BHHEALKD@September?$AA@ 10002720     LIBCMT:nlsdata2.obj
 0001:0000172c       ??_C@_06LBBHFDDG@August?$AA@ 1000272c     LIBCMT:nlsdata2.obj
 0001:00001734       ??_C@_04MIEPOIFP@July?$AA@ 10002734     LIBCMT:nlsdata2.obj
 0001:0000173c       ??_C@_04CNLMGBGM@June?$AA@ 1000273c     LIBCMT:nlsdata2.obj
 0001:00001744       ??_C@_05DMJDNLEJ@April?$AA@ 10002744     LIBCMT:nlsdata2.obj
 0001:0000174c       ??_C@_05HPCKOFNC@March?$AA@ 1000274c     LIBCMT:nlsdata2.obj
 0001:00001754       ??_C@_08GNJGEPFN@February?$AA@ 10002754     LIBCMT:nlsdata2.obj
 0001:00001760       ??_C@_07CGJPFGJA@January?$AA@ 10002760     LIBCMT:nlsdata2.obj
 0001:00001768       ??_C@_03MKABNOCG@Dec?$AA@  10002768     LIBCMT:nlsdata2.obj
 0001:0000176c       ??_C@_03JPJOFNIA@Nov?$AA@  1000276c     LIBCMT:nlsdata2.obj
 0001:00001770       ??_C@_03BMAOKBAD@Oct?$AA@  10002770     LIBCMT:nlsdata2.obj
 0001:00001774       ??_C@_03GGCAPAJC@Sep?$AA@  10002774     LIBCMT:nlsdata2.obj
 0001:00001778       ??_C@_03IFJFEIGA@Aug?$AA@  10002778     LIBCMT:nlsdata2.obj
 0001:0000177c       ??_C@_03LBGABGKK@Jul?$AA@  1000277c     LIBCMT:nlsdata2.obj
 0001:00001780       ??_C@_03IDFGHECI@Jun?$AA@  10002780     LIBCMT:nlsdata2.obj
 0001:00001784       ??_C@_03CNMDKL@May?$AA@    10002784     LIBCMT:nlsdata2.obj
 0001:00001788       ??_C@_03LEOLGMJP@Apr?$AA@  10002788     LIBCMT:nlsdata2.obj
 0001:0000178c       ??_C@_03ODNJBKGA@Mar?$AA@  1000278c     LIBCMT:nlsdata2.obj
 0001:00001790       ??_C@_03HJBDCHOM@Feb?$AA@  10002790     LIBCMT:nlsdata2.obj
 0001:00001794       ??_C@_03JIHJHPIE@Jan?$AA@  10002794     LIBCMT:nlsdata2.obj
 0001:00001798       ??_C@_08INBOOONO@Saturday?$AA@ 10002798     LIBCMT:nlsdata2.obj
 0001:000017a4       ??_C@_06JECMNKMI@Friday?$AA@ 100027a4     LIBCMT:nlsdata2.obj
 0001:000017ac       ??_C@_08HACCIKIA@Thursday?$AA@ 100027ac     LIBCMT:nlsdata2.obj
 0001:000017b8       ??_C@_09DLIGFAKA@Wednesday?$AA@ 100027b8     LIBCMT:nlsdata2.obj
 0001:000017c4       ??_C@_07BAAGCFCM@Tuesday?$AA@ 100027c4     LIBCMT:nlsdata2.obj
 0001:000017cc       ??_C@_06JLEDEDGH@Monday?$AA@ 100027cc     LIBCMT:nlsdata2.obj
 0001:000017d4       ??_C@_06OOPIFAJ@Sunday?$AA@ 100027d4     LIBCMT:nlsdata2.obj
 0001:000017dc       ??_C@_03FEFJNEK@Sat?$AA@   100027dc     LIBCMT:nlsdata2.obj
 0001:000017e0       ??_C@_03IDIOELNC@Fri?$AA@  100027e0     LIBCMT:nlsdata2.obj
 0001:000017e4       ??_C@_03IOFIKPDN@Thu?$AA@  100027e4     LIBCMT:nlsdata2.obj
 0001:000017e8       ??_C@_03MHOMLAJA@Wed?$AA@  100027e8     LIBCMT:nlsdata2.obj
 0001:000017ec       ??_C@_03NAGEINEP@Tue?$AA@  100027ec     LIBCMT:nlsdata2.obj
 0001:000017f0       ??_C@_03PDAGKDH@Mon?$AA@   100027f0     LIBCMT:nlsdata2.obj
 0001:000017f4       ??_C@_03KOEHGMDN@Sun?$AA@  100027f4     LIBCMT:nlsdata2.obj
 0001:000017f8       ??_C@_0BI@DFKBFLJE@GetProcessWindowStation?$AA@ 100027f8     LIBCMT:crtmboxw.obj
 0001:00001810       ??_C@_0BK@DEKFELLI@GetUserObjectInformationW?$AA@ 10002810     LIBCMT:crtmboxw.obj
 0001:0000182c       ??_C@_0BD@HHGDFDBJ@GetLastActivePopup?$AA@ 1000282c     LIBCMT:crtmboxw.obj
 0001:00001840       ??_C@_0BA@HNOPNCHB@GetActiveWindow?$AA@ 10002840     LIBCMT:crtmboxw.obj
 0001:00001850       ??_C@_0M@DLDCCGNP@MessageBoxW?$AA@ 10002850     LIBCMT:crtmboxw.obj
 0001:0000185c       ??_C@_1BG@GOEBHBDC@?$AAU?$AAS?$AAE?$AAR?$AA3?$AA2?$AA?4?$AAD?$AAL?$AAL?$AA?$AA@ 1000285c     LIBCMT:crtmboxw.obj
 0001:00001878       ___newctype                10002878     LIBCMT:ctype.obj
 0001:00001b78       __wctype                   10002b78     LIBCMT:ctype.obj
 0001:00001d80       ___newclmap                10002d80     LIBCMT:ctype.obj
 0001:00001f00       ___newcumap                10002f00     LIBCMT:ctype.obj
 0001:00002088       __load_config_used         10003088     LIBCMT:loadcfg.obj
 0001:000020d0       ___safe_se_handler_table   100030d0     <linker-defined>
 0001:000020dc       ___rtc_iaa                 100030dc     LIBCMT:_initsect_.obj
 0001:000020e0       ___rtc_izz                 100030e0     LIBCMT:_initsect_.obj
 0001:000020e4       ___rtc_taa                 100030e4     LIBCMT:_initsect_.obj
 0001:000020e8       ___rtc_tzz                 100030e8     LIBCMT:_initsect_.obj
 0001:000020f0       __chkstk                   100030f0 f   chkstk.obj
 0001:000020f0       __alloca_probe             100030f0     chkstk.obj
 0001:00002120       _DlgProc@16                10003120 f   luaplug.obj
 0001:00002150       _MacroCallback@12          10003150 f   luaplug.obj
 0001:000021e0       _DllMain@12                100031e0 f   luaplug.obj
 0001:00002290       _luaopen_luaplug           10003290 f   luaplug.obj
 0001:000022d0       _GetLuaState               100032d0 f   luaplug.obj
 0001:000022e0       _GetGlobalInfoW@4          100032e0 f   luaplug.obj
 0001:00002370       _SetStartupInfoW@4         10003370 f   luaplug.obj
 0001:00002420       _GetPluginInfoW@4          10003420 f   luaplug.obj
 0001:00002440       _ProcessSynchroEventW@4    10003440 f   luaplug.obj
 0001:00002460       _GetMinFarVersionW@0       10003460 f   luaplug.obj
 0001:00002470       _OpenW@4                   10003470 f   luaplug.obj
 0001:000024c0       _ExitFARW@4                100034c0 f   luaplug.obj
 0001:00002500       _ProcessEditorInputW@4     10003500 f   luaplug.obj
 0001:00002520       _ProcessEditorEventW@4     10003520 f   luaplug.obj
 0001:00002540       _ProcessViewerEventW@4     10003540 f   luaplug.obj
 0001:00002560       _ProcessDialogEventW@4     10003560 f   luaplug.obj
 0001:00002600       _GetModuleHandleExWWrapper@12 10003600 f   vc_crt_fix_impl.obj
 0001:00002750       _EncodePointerWrapper@4    10003750 f   vc_crt_fix_impl.obj
 0001:00002760       _DecodePointerWrapper@4    10003760 f   vc_crt_fix_impl.obj
 0001:00002766       _luaL_error                10003766 f   lua5.1:lua5.1.dll
 0001:0000276c       _lua_sethook               1000376c f   lua5.1:lua5.1.dll
 0001:00002772       _lua_close                 10003772 f   lua5.1:lua5.1.dll
 0001:00002778       _luaL_newstate             10003778 f   lua5.1:lua5.1.dll
 0001:0000277e       __initp_misc_winsig        1000377e f   LIBCMT:winsig.obj
 0001:0000286f       ___get_sigabrt             1000386f f   LIBCMT:winsig.obj
 0001:0000287c       _signal                    1000387c f   LIBCMT:winsig.obj
 0001:00002abc       _raise                     10003abc f   LIBCMT:winsig.obj
 0001:00002c5f       _wcsrchr                   10003c5f f   LIBCMT:wcsrchr.obj
 0001:00002c8d       __CRT_INIT@12              10003c8d f   LIBCMT:dllcrt0.obj
 0001:00002ee7       __DllMainCRTStartup@12     10003ee7 f   LIBCMT:dllcrt0.obj
 0001:00002f0a       __mtinitlocks              10003f0a f   LIBCMT:mlock.obj
 0001:00002f54       __mtdeletelocks            10003f54 f   LIBCMT:mlock.obj
 0001:00002fab       __unlock                   10003fab f   LIBCMT:mlock.obj
 0001:00002fc2       __mtinitlocknum            10003fc2 f   LIBCMT:mlock.obj
 0001:00003084       __lock                     10004084 f   LIBCMT:mlock.obj
 0001:000030b7       __encoded_null             100040b7 f   LIBCMT:tidtable.obj
 0001:000030c0       ___crtTlsAlloc@4           100040c0 f   LIBCMT:tidtable.obj
 0001:000030c9       ___set_flsgetvalue         100040c9 f   LIBCMT:tidtable.obj
 0001:000030fd       __mtterm                   100040fd f   LIBCMT:tidtable.obj
 0001:0000313a       __initptd                  1000413a f   LIBCMT:tidtable.obj
 0001:000031ee       __getptd_noexit            100041ee f   LIBCMT:tidtable.obj
 0001:00003267       __getptd                   10004267 f   LIBCMT:tidtable.obj
 0001:00003281       __freefls@4                10004281 f   LIBCMT:tidtable.obj
 0001:000033b0       __freeptd                  100043b0 f   LIBCMT:tidtable.obj
 0001:0000341e       __mtinit                   1000441e f   LIBCMT:tidtable.obj
 0001:000035a0       __SEH_prolog4              100045a0 f   LIBCMT:sehprolg4.obj
 0001:000035e5       __SEH_epilog4              100045e5 f   LIBCMT:sehprolg4.obj
 0001:00003600       __except_handler4          10004600 f   LIBCMT:chandler4.obj
 0001:0000378f       __XcptFilter               1000478f f   LIBCMT:winxfltr.obj
 0001:000038d9       ___CppXcptFilter           100048d9 f   LIBCMT:winxfltr.obj
 0001:000038f9       __initp_misc_invarg        100048f9 f   LIBCMT:invarg.obj
 0001:00003908       __call_reportfault         10004908 f   LIBCMT:invarg.obj
 0001:00003a31       __invoke_watson            10004a31 f   LIBCMT:invarg.obj
 0001:00003a56       __invalid_parameter        10004a56 f   LIBCMT:invarg.obj
 0001:00003a83       __invalid_parameter_noinfo 10004a83 f   LIBCMT:invarg.obj
 0001:00003a93       __get_errno_from_oserr     10004a93 f   LIBCMT:dosmap.obj
 0001:00003ad5       __errno                    10004ad5 f   LIBCMT:dosmap.obj
 0001:00003ae8       ___doserrno                10004ae8 f   LIBCMT:dosmap.obj
 0001:00003b00       _memcpy                    10004b00 f   LIBCMT:memcpy.obj
 0001:00003e61       __malloc_crt               10004e61 f   LIBCMT:crtheap.obj
 0001:00003ea6       __calloc_crt               10004ea6 f   LIBCMT:crtheap.obj
 0001:00003ef2       __realloc_crt              10004ef2 f   LIBCMT:crtheap.obj
 0001:00003f40       ___crtCorExitProcess       10004f40 f   LIBCMT:crt0dat.obj
 0001:00003f6b       ___crtExitProcess          10004f6b f   LIBCMT:crt0dat.obj
 0001:00003f83       __lockexit                 10004f83 f   LIBCMT:crt0dat.obj
 0001:00003f8c       __unlockexit               10004f8c f   LIBCMT:crt0dat.obj
 0001:00003f95       __init_pointers            10004f95 f   LIBCMT:crt0dat.obj
 0001:00003fc8       __initterm_e               10004fc8 f   LIBCMT:crt0dat.obj
 0001:00003fec       __cinit                    10004fec f   LIBCMT:crt0dat.obj
 0001:000041c3       __exit                     100051c3 f   LIBCMT:crt0dat.obj
 0001:000041d9       __cexit                    100051d9 f   LIBCMT:crt0dat.obj
 0001:000041e8       __amsg_exit                100051e8 f   LIBCMT:crt0dat.obj
 0001:00004206       _free                      10005206 f   LIBCMT:free.obj
 0001:00004240       __ioinit                   10005240 f   LIBCMT:ioinit.obj
 0001:00004485       __ioterm                   10005485 f   LIBCMT:ioinit.obj
 0001:000044d8       __setenvp                  100054d8 f   LIBCMT:stdenvp.obj
 0001:0000474e       __setargv                  1000574e f   LIBCMT:stdargv.obj
 0001:00004809       ___crtGetEnvironmentStringsA 10005809 f   LIBCMT:a_env.obj
 0001:000048a0       __RTC_Initialize           100058a0 f   LIBCMT:_initsect_.obj
 0001:000048c6       __RTC_Terminate            100058c6 f   LIBCMT:_initsect_.obj
 0001:000048ec       __heap_init                100058ec f   LIBCMT:heapinit.obj
 0001:0000490a       __heap_term                1000590a f   LIBCMT:heapinit.obj
 0001:0000491e       ___security_init_cookie    1000591e f   LIBCMT:gs_support.obj
 0001:000049b9       __GET_RTERRMSG             100059b9 f   LIBCMT:crt0msg.obj
 0001:000049df       __NMSG_WRITE               100059df f   LIBCMT:crt0msg.obj
 0001:00004b8e       __FF_MSGBANNER             10005b8e f   LIBCMT:crt0msg.obj
 0001:00004bc7       ___addlocaleref            10005bc7 f   LIBCMT:localref.obj
 0001:00004c56       ___removelocaleref         10005c56 f   LIBCMT:localref.obj
 0001:00004cef       ___freetlocinfo            10005cef f   LIBCMT:localref.obj
 0001:00004e3a       __updatetlocinfoEx_nolock  10005e3a f   LIBCMT:localref.obj
 0001:00004e87       ___updatetlocinfo          10005e87 f   LIBCMT:localref.obj
 0001:00005123       ___updatetmbcinfo          10006123 f   LIBCMT:mbctype.obj
 0001:000051c7       ??0_LocaleUpdate@@QAE@PAUlocaleinfo_struct@@@Z 100061c7 f i LIBCMT:mbctype.obj
 0001:000052ca       __setmbcp_nolock           100062ca f   LIBCMT:mbctype.obj
 0001:000054b3       __setmbcp                  100064b3 f   LIBCMT:mbctype.obj
 0001:0000564d       ___initmbctable            1000664d f   LIBCMT:mbctype.obj
 0001:0000566b       @__security_check_cookie@4 1000666b f   LIBCMT:secchk.obj
 0001:00005680       __local_unwind4            10006680 f   LIBCMT:exsup4.obj
 0001:00005756       __seh_longjmp_unwind4@4    10006756 f   LIBCMT:exsup4.obj
 0001:00005772       @_EH4_CallFilterFunc@8     10006772 f   LIBCMT:exsup4.obj
 0001:00005789       @_EH4_TransferToHandler@8  10006789 f   LIBCMT:exsup4.obj
 0001:000057a2       @_EH4_GlobalUnwind2@8      100067a2 f   LIBCMT:exsup4.obj
 0001:000057bb       @_EH4_LocalUnwind@16       100067bb f   LIBCMT:exsup4.obj
 0001:000057e0       __ValidateImageBase        100067e0 f   LIBCMT:pesect.obj
 0001:00005820       __FindPESection            10006820 f   LIBCMT:pesect.obj
 0001:00005870       __IsNonwritableInCurrentImage 10006870 f   LIBCMT:pesect.obj
 0001:0000592c       __crt_debugger_hook        1000692c f   LIBCMT:dbghook.obj
 0001:00005940       _memset                    10006940 f   LIBCMT:memset.obj
 0001:000059ba       __VEC_memcpy               100069ba f   LIBCMT:p4_memcpy.obj
 0001:00005abd       ___sse2_available_init     10006abd f   LIBCMT:cpu_disp.obj
 0001:00005acd       _malloc                    10006acd f   LIBCMT:malloc.obj
 0001:00005b61       __calloc_impl              10006b61 f   LIBCMT:calloc_impl.obj
 0001:00005be3       _realloc                   10006be3 f   LIBCMT:realloc.obj
 0001:00005c90       ?terminate@@YAXXZ          10006c90 f   LIBCMT:hooks.obj
 0001:00005cc9       __initp_eh_hooks           10006cc9 f   LIBCMT:hooks.obj
 0001:00005cda       __initp_misc_rand_s        10006cda f   LIBCMT:rand_s.obj
 0001:00005ce9       __initp_misc_purevirt      10006ce9 f   LIBCMT:inithelp.obj
 0001:00005cf8       __initp_heap_handler       10006cf8 f   LIBCMT:handler.obj
 0001:00005d07       __callnewh                 10006d07 f   LIBCMT:handler.obj
 0001:00005de5       ___onexitinit              10006de5 f   LIBCMT:onexit.obj
 0001:00005e16       __onexit                   10006e16 f   LIBCMT:onexit.obj
 0001:00005e52       _atexit                    10006e52 f   LIBCMT:onexit.obj
 0001:00005e69       __initp_misc_cfltcvt_tab   10006e69 f   LIBCMT:cmiscdat.obj
 0001:00005e8c       _strcpy_s                  10006e8c f   LIBCMT:strcpy_s.obj
 0001:00005ef0       _strlen                    10006ef0 f   LIBCMT:strlen.obj
 0001:00005fce       __ismbblead                10006fce f   LIBCMT:ismbbyte.obj
 0001:00005fe6       ___crtMessageBoxW          10006fe6 f   LIBCMT:crtmboxw.obj
 0001:00006152       _wcscat_s                  10007152 f   LIBCMT:wcscat_s.obj
 0001:000061c7       _wcsncpy_s                 100071c7 f   LIBCMT:wcsncpy_s.obj
 0001:00006294       _wcslen                    10007294 f   LIBCMT:wcslen.obj
 0001:000062af       _wcscpy_s                  100072af f   LIBCMT:wcscpy_s.obj
 0001:00006312       __set_error_mode           10007312 f   LIBCMT:errmode.obj
 0001:00006351       ___free_lc_time            10007351 f   LIBCMT:inittime.obj
 0001:000066c8       ___free_lconv_num          100076c8 f   LIBCMT:initnum.obj
 0001:00006731       ___free_lconv_mon          10007731 f   LIBCMT:initmon.obj
 0001:0000682f       __freea                    1000782f f i LIBCMT:a_map.obj
 0001:00006a36       ___crtLCMapStringA         10007a36 f   LIBCMT:a_map.obj
 0001:00006b63       ___crtGetStringTypeA       10007b63 f   LIBCMT:a_str.obj
 0001:00006ba3       ___report_gsfailure        10007ba3 f   LIBCMT:gs_report.obj
 0001:00006cb0       __global_unwind2           10007cb0 f   LIBCMT:exsup.obj
 0001:00006d15       __local_unwind2            10007d15 f   LIBCMT:exsup.obj
 0001:00006d99       __abnormal_termination     10007d99 f   LIBCMT:exsup.obj
 0001:00006dbc       __NLG_Notify1              10007dbc f   LIBCMT:exsup.obj
 0001:00006dc5       __NLG_Notify               10007dc5 f   LIBCMT:exsup.obj
 0001:00006ddc       __NLG_Dispatch             10007ddc     LIBCMT:exsup.obj
 0001:00006ddc       __NLG_Dispatch2            10007ddc     LIBCMT:exsup.obj
 0001:00006de4       __NLG_Call                 10007de4 f   LIBCMT:exsup.obj
 0001:00006de6       __NLG_Return2              10007de6     LIBCMT:exsup.obj
 0001:00006de7       __VEC_memzero              10007de7 f   LIBCMT:p4_memset.obj
 0001:00006ea1       __msize                    10007ea1 f   LIBCMT:msize.obj
 0001:00006ed4       _abort                     10007ed4 f   LIBCMT:abort.obj
 0001:00006f07       __fptrap                   10007f07 f   LIBCMT:crt0fp.obj
 0001:00006f10       __alloca_probe_16          10007f10 f   LIBCMT:alloca16.obj
 0001:00006f26       __alloca_probe_8           10007f26     LIBCMT:alloca16.obj
 0001:00006f3c       _RtlUnwind@16              10007f3c f   kernel32:KERNEL32.dll
 0001:00007134       __IMPORT_DESCRIPTOR_KERNEL32 10008134     kernel32:KERNEL32.dll
 0001:00007148       __IMPORT_DESCRIPTOR_lua5.1 10008148     lua5.1:lua5.1.dll
 0001:0000715c       __IMPORT_DESCRIPTOR_luafar3 1000815c     luafar3:luafar3.dll
 0001:00007170       __NULL_IMPORT_DESCRIPTOR   10008170     kernel32:KERNEL32.dll
 0002:00000000       _PluginData                10009000     luaplug.obj
 0002:00000150       ___flsindex                10009150     LIBCMT:tidtable.obj
 0002:00000154       ___getvalueindex           10009154     LIBCMT:tidtable.obj
 0002:000002d0       ___badioinfo               100092d0     LIBCMT:ioinit.obj
 0002:00000310       ___clocalestr              10009310     LIBCMT:nlsdata2.obj
 0002:00000318       ___lc_time_c               10009318     LIBCMT:nlsdata2.obj
 0002:00000480       ___initiallocinfo          10009480     LIBCMT:nlsdata2.obj
 0002:00000558       ___ptlocinfo               10009558     LIBCMT:nlsdata2.obj
 0002:00000560       ___initialmbcinfo          10009560     LIBCMT:mbctype.obj
 0002:00000780       __mbctype                  10009780     LIBCMT:mbctype.obj
 0002:00000888       __mbcasemap                10009888     LIBCMT:mbctype.obj
 0002:00000988       ___ptmbcinfo               10009988     LIBCMT:mbctype.obj
 0002:00000a80       ___security_cookie         10009a80     LIBCMT:gs_cookie.obj
 0002:00000a84       ___security_cookie_complement 10009a84     LIBCMT:gs_cookie.obj
 0002:00000a90       __cfltcvt_tab              10009a90     LIBCMT:cmiscdat.obj
 0002:00000ac0       ___lconv_static_decimal    10009ac0     LIBCMT:lconv.obj
 0002:00000ac4       ___lconv_static_W_decimal  10009ac4     LIBCMT:lconv.obj
 0002:00000ac8       ___lconv_c                 10009ac8     LIBCMT:lconv.obj
 0002:00000b18       ___lconv                   10009b18     LIBCMT:lconv.obj
 0002:00000b1c       ___globallocalestatus      10009b1c     LIBCMT:glstatus.obj
 0002:00000b20       __pctype                   10009b20     LIBCMT:ctype.obj
 0002:00000b24       __pwctype                  10009b24     LIBCMT:ctype.obj
 0002:00000b30       __NLG_Destination          10009b30     LIBCMT:exsup.obj
 0002:00000b40       ___abort_behavior          10009b40     LIBCMT:abort.obj
 0002:00000b60       _Init1_Done                10009b60     luaplug.obj
 0002:00000b64       _Init2_Done                10009b64     luaplug.obj
 0002:00000ba4       __aenvptr                  10009ba4     LIBCMT:dllcrt0.obj
 0002:00000ba8       __wenvptr                  10009ba8     LIBCMT:dllcrt0.obj
 0002:00000bac       ___error_mode              10009bac     LIBCMT:dllcrt0.obj
 0002:00000bb0       ___app_type                10009bb0     LIBCMT:dllcrt0.obj
 0002:00000d08       _gpFlsAlloc                10009d08     LIBCMT:tidtable.obj
 0002:00000d0c       _gpFlsGetValue             10009d0c     LIBCMT:tidtable.obj
 0002:00000d10       _gpFlsSetValue             10009d10     LIBCMT:tidtable.obj
 0002:00000d14       _gpFlsFree                 10009d14     LIBCMT:tidtable.obj
 0002:00000d18       ___pInvalidArgHandler      10009d18     LIBCMT:invarg.obj
 0002:00000d1c       __maxwait                  10009d1c     LIBCMT:crtheap.obj
 0002:00000d20       __umaskval                 10009d20     LIBCMT:crt0dat.obj
 0002:00000d24       ___argc                    10009d24     LIBCMT:crt0dat.obj
 0002:00000d28       ___argv                    10009d28     LIBCMT:crt0dat.obj
 0002:00000d2c       ___wargv                   10009d2c     LIBCMT:crt0dat.obj
 0002:00000d30       __environ                  10009d30     LIBCMT:crt0dat.obj
 0002:00000d34       ___initenv                 10009d34     LIBCMT:crt0dat.obj
 0002:00000d38       __wenviron                 10009d38     LIBCMT:crt0dat.obj
 0002:00000d3c       ___winitenv                10009d3c     LIBCMT:crt0dat.obj
 0002:00000d40       __pgmptr                   10009d40     LIBCMT:crt0dat.obj
 0002:00000d44       __wpgmptr                  10009d44     LIBCMT:crt0dat.obj
 0002:00000d48       __exitflag                 10009d48     LIBCMT:crt0dat.obj
 0002:00000d4c       __C_Termination_Done       10009d4c     LIBCMT:crt0dat.obj
 0002:00000d50       __C_Exit_Done              10009d50     LIBCMT:crt0dat.obj
 0002:00000e60       __crtheap                  10009e60     LIBCMT:heapinit.obj
 0002:00001494       ___mbulinfo                1000a494     LIBCMT:mbctype.obj
 0002:000014a0       ___mbcodepage              1000a4a0     LIBCMT:mbctype.obj
 0002:000014a4       ___ismbcodepage            1000a4a4     LIBCMT:mbctype.obj
 0002:000014a8       ___mblcid                  1000a4a8     LIBCMT:mbctype.obj
 0002:000014ac       ?__pInconsistency@@3P6AXXZA 1000a4ac     LIBCMT:hooks.obj
 0002:000014b4       ___pPurecall               1000a4b4     LIBCMT:inithelp.obj
 0002:000014b8       ?_pnhHeap@@3P6AHI@ZA       1000a4b8     LIBCMT:handler.obj
 0002:000014d0       ___lconv_static_null       1000a4d0     LIBCMT:lconv.obj
 0002:000014d4       ___lconv_static_W_null     1000a4d4     LIBCMT:lconv.obj
 0002:000017fc       __newmode                  1000a7fc     LIBCMT:_newmode.obj
 0002:00001800       _PluginDir                 1000a800     <common>
 0002:00001c00       _FindFileSection           1000ac00     <common>
 0002:00001c20       _Info                      1000ac20     <common>
 0002:00001cc0       _PluginName                1000acc0     <common>
 0002:000020c0       _LS                        1000b0c0     <common>
 0002:000020d0       _PluginId                  1000b0d0     <common>
 0002:000020e0       _FSF                       1000b0e0     <common>
 0002:0000219c       ___sse2_available          1000b19c     <common>
 0002:000021a0       __debugger_hook_dummy      1000b1a0     <common>
 0002:000021a4       __nhandle                  1000b1a4     <common>
 0002:000021c0       ___pioinfo                 1000b1c0     <common>
 0002:000022c0       ___env_initialized         1000b2c0     <common>
 0002:000022c4       ___onexitend               1000b2c4     <common>
 0002:000022c8       ___onexitbegin             1000b2c8     <common>
 0002:000022cc       ___mbctype_initialized     1000b2cc     <common>
 0002:000022d0       __FPinit                   1000b2d0     <common>
 0002:000022d4       ___dyn_tls_init_callback   1000b2d4     <common>
 0002:000022d8       __pDestructExceptionObject 1000b2d8     <common>
 0002:000022dc       __acmdln                   1000b2dc     <common>

 entry point at        0001:00002ee7

 Static symbols

 0001:00002180       _lstop                     10003180 f   luaplug.obj
 0001:000021b0       _laction                   100031b0 f   luaplug.obj
 0001:000025b0       ?ReturnSamePointer@@YGPAXPAX@Z 100035b0 f   vc_crt_fix_impl.obj
 0001:000025c0       ?GetModuleHandleExWImpl@@YGHKPB_WPAPAUHINSTANCE__@@@Z 100035c0 f   vc_crt_fix_impl.obj
 0001:00002670       ??$Wrapper@UEncodePointerName@?1?EncodePointerWrapper@4@@@YGPAXPAX@Z 10003670 f   vc_crt_fix_impl.obj
 0001:000026e0       ??$Wrapper@UDecodePointerName@?1?DecodePointerWrapper@4@@@YGPAXPAX@Z 100036e0 f   vc_crt_fix_impl.obj
 0001:0000279c       _ctrlevent_capture@4       1000379c f   LIBCMT:winsig.obj
 0001:00002838       _siglookup                 10003838 f   LIBCMT:winsig.obj
 0001:00002df1       ___DllMainCRTStartup       10003df1 f   LIBCMT:dllcrt0.obj
 0001:00004083       _doexit                    10005083 f   LIBCMT:crt0dat.obj
 0001:000045b4       _parse_cmdline             100055b4 f   LIBCMT:stdargv.obj
 0001:00004f00       ?CPtoLCID@@YAHH@Z          10005f00 f   LIBCMT:mbctype.obj
 0001:00004f2f       ?setSBCS@@YAXPAUthreadmbcinfostruct@@@Z 10005f2f f   LIBCMT:mbctype.obj
 0001:00004f93       ?setSBUpLow@@YAXPAUthreadmbcinfostruct@@@Z 10005f93 f   LIBCMT:mbctype.obj
 0001:0000524e       ?getSystemCP@@YAHH@Z       1000624e f   LIBCMT:mbctype.obj
 0001:00005710       __unwind_handler4          10006710 f   LIBCMT:exsup4.obj
 0001:00005d2f       __onexit_nolock            10006d2f f   LIBCMT:onexit.obj
 0001:00005f7b       ?x_ismbbtype_l@@YAHPAUlocaleinfo_struct@@IHH@Z 10006f7b f   LIBCMT:ismbbyte.obj
 0001:0000684f       ?__crtLCMapStringA_stat@@YAHPAUlocaleinfo_struct@@KKPBDHPADHHH@Z 1000784f f   LIBCMT:a_map.obj
 0001:00006a7c       ?__crtGetStringTypeA_stat@@YAHPAUlocaleinfo_struct@@KPBDHPAGHHH@Z 10007a7c f   LIBCMT:a_str.obj
 0001:00006cd0       __unwind_handler           10007cd0 f   LIBCMT:exsup.obj
