 ConEmu

 Timestamp is 52605e71 (Fri Oct 18 02:02:25 2013)

 Preferred load address is 10000000

 Start         Length     Name                   Class
 0001:00000000 0002c886H .text                   CODE
 0002:00000000 00000348H .idata$5                DATA
 0002:00000350 00003940H .rdata                  DATA
 0002:00003c90 0000007aH .rdata$debug            DATA
 0002:00003d10 0000000cH .rdata$sxdata           DATA
 0002:00003d20 0000003cH .xdata$x                DATA
 0002:00003d5c 00000078H .idata$2                DATA
 0002:00003dd4 00000014H .idata$3                DATA
 0002:00003de8 00000348H .idata$4                DATA
 0002:00004130 00000ee4H .idata$6                DATA
 0002:00005020 00000337H .edata                  DATA
 0003:00000000 00000198H .data                   DATA
 0003:00000198 000023b0H .bss                    DATA
 0004:00000000 00000004H .CRT$XIC                DATA
 0005:00000000 00000058H .rsrc$01                DATA
 0005:00000060 00000290H .rsrc$02                DATA

  Address         Publics by Value              Rva+Base       Lib:Object

 0000:00000000       __except_list              00000000     <absolute>
 0000:00000003       ___safe_se_handler_count   00000003     <absolute>
 0000:00000000       ___ImageBase               10000000     <linker-defined>
 0001:00000000       ?StartupHooks@@YIHPAUHINSTANCE__@@@Z 10001000 f   ConEmuInjects.obj
 0001:00000360       ?ShutdownHooks@@YIXXZ      10001360 f   ConEmuInjects.obj
 0001:000004f0       ??$wcscpy_c@$0EA@@@YIHAAY0EA@_WPB_W@Z 100014f0 f i ConEmuInjects.obj
 0001:00000520       ?StringCchCopyW@@YGJPA_WIPB_W@Z 10001520 f i ConEmuInjects.obj
 0001:00000650       ?pcc_Selected@@YI_NW4PluginMenuCommands@@@Z 10001650 f   ConEmuPlugin.obj
 0001:000006c0       ?pcc_Disabled@@YI_NW4PluginMenuCommands@@@Z 100016c0 f   ConEmuPlugin.obj
 0001:00000770       ?GetPluginInfoWcmn@@YGXPAX@Z 10001770 f   ConEmuPlugin.obj
 0001:000007b0       ?CheckConEmuDetached@@YIXXZ 100017b0 f   ConEmuPlugin.obj
 0001:00000850       ??BHWND2@@QBEKXZ           10001850 f i ConEmuPlugin.obj
 0001:00000860       ?OpenPluginWcmn@@YIPAXHH_N@Z 10001860 f   ConEmuPlugin.obj
 0001:00000af0       _OpenPluginW@8             10001af0 f   ConEmuPlugin.obj
 0001:00000b30       ?TouchReadPeekConsoleInputs@@YIXH@Z 10001b30 f   ConEmuPlugin.obj
 0001:00000b70       ?OnMainThreadActivated@@YIXXZ 10001b70 f   ConEmuPlugin.obj
 0001:00000df0       ?IsFarLua@FarVersion@@QBE_NXZ 10001df0 f i ConEmuPlugin.obj
 0001:00000e40       ?OnConsolePeekReadInput@@YIXH@Z 10001e40 f   ConEmuPlugin.obj
 0001:00001030       ?OnPanelViewCallbacks@@YIHPAUHookCallbackArg@@P6GHPAXPAU_INPUT_RECORD@@KPAKPAH@Z5@Z 10002030 f   ConEmuPlugin.obj
 0001:00001110       ?OnShellExecuteExW_Except@@YGXPAUHookCallbackArg@@@Z 10002110 f   ConEmuPlugin.obj
 0001:00001150       ?OnGetNumberOfConsoleInputEventsPost@@YGXPAUHookCallbackArg@@@Z 10002150 f   ConEmuPlugin.obj
 0001:00001190       ?UngetDummyMouseEvent@@YIHHPAUHookCallbackArg@@@Z 10002190 f   ConEmuPlugin.obj
 0001:000013c0       ??4HANDLE2@@QAEAAU0@PAX@Z  100023c0 f i ConEmuPlugin.obj
 0001:000013e0       ?OnConsolePeekInput@@YGHPAUHookCallbackArg@@@Z 100023e0 f   ConEmuPlugin.obj
 0001:00001460       ?OnConsolePeekInputPost@@YGXPAUHookCallbackArg@@@Z 10002460 f   ConEmuPlugin.obj
 0001:000014a0       ?OnConsoleReadInputWork@@YIHPAUHookCallbackArg@@@Z 100024a0 f   ConEmuPlugin.obj
 0001:00001530       ?OnConsoleReadInput@@YGHPAUHookCallbackArg@@@Z 10002530 f   ConEmuPlugin.obj
 0001:00001540       ?OnConsoleReadInputPost@@YGXPAUHookCallbackArg@@@Z 10002540 f   ConEmuPlugin.obj
 0001:00001780       ?OnWriteConsoleOutput@@YGHPAUHookCallbackArg@@@Z 10002780 f   ConEmuPlugin.obj
 0001:00001860       _ProcessSynchroEventW@8    10002860 f   ConEmuPlugin.obj
 0001:00001910       ?ShutdownPluginStep@@YIXPB_WHHHH@Z 10002910 f   ConEmuPlugin.obj
 0001:00001930       _DllMain@12                10002930 f   ConEmuPlugin.obj
 0001:00001ba0       ??_GMSection@@QAEPAXI@Z    10002ba0 f i ConEmuPlugin.obj
 0001:00001bd0       ??_GCPluginBackground@@QAEPAXI@Z 10002bd0 f i ConEmuPlugin.obj
 0001:00001c00       __DllMainCRTStartup@12     10002c00 f   ConEmuPlugin.obj
 0001:00001c20       ?IsConsoleActive@@YGHXZ    10002c20 f   ConEmuPlugin.obj
 0001:00001c80       ?GetFarHWND2@@YGPAUHWND__@@H@Z 10002c80 f   ConEmuPlugin.obj
 0001:00001cf0       ?GetFarHWND@@YGPAUHWND__@@XZ 10002cf0 f   ConEmuPlugin.obj
 0001:00001d00       ?IsTerminalMode@@YGHXZ     10002d00 f   ConEmuPlugin.obj
 0001:00001d10       ?GetFarVersion@@YGXPAUFarVersion@@@Z 10002d10 f   ConEmuPlugin.obj
 0001:00001d40       ?LoadFarVersion@@YIHXZ     10002d40 f   ConEmuPlugin.obj
 0001:000020d0       ?RegisterPanelView@@YGHPAUPanelViewInit@@@Z 100030d0 f   ConEmuPlugin.obj
 0001:000022c0       ?RegisterBackground@@YGHPAURegisterBackgroundArg@@@Z 100032c0 f   ConEmuPlugin.obj
 0001:00002350       ?SyncExecute@@YGHPAUHINSTANCE__@@P6GXJ@ZJ@Z 10003350 f   ConEmuPlugin.obj
 0001:000023a0       ?ActivateConsole@@YGHXZ    100033a0 f   ConEmuPlugin.obj
 0001:00002430       ??BHWND2@@QBEPAUHWND__@@XZ 10003430 f i ConEmuPlugin.obj
 0001:00002440       ??4HWND2@@QAEAAU0@PAUHWND__@@@Z 10003440 f i ConEmuPlugin.obj
 0001:00002460       ?ExecuteSynchro@@YIXXZ     10003460 f   ConEmuPlugin.obj
 0001:00002520       ?ProcessCommand@@YIHKHPAXPAPAUCESERVER_REQ@@@Z 10003520 f   ConEmuPlugin.obj
 0001:000032a0       ?StringCchCatW@@YGJPA_WIPB_W@Z 100042a0 f i ConEmuPlugin.obj
 0001:00003870       ?FarSetConsoleSize@@YIHFF@Z 10004870 f   ConEmuPlugin.obj
 0001:00003980       ?OnConsoleDetaching@@YGHPAUHookCallbackArg@@@Z 10004980 f   ConEmuPlugin.obj
 0001:00003aa0       ?OnConsoleWasAttached@@YGXPAUHookCallbackArg@@@Z 10004aa0 f   ConEmuPlugin.obj
 0001:00003b00       ?MonitorThreadProcW@@YGKPAX@Z 10004b00 f   ConEmuPlugin.obj
 0001:00003ea0       ?CommonPluginStartup@@YIXXZ 10004ea0 f   ConEmuPlugin.obj
 0001:00003fc0       _SetStartupInfoW@4         10004fc0 f   ConEmuPlugin.obj
 0001:00004020       ?CloseMapHeader@@YIXXZ     10005020 f   ConEmuPlugin.obj
 0001:00004050       ?OpenMapHeader@@YIHXZ      10005050 f   ConEmuPlugin.obj
 0001:00004110       ?InitRootKey@@YIXXZ        10005110 f   ConEmuPlugin.obj
 0001:000041d0       ?InitHWND@@YIXXZ           100051d0 f   ConEmuPlugin.obj
 0001:000046e0       ?ReloadFarInfo@@YIHH@Z     100056e0 f   ConEmuPlugin.obj
 0001:00004b40       ?UpdateConEmuTabsW@@YI_NH_N0PAX@Z 10005b40 f   ConEmuPlugin.obj
 0001:00004c30       ?UpdateConEmuTabs@@YI_NH_N0PAX@Z 10005c30 f   ConEmuPlugin.obj
 0001:00004e40       ?CreateTabs@@YIHH@Z        10005e40 f   ConEmuPlugin.obj
 0001:00004f20       ?AddTab@@YIHAAH_N1HPB_W2HHHH@Z 10005f20 f   ConEmuPlugin.obj
 0001:00005340       _wmemcmp                   10006340 f i ConEmuPlugin.obj
 0001:000053a0       ?SendTabs@@YIXHH@Z         100063a0 f   ConEmuPlugin.obj
 0001:00005570       _ProcessEditorInputW@4     10006570 f   ConEmuPlugin.obj
 0001:000055b0       _ProcessEditorEventW@8     100065b0 f   ConEmuPlugin.obj
 0001:00005640       _ProcessViewerEventW@8     10006640 f   ConEmuPlugin.obj
 0001:000056c0       ?FillLoadedParm@@YIXPAUConEmuLoadedArg@@PAUHINSTANCE__@@H@Z 100066c0 f   ConEmuPlugin.obj
 0001:000057a0       ?NotifyConEmuUnloaded@@YIXXZ 100067a0 f   ConEmuPlugin.obj
 0001:000058e0       ?StopThread@@YIXXZ         100068e0 f   ConEmuPlugin.obj
 0001:00005c00       ??_G?$MFileMapping@UCESERVER_CONSOLE_MAPPING_HDR@@@@QAEPAXI@Z 10006c00 f i ConEmuPlugin.obj
 0001:00005c30       _ProcessDialogEventW@8     10006c30 f   ConEmuPlugin.obj
 0001:00005c40       ?OpenW@@YGPAXPBX@Z         10006c40 f   ConEmuPlugin.obj
 0001:00005c90       ?ProcessConsoleInputW@@YGHPAX@Z 10006c90 f   ConEmuPlugin.obj
 0001:00005cc0       ?ProcessEditorEventW3@@YGHPAX@Z 10006cc0 f   ConEmuPlugin.obj
 0001:00005cf0       ?ProcessViewerEventW3@@YGHPAX@Z 10006cf0 f   ConEmuPlugin.obj
 0001:00005d20       ?ProcessDialogEventW3@@YGHPAX@Z 10006d20 f   ConEmuPlugin.obj
 0001:00005d50       ?ProcessSynchroEventW3@@YGHPAX@Z 10006d50 f   ConEmuPlugin.obj
 0001:00005d80       ?ExitFarCmn@@YIXXZ         10006d80 f   ConEmuPlugin.obj
 0001:00005dc0       _ExitFARW@0                10006dc0 f   ConEmuPlugin.obj
 0001:00005e30       ?ExitFARW3@@YGXPAX@Z       10006e30 f   ConEmuPlugin.obj
 0001:00005e80       ?CheckResources@@YIXH@Z    10006e80 f   ConEmuPlugin.obj
 0001:00005fe0       ?InitResources@@YIXXZ      10006fe0 f   ConEmuPlugin.obj
 0001:000062b0       ?StringCchCopyNW@@YGJPA_WIPB_WI@Z 100072b0 f i ConEmuPlugin.obj
 0001:00006310       ?CloseTabs@@YIXXZ          10007310 f   ConEmuPlugin.obj
 0001:00006390       ?OutDataAlloc@@YIHK@Z      10007390 f   ConEmuPlugin.obj
 0001:00006400       ?OutDataRealloc@@YIHK@Z    10007400 f   ConEmuPlugin.obj
 0001:000064e0       ?OutDataWrite@@YIHPAXK@Z   100074e0 f   ConEmuPlugin.obj
 0001:000065b0       ?ShowMessage@@YIHHH@Z      100075b0 f   ConEmuPlugin.obj
 0001:00006620       ?ShowMessage@@YIHPB_WH_N@Z 10007620 f   ConEmuPlugin.obj
 0001:00006710       ?ShowMessageGui@@YIHHH@Z   10007710 f   ConEmuPlugin.obj
 0001:000067f0       ?GetMsgW@@YIPB_WH@Z        100077f0 f   ConEmuPlugin.obj
 0001:00006850       ?PostMacro@@YIXPB_WPAU_INPUT_RECORD@@@Z 10007850 f   ConEmuPlugin.obj
 0001:000069b0       ?ShowPluginMenu@@YIXW4PluginCallCommands@@@Z 100079b0 f   ConEmuPlugin.obj
 0001:000073f0       ?FindServerCmd@@YIHKAAK_N@Z 100083f0 f   ConEmuPlugin.obj
 0001:000074f0       ?Attach2Gui@@YIHXZ         100084f0 f   ConEmuPlugin.obj
 0001:00007970       ?StartDebugger@@YIHXZ      10008970 f   ConEmuPlugin.obj
 0001:00007ca0       ?wcsrchr@@YAPA_WPA_W_W@Z   10008ca0 f i ConEmuPlugin.obj
 0001:00007cc0       ?IsMacroActive@@YIHXZ      10008cc0 f   ConEmuPlugin.obj
 0001:00007d30       ?GetMacroArea@@YIHXZ       10008d30 f   ConEmuPlugin.obj
 0001:00007d90       ?RedrawAll@@YIXXZ          10008d90 f   ConEmuPlugin.obj
 0001:00007df0       ?GetEditorModifiedState@@YIKXZ 10008df0 f   ConEmuPlugin.obj
 0001:00007e40       ?GetActiveWindowType@@YIHXZ 10008e40 f   ConEmuPlugin.obj
 0001:00007e90       ?RunExternalProgramW@@YI_NPA_W0_N@Z 10008e90 f   ConEmuPlugin.obj
 0001:000080c0       ?Disable@MWow64Disable@@QAEXXZ 100090c0 f i ConEmuPlugin.obj
 0001:000080f0       ?Restore@MWow64Disable@@QAEXXZ 100090f0 f i ConEmuPlugin.obj
 0001:00008130       ??0MWow64Disable@@QAE@XZ   10009130 f i ConEmuPlugin.obj
 0001:000081b0       ??1MWow64Disable@@QAE@XZ   100091b0 f i ConEmuPlugin.obj
 0001:000081d0       ?ShowConsoleInfo@@YIXXZ    100091d0 f   ConEmuPlugin.obj
 0001:00008340       ?GetMainThreadId@@YIKXZ    10009340 f   ConEmuPlugin.obj
 0001:000083e0       ?OnLibraryLoaded@@YGXPAUHINSTANCE__@@@Z 100093e0 f   ConEmuPlugin.obj
 0001:00008460       ?_calloc@@YIPAXII@Z        10009460 f   ConEmuPlugin.obj
 0001:00008480       ?_malloc@@YIPAXI@Z         10009480 f   ConEmuPlugin.obj
 0001:000084a0       ?_free@@YIXPAX@Z           100094a0 f   ConEmuPlugin.obj
 0001:000084c0       ?Ptr@?$MFileMapping@UCESERVER_CONSOLE_MAPPING_HDR@@@@QAEPAUCESERVER_CONSOLE_MAPPING_HDR@@XZ 100094c0 f i ConEmuPlugin.obj
 0001:000084e0       ?InitName@?$MFileMapping@UCESERVER_CONSOLE_MAPPING_HDR@@@@QAEPB_WPB_WKK@Z 100094e0 f i ConEmuPlugin.obj
 0001:00008530       ?CloseMap@?$MFileMapping@UCESERVER_CONSOLE_MAPPING_HDR@@@@QAEXXZ 10009530 f i ConEmuPlugin.obj
 0001:000085a0       ?Open@?$MFileMapping@UCESERVER_CONSOLE_MAPPING_HDR@@@@QAEPAUCESERVER_CONSOLE_MAPPING_HDR@@HH@Z 100095a0 f i ConEmuPlugin.obj
 0001:000085c0       ??0?$MFileMapping@UCESERVER_CONSOLE_MAPPING_HDR@@@@QAE@XZ 100095c0 f i ConEmuPlugin.obj
 0001:00008620       ??1?$MFileMapping@UCESERVER_CONSOLE_MAPPING_HDR@@@@QAE@XZ 10009620 f i ConEmuPlugin.obj
 0001:00008640       ?ClosePtr@?$MFileMapping@UCESERVER_CONSOLE_MAPPING_HDR@@@@QAEXXZ 10009640 f i ConEmuPlugin.obj
 0001:00008670       ?InternalOpenCreate@?$MFileMapping@UCESERVER_CONSOLE_MAPPING_HDR@@@@IAEPAUCESERVER_CONSOLE_MAPPING_HDR@@HHH@Z 10009670 f i ConEmuPlugin.obj
 0001:00008860       ??$wcscpy_c@$0BBE@@@YIHAAY0BBE@_WPB_W@Z 10009860 f i ConEmuPlugin.obj
 0001:00008890       ??$wcscat_c@$0BBE@@@YIHAAY0BBE@_WPB_W@Z 10009890 f i ConEmuPlugin.obj
 0001:000088c0       ??$wcscat_c@$0CAE@@@YIHAAY0CAE@_WPB_W@Z 100098c0 f i ConEmuPlugin.obj
 0001:000088f0       ??$wcscpy_c@$0CAI@@@YIHAAY0CAI@_WPB_W@Z 100098f0 f i ConEmuPlugin.obj
 0001:00008920       _GetMinFarVersionW@0       10009920 f   ConEmuPlugin995.obj
 0001:00008930       ?GetPluginInfoW995@@YIXPAX@Z 10009930 f   ConEmuPlugin995.obj
 0001:000089c0       ?ProcessDragFromW995@@YIXXZ 100099c0 f   ConEmuPlugin995.obj
 0001:000091c0       ?ProcessDragToW995@@YIXXZ  1000a1c0 f   ConEmuPlugin995.obj
 0001:00009680       ?SetStartupInfoW995@@YIXPAX@Z 1000a680 f   ConEmuPlugin995.obj
 0001:00009880       ?GetEditorModifiedStateW995@@YIKXZ 1000a880 f   ConEmuPlugin995.obj
 0001:000098c0       ?ProcessEditorInputW995@@YIHPBX@Z 1000a8c0 f   ConEmuPlugin995.obj
 0001:00009930       ?UpdateConEmuTabsW995@@YI_NH_N0PAX@Z 1000a930 f   ConEmuPlugin995.obj
 0001:00009d60       ?ExitFARW995@@YIXXZ        1000ad60 f   ConEmuPlugin995.obj
 0001:00009de0       ?ShowMessageW995@@YIHPB_WH_N@Z 1000ade0 f   ConEmuPlugin995.obj
 0001:00009e50       ?ShowMessageW995@@YIHHH@Z  1000ae50 f   ConEmuPlugin995.obj
 0001:00009eb0       ?GetMsgW995@@YIPB_WH@Z     1000aeb0 f   ConEmuPlugin995.obj
 0001:00009ef0       ?SetWindowW995@@YIXH@Z     1000aef0 f   ConEmuPlugin995.obj
 0001:00009f50       ?PostMacroW995@@YIXPB_WPAU_INPUT_RECORD@@@Z 1000af50 f   ConEmuPlugin995.obj
 0001:0000a000       ?ShowPluginMenuW995@@YIHPAUConEmuPluginMenuItem@@H@Z 1000b000 f   ConEmuPlugin995.obj
 0001:0000a190       ?EditOutputW995@@YIHPB_WH@Z 1000b190 f   ConEmuPlugin995.obj
 0001:0000a250       ?ExecuteSynchroW995@@YIHXZ 1000b250 f   ConEmuPlugin995.obj
 0001:0000a2e0       ?WaitEndSynchroW995@@YIXXZ 1000b2e0 f   ConEmuPlugin995.obj
 0001:0000a470       ?StopWaitEndSynchroW995@@YIXXZ 1000b470 f   ConEmuPlugin995.obj
 0001:0000a4a0       ?IsMacroActiveW995@@YIHXZ  1000b4a0 f   ConEmuPlugin995.obj
 0001:0000a500       ?GetMacroAreaW995@@YIHXZ   1000b500 f   ConEmuPlugin995.obj
 0001:0000a540       ?RedrawAllW995@@YIXXZ      1000b540 f   ConEmuPlugin995.obj
 0001:0000a570       ?LoadPluginW995@@YI_NPA_W@Z 1000b570 f   ConEmuPlugin995.obj
 0001:0000a5a0       ?RunExternalProgramW995@@YI_NPA_W@Z 1000b5a0 f   ConEmuPlugin995.obj
 0001:0000a890       ?wcschr@@YAPA_WPA_W_W@Z    1000b890 f i ConEmuPlugin995.obj
 0001:0000a8b0       ?wcsstr@@YAPA_WPA_WPB_W@Z  1000b8b0 f i ConEmuPlugin995.obj
 0001:0000a8d0       ?ProcessCommandLineW995@@YI_NPA_W@Z 1000b8d0 f   ConEmuPlugin995.obj
 0001:0000a920       ?LoadFarColorsW995@@YIXAAY0BAA@E@Z 1000b920 f   ConEmuPlugin995.obj
 0001:0000aa10       ?ReloadFarInfoW995@@YIHXZ  1000ba10 f   ConEmuPlugin995.obj
 0001:0000ac40       ?ExecuteQuitFar995@@YIXXZ  1000bc40 f   ConEmuPlugin995.obj
 0001:0000ac90       ?CheckBufferEnabledW995@@YIHXZ 1000bc90 f   ConEmuPlugin995.obj
 0001:0000ad30       ?FillUpdateBackgroundW995@@YIXPAUPaintBackgroundArg@@@Z 1000bd30 f   ConEmuPlugin995.obj
 0001:0000b100       ?GetActiveWindowTypeW995@@YIHXZ 1000c100 f   ConEmuPlugin995.obj
 0001:0000b1d0       ?GuiMacroDlgW995@@YIXXZ    1000c1d0 f   ConEmuPlugin995.obj
 0001:0000b6e0       ?GetPluginInfoW1900@@YIXPAX@Z 1000c6e0 f   ConEmuPlugin1900.obj
 0001:0000b750       ?ProcessDragFromW1900@@YIXXZ 1000c750 f   ConEmuPlugin1900.obj
 0001:0000c080       ?ProcessDragToW1900@@YIXXZ 1000d080 f   ConEmuPlugin1900.obj
 0001:0000c610       ?SetStartupInfoW1900@@YIXPAX@Z 1000d610 f   ConEmuPlugin1900.obj
 0001:0000c780       ?GetEditorModifiedStateW1900@@YIKXZ 1000d780 f   ConEmuPlugin1900.obj
 0001:0000c7c0       ?ProcessEditorEventW1900@@YGHPAX@Z 1000d7c0 f   ConEmuPlugin1900.obj
 0001:0000c7f0       ?ProcessViewerEventW1900@@YGHPAX@Z 1000d7f0 f   ConEmuPlugin1900.obj
 0001:0000c820       ?ProcessDialogEventW1900@@YGHPAX@Z 1000d820 f   ConEmuPlugin1900.obj
 0001:0000c850       ?ProcessSynchroEventW1900@@YGHPAX@Z 1000d850 f   ConEmuPlugin1900.obj
 0001:0000c880       ?ProcessEditorInputW1900@@YIHPBX@Z 1000d880 f   ConEmuPlugin1900.obj
 0001:0000c900       ?UpdateConEmuTabsW1900@@YI_NH_N0PAX@Z 1000d900 f   ConEmuPlugin1900.obj
 0001:0000d060       ?ExitFARW1900@@YIXXZ       1000e060 f   ConEmuPlugin1900.obj
 0001:0000d0e0       ?ShowMessageW1900@@YIHPB_WH_N@Z 1000e0e0 f   ConEmuPlugin1900.obj
 0001:0000d1a0       ?ShowMessageW1900@@YIHHH@Z 1000e1a0 f   ConEmuPlugin1900.obj
 0001:0000d200       ?GetMsgW1900@@YIPB_WH@Z    1000e200 f   ConEmuPlugin1900.obj
 0001:0000d240       ?SetWindowW1900@@YIXH@Z    1000e240 f   ConEmuPlugin1900.obj
 0001:0000d2a0       ?PostMacroW1900@@YIXPB_WPAU_INPUT_RECORD@@@Z 1000e2a0 f   ConEmuPlugin1900.obj
 0001:0000d990       ?ShowPluginMenuW1900@@YIHPAUConEmuPluginMenuItem@@H@Z 1000e990 f   ConEmuPlugin1900.obj
 0001:0000dbb0       ?EditOutputW1900@@YIHPB_WH@Z 1000ebb0 f   ConEmuPlugin1900.obj
 0001:0000dc70       ?ExecuteSynchroW1900@@YIHXZ 1000ec70 f   ConEmuPlugin1900.obj
 0001:0000dd00       ?WaitEndSynchroW1900@@YIXXZ 1000ed00 f   ConEmuPlugin1900.obj
 0001:0000dd10       ?StopWaitEndSynchroW1900@@YIXXZ 1000ed10 f   ConEmuPlugin1900.obj
 0001:0000dd40       ?IsMacroActiveW1900@@YIHXZ 1000ed40 f   ConEmuPlugin1900.obj
 0001:0000dd80       ?GetMacroAreaW1900@@YIHXZ  1000ed80 f   ConEmuPlugin1900.obj
 0001:0000ddb0       ?RedrawAllW1900@@YIXXZ     1000edb0 f   ConEmuPlugin1900.obj
 0001:0000dde0       ?LoadPluginW1900@@YI_NPA_W@Z 1000ede0 f   ConEmuPlugin1900.obj
 0001:0000de10       ?RunExternalProgramW1900@@YI_NPA_W@Z 1000ee10 f   ConEmuPlugin1900.obj
 0001:0000e0f0       ?ProcessCommandLineW1900@@YI_NPA_W@Z 1000f0f0 f   ConEmuPlugin1900.obj
 0001:0000e140       ?LoadFarColorsW1900@@YIXAAY0BAA@E@Z 1000f140 f   ConEmuPlugin1900.obj
 0001:0000e2d0       ?FarColor_3_2@@YIEABUFarColor@@@Z 1000f2d0 f i ConEmuPlugin1900.obj
 0001:0000e3d0       ?Color2FgIndex@Far3Color@@SIXKAAG@Z 1000f3d0 f i ConEmuPlugin1900.obj
 0001:0000e510       ?Max@Far3Color@@SIHHH@Z    1000f510 f i ConEmuPlugin1900.obj
 0001:0000e540       ?GetStdIndex@Far3Color@@SIHK@Z 1000f540 f i ConEmuPlugin1900.obj
 0001:0000e5f0       ?Color2BgIndex@Far3Color@@SIXKHAAG@Z 1000f5f0 f i ConEmuPlugin1900.obj
 0001:0000e760       ?ReloadFarInfoW1900@@YIHXZ 1000f760 f   ConEmuPlugin1900.obj
 0001:0000eb20       ?ExecuteQuitFarW1900@@YIXXZ 1000fb20 f   ConEmuPlugin1900.obj
 0001:0000eb70       ?CheckBufferEnabledW1900@@YIHXZ 1000fb70 f   ConEmuPlugin1900.obj
 0001:0000ec10       ?FillUpdateBackgroundW1900@@YIXPAUPaintBackgroundArg@@@Z 1000fc10 f   ConEmuPlugin1900.obj
 0001:0000f130       ?GetActiveWindowTypeW1900@@YIHXZ 10010130 f   ConEmuPlugin1900.obj
 0001:0000f1f0       ?GuiMacroDlgW1900@@YIXXZ   100101f0 f   ConEmuPlugin1900.obj
 0001:0000f7b0       ?OpenW1900@@YGPAXPBX@Z     100107b0 f   ConEmuPlugin1900.obj
 0001:0000f8d0       ?ProcessConsoleInputW1900@@YGHPAX@Z 100108d0 f   ConEmuPlugin1900.obj
 0001:0000f8f0       ?GetPluginInfoW2800@@YIXPAX@Z 100108f0 f   ConEmuPlugin2800.obj
 0001:0000f960       ?ProcessDragFromW2800@@YIXXZ 10010960 f   ConEmuPlugin2800.obj
 0001:00010290       ?ProcessDragToW2800@@YIXXZ 10011290 f   ConEmuPlugin2800.obj
 0001:00010820       ?SetStartupInfoW2800@@YIXPAX@Z 10011820 f   ConEmuPlugin2800.obj
 0001:00010990       ?GetEditorModifiedStateW2800@@YIKXZ 10011990 f   ConEmuPlugin2800.obj
 0001:000109d0       ?ProcessEditorEventW2800@@YGHPAX@Z 100119d0 f   ConEmuPlugin2800.obj
 0001:00010a00       ?ProcessViewerEventW2800@@YGHPAX@Z 10011a00 f   ConEmuPlugin2800.obj
 0001:00010a30       ?ProcessDialogEventW2800@@YGHPAX@Z 10011a30 f   ConEmuPlugin2800.obj
 0001:00010a60       ?ProcessSynchroEventW2800@@YGHPAX@Z 10011a60 f   ConEmuPlugin2800.obj
 0001:00010a90       ?ProcessEditorInputW2800@@YIHPBX@Z 10011a90 f   ConEmuPlugin2800.obj
 0001:00010b10       ?UpdateConEmuTabsW2800@@YI_NH_N0PAX@Z 10011b10 f   ConEmuPlugin2800.obj
 0001:00011300       ?ExitFARW2800@@YIXXZ       10012300 f   ConEmuPlugin2800.obj
 0001:00011380       ?ShowMessageW2800@@YIHPB_WH_N@Z 10012380 f   ConEmuPlugin2800.obj
 0001:00011440       ?ShowMessageW2800@@YIHHH@Z 10012440 f   ConEmuPlugin2800.obj
 0001:000114a0       ?GetMsgW2800@@YIPB_WH@Z    100124a0 f   ConEmuPlugin2800.obj
 0001:000114e0       ?SetWindowW2800@@YIXH@Z    100124e0 f   ConEmuPlugin2800.obj
 0001:00011540       ?BackgroundMacroError@@YGKPAX@Z 10012540 f   ConEmuPlugin2800.obj
 0001:00011590       ?PostMacroW2800@@YIXPB_WPAU_INPUT_RECORD@@@Z 10012590 f   ConEmuPlugin2800.obj
 0001:00011900       ?ShowPluginMenuW2800@@YIHPAUConEmuPluginMenuItem@@H@Z 10012900 f   ConEmuPlugin2800.obj
 0001:00011b20       ?EditOutputW2800@@YIHPB_WH@Z 10012b20 f   ConEmuPlugin2800.obj
 0001:00011be0       ?ExecuteSynchroW2800@@YIHXZ 10012be0 f   ConEmuPlugin2800.obj
 0001:00011c70       ?WaitEndSynchroW2800@@YIXXZ 10012c70 f   ConEmuPlugin2800.obj
 0001:00011c80       ?StopWaitEndSynchroW2800@@YIXXZ 10012c80 f   ConEmuPlugin2800.obj
 0001:00011cb0       ?IsMacroActiveW2800@@YIHXZ 10012cb0 f   ConEmuPlugin2800.obj
 0001:00011cf0       ?GetMacroAreaW2800@@YIHXZ  10012cf0 f   ConEmuPlugin2800.obj
 0001:00011d20       ?RedrawAllW2800@@YIXXZ     10012d20 f   ConEmuPlugin2800.obj
 0001:00011d50       ?LoadPluginW2800@@YI_NPA_W@Z 10012d50 f   ConEmuPlugin2800.obj
 0001:00011d90       ?RunExternalProgramW2800@@YI_NPA_W@Z 10012d90 f   ConEmuPlugin2800.obj
 0001:00012070       ?ProcessCommandLineW2800@@YI_NPA_W@Z 10013070 f   ConEmuPlugin2800.obj
 0001:000120c0       ?LoadFarColorsW2800@@YIXAAY0BAA@E@Z 100130c0 f   ConEmuPlugin2800.obj
 0001:00012250       ?ReloadFarInfoW2800@@YIHXZ 10013250 f   ConEmuPlugin2800.obj
 0001:00012610       ?ExecuteQuitFarW2800@@YIXXZ 10013610 f   ConEmuPlugin2800.obj
 0001:00012660       ?CheckBufferEnabledW2800@@YIHXZ 10013660 f   ConEmuPlugin2800.obj
 0001:00012700       ?FillUpdateBackgroundW2800@@YIXPAUPaintBackgroundArg@@@Z 10013700 f   ConEmuPlugin2800.obj
 0001:00012c20       ?GetActiveWindowTypeW2800@@YIHXZ 10013c20 f   ConEmuPlugin2800.obj
 0001:00012ce0       ?GuiMacroDlgW2800@@YIXXZ   10013ce0 f   ConEmuPlugin2800.obj
 0001:00013230       _GetGlobalInfoW@4          10014230 f   ConEmuPlugin2800.obj
 0001:00013410       ?OpenW2800@@YGPAXPBX@Z     10014410 f   ConEmuPlugin2800.obj
 0001:00013550       ?ProcessConsoleInputW2800@@YGHPAX@Z 10014550 f   ConEmuPlugin2800.obj
 0001:00013570       _GetMinFarVersion@0        10014570 f   ConEmuPluginA.obj
 0001:000135c0       _OpenPlugin@8              100145c0 f   ConEmuPluginA.obj
 0001:00013630       ?ProcessDragFromA@@YIXXZ   10014630 f   ConEmuPluginA.obj
 0001:00013d20       ?ProcessDragToA@@YIXXZ     10014d20 f   ConEmuPluginA.obj
 0001:000141d0       _SetStartupInfo@4          100151d0 f   ConEmuPluginA.obj
 0001:00014410       _GetPluginInfo@4           10015410 f   ConEmuPluginA.obj
 0001:000144c0       ?GetEditorModifiedStateA@@YIKXZ 100154c0 f   ConEmuPluginA.obj
 0001:00014500       _ProcessEditorInput@4      10015500 f   ConEmuPluginA.obj
 0001:00014570       _ProcessEditorEvent@8      10015570 f   ConEmuPluginA.obj
 0001:00014600       _ProcessViewerEvent@8      10015600 f   ConEmuPluginA.obj
 0001:00014680       ?UpdateConEmuTabsA@@YI_NH_N0PAX@Z 10015680 f   ConEmuPluginA.obj
 0001:00014a50       _ProcessDialogEvent@8      10015a50 f   ConEmuPluginA.obj
 0001:00014a60       _ExitFAR@0                 10015a60 f   ConEmuPluginA.obj
 0001:00014ae0       ?ShowMessageA@@YIHPBDH_N@Z 10015ae0 f   ConEmuPluginA.obj
 0001:00014b50       ?ShowMessageA@@YIHHH@Z     10015b50 f   ConEmuPluginA.obj
 0001:00014bb0       ?SetWindowA@@YIXH@Z        10015bb0 f   ConEmuPluginA.obj
 0001:00014c20       ?PostMacroA@@YIXPADPAU_INPUT_RECORD@@@Z 10015c20 f   ConEmuPluginA.obj
 0001:00014cc0       ?ShowPluginMenuA@@YIHPAUConEmuPluginMenuItem@@H@Z 10015cc0 f   ConEmuPluginA.obj
 0001:00014eb0       ?EditOutputA@@YIHPB_WH@Z   10015eb0 f   ConEmuPluginA.obj
 0001:00014fd0       ?GetMsgA@@YIXHAAY0BAE@_W@Z 10015fd0 f   ConEmuPluginA.obj
 0001:00015080       ?IsMacroActiveA@@YIHXZ     10016080 f   ConEmuPluginA.obj
 0001:000150e0       ?RedrawAllA@@YIXXZ         100160e0 f   ConEmuPluginA.obj
 0001:00015110       ?RunExternalProgramA@@YI_NPAD@Z 10016110 f   ConEmuPluginA.obj
 0001:000153b0       ?ProcessCommandLineA@@YI_NPAD@Z 100163b0 f   ConEmuPluginA.obj
 0001:00015400       ?LoadFarColorsA@@YIXAAY0BAA@E@Z 10016400 f   ConEmuPluginA.obj
 0001:000154f0       ?ReloadFarInfoA@@YIHXZ     100164f0 f   ConEmuPluginA.obj
 0001:00015660       ?ExecuteQuitFarA@@YIXXZ    10016660 f   ConEmuPluginA.obj
 0001:00015680       ?FillUpdateBackgroundA@@YIXPAUPaintBackgroundArg@@@Z 10016680 f   ConEmuPluginA.obj
 0001:00015990       ?GetActiveWindowTypeA@@YIHXZ 10016990 f   ConEmuPluginA.obj
 0001:00015a10       ?GuiMacroDlgA@@YIXXZ       10016a10 f   ConEmuPluginA.obj
 0001:00016060       ??0CPluginBackground@@QAE@XZ 10017060 f   PluginBackground.obj
 0001:000162a0       ??1CPluginBackground@@QAE@XZ 100172a0 f   PluginBackground.obj
 0001:000164f0       ?RegisterSubplugin@CPluginBackground@@QAEHPAURegisterBackgroundArg@@@Z 100174f0 f   PluginBackground.obj
 0001:000167e0       ?ReallocItems@CPluginBackground@@IAEXH@Z 100177e0 f   PluginBackground.obj
 0001:00016860       ?OnMainThreadActivated@CPluginBackground@@QAEXHH@Z 10017860 f   PluginBackground.obj
 0001:00016980       ?SetForceCheck@CPluginBackground@@QAEXXZ 10017980 f   PluginBackground.obj
 0001:000169b0       ?SetForceUpdate@CPluginBackground@@QAEX_N@Z 100179b0 f   PluginBackground.obj
 0001:000169f0       ?SetForceThLoad@CPluginBackground@@QAEXXZ 100179f0 f   PluginBackground.obj
 0001:00016a30       ?IsParmChanged@CPluginBackground@@IAE_NPAUPaintBackgroundArg@@0@Z 10017a30 f   PluginBackground.obj
 0001:00016d10       ?CheckPanelFolders@CPluginBackground@@IAEXH@Z 10017d10 f   PluginBackground.obj
 0001:00016e70       ?SetDcPanelRect@CPluginBackground@@IAEXPAUtagRECT@@PAUtag_BkPanelInfo@PaintBackgroundArg@@PAU4@@Z 10017e70 f   PluginBackground.obj
 0001:00016fb0       ?UpdateBackground_Exec@CPluginBackground@@KIXPAURegisterBackgroundArg@@PAUPaintBackgroundArg@@@Z 10017fb0 f   PluginBackground.obj
 0001:00016ff0       ?UpdateBackground@CPluginBackground@@IAEXXZ 10017ff0 f   PluginBackground.obj
 0001:00017e50       ?LoadThSet@CPluginBackground@@IAEHH@Z 10018e50 f   PluginBackground.obj
 0001:00018070       ?MonitorBackground@CPluginBackground@@QAEXXZ 10019070 f   PluginBackground.obj
 0001:00018110       ?GetTo@?$MFileMapping@UPanelViewSetMapping@@@@QAE_NPAUPanelViewSetMapping@@H@Z 10019110 f i PluginBackground.obj
 0001:00018160       ?InitName@?$MFileMapping@UPanelViewSetMapping@@@@QAEPB_WPB_WKK@Z 10019160 f i PluginBackground.obj
 0001:000181b0       ?CloseMap@?$MFileMapping@UPanelViewSetMapping@@@@QAEXXZ 100191b0 f i PluginBackground.obj
 0001:00018220       ?Open@?$MFileMapping@UPanelViewSetMapping@@@@QAEPAUPanelViewSetMapping@@HH@Z 10019220 f i PluginBackground.obj
 0001:00018240       ??0?$MFileMapping@UPanelViewSetMapping@@@@QAE@XZ 10019240 f i PluginBackground.obj
 0001:000182a0       ??1?$MFileMapping@UPanelViewSetMapping@@@@QAE@XZ 100192a0 f i PluginBackground.obj
 0001:000182c0       ?IsValid@?$MFileMapping@UPanelViewSetMapping@@@@QAE_NXZ 100192c0 f i PluginBackground.obj
 0001:000182e0       ?ClosePtr@?$MFileMapping@UPanelViewSetMapping@@@@QAEXXZ 100192e0 f i PluginBackground.obj
 0001:00018310       ?InternalOpenCreate@?$MFileMapping@UPanelViewSetMapping@@@@IAEPAUPanelViewSetMapping@@HHH@Z 10019310 f i PluginBackground.obj
 0001:000185e0       ?PlugServerInit@@YIXXZ     100195e0 f   PluginSrv.obj
 0001:000185f0       ?PlugServerStart@@YI_NXZ   100195f0 f   PluginSrv.obj
 0001:000186e0       ?PlugServerStop@@YIX_N@Z   100196e0 f   PluginSrv.obj
 0001:00018730       ?PlugServerCommand@@YGHPAXPAUCESERVER_REQ@@AAPAU1@AAK3J@Z 10019730 f   PluginSrv.obj
 0001:00018cf0       ?PlugServerFree@@YGXPAUCESERVER_REQ@@J@Z 10019cf0 f   PluginSrv.obj
 0001:00018d00       ?SetOverlapped@?$PipeServer@UCESERVER_REQ@@@@QAEX_N@Z 10019d00 f i PluginSrv.obj
 0001:00018d20       ?SetLoopCommands@?$PipeServer@UCESERVER_REQ@@@@QAEX_N@Z 10019d20 f i PluginSrv.obj
 0001:00018d40       ?SetDummyAnswerSize@?$PipeServer@UCESERVER_REQ@@@@QAEXH@Z 10019d40 f i PluginSrv.obj
 0001:00018d60       ?SetMaxCount@?$PipeServer@UCESERVER_REQ@@@@QAEXH@Z 10019d60 f i PluginSrv.obj
 0001:00018da0       ?StartPipeServer@?$PipeServer@UCESERVER_REQ@@@@QAE_NPB_WJPAU_SECURITY_ATTRIBUTES@@P6GHPAXPAUCESERVER_REQ@@AAPAU3@AAK5J@ZP6GX3J@ZP6GH2J@Z88@Z 10019da0 f i PluginSrv.obj
 0001:00018f80       ?StopPipeServer@?$PipeServer@UCESERVER_REQ@@@@QAEX_N@Z 10019f80 f i PluginSrv.obj
 0001:000194a0       ?BreakConnection@?$PipeServer@UCESERVER_REQ@@@@QAEXPAX@Z 1001a4a0 f i PluginSrv.obj
 0001:000194c0       ?DumpError@?$PipeServer@UCESERVER_REQ@@@@IAEXPAUPipeInst@1@PB_WH@Z 1001a4c0 f i PluginSrv.obj
 0001:000195b0       ?_Disconnect@?$PipeServer@UCESERVER_REQ@@@@IAEXPAUPipeInst@1@_N11@Z 1001a5b0 f i PluginSrv.obj
 0001:00019630       ?StartPipeInstance@?$PipeServer@UCESERVER_REQ@@@@IAE_NPAUPipeInst@1@@Z 1001a630 f i PluginSrv.obj
 0001:00019730       ?_PipeServerThread@?$PipeServer@UCESERVER_REQ@@@@KGKPAX@Z 1001a730 f i PluginSrv.obj
 0001:000197b0       ?PipeServerThread@?$PipeServer@UCESERVER_REQ@@@@IAEKPAUPipeInst@1@@Z 1001a7b0 f i PluginSrv.obj
 0001:00019b40       ?PipeServerRead@?$PipeServer@UCESERVER_REQ@@@@IAEHPAUPipeInst@1@@Z 1001ab40 f i PluginSrv.obj
 0001:00019ea0       ?PipeServerWrite@?$PipeServer@UCESERVER_REQ@@@@IAEHPAUPipeInst@1@PBXKPAKH@Z 1001aea0 f i PluginSrv.obj
 0001:0001a040       ?WaitForClient@?$PipeServer@UCESERVER_REQ@@@@IAE_NPAUPipeInst@1@AAH1@Z 1001b040 f i PluginSrv.obj
 0001:0001a420       ?WriteDummyAnswer@?$PipeServer@UCESERVER_REQ@@@@IAEHPAUPipeInst@1@@Z 1001b420 f i PluginSrv.obj
 0001:0001a4a0       ?WaitOverlapped@?$PipeServer@UCESERVER_REQ@@@@IAEHPAUPipeInst@1@PAK@Z 1001b4a0 f i PluginSrv.obj
 0001:0001a6d0       ?AllocRequestBuf@PipeInst@?$PipeServer@UCESERVER_REQ@@@@QAEPAUCESERVER_REQ@@K@Z 1001b6d0 f i PluginSrv.obj
 0001:0001a750       ??$wcscpy_c@$0BAE@@@YIHAAY0BAE@_WPB_W@Z 1001b750 f i PluginSrv.obj
 0001:0001a860       ?PackInputRecord@@YIHPBU_INPUT_RECORD@@PAUMsgStr@MSG64@@@Z 1001b860 f   Common.obj
 0001:0001aa70       ?UnpackInputRecord@@YIHPBUMsgStr@MSG64@@PAU_INPUT_RECORD@@@Z 1001ba70 f   Common.obj
 0001:0001acd0       ?TranslateKeyPress@@YIXGK_WHPAU_INPUT_RECORD@@1@Z 1001bcd0 f   Common.obj
 0001:0001ae40       ?CommonShutdown@@YIXXZ     1001be40 f   Common.obj
 0001:0001ae70       ?GetImageSubsystem@@YI_NPB_WAAK11@Z 1001be70 f   Execute.obj
 0001:0001b1c0       ?GetImageSubsystem@@YI_NAAK0@Z 1001c1c0 f   Execute.obj
 0001:0001b270       ?GetImageSubsystem@@YI_NU_PROCESS_INFORMATION@@AAK1@Z 1001c270 f   Execute.obj
 0001:0001b460       ?GetEnclosingSectionHeader@@YIPAU_IMAGE_SECTION_HEADER@@KPAUIMAGE_MAPPING@@@Z 1001c460 f   Execute.obj
 0001:0001b4f0       ?GetPtrFromRVA@@YIPAXKPAUIMAGE_MAPPING@@@Z 1001c4f0 f   Execute.obj
 0001:0001b550       ?FindImageSubsystem@@YI_NPB_WAAK11@Z 1001c550 f   Execute.obj
 0001:0001be20       ?ModuleName@@YIPB_WPB_W@Z  1001ce20 f   ConEmuCheck.obj
 0001:0001bf00       ?ExecuteOpenPipe@@YIPAXPB_WAAY0CAI@_W0KKHPAX@Z 1001cf00 f   ConEmuCheck.obj
 0001:0001c130       ?ExecutePrepareCmd@@YIXPAUCESERVER_REQ@@KI@Z 1001d130 f   ConEmuCheck.obj
 0001:0001c180       ?ExecutePrepareCmd@@YIXPAUCESERVER_REQ_HDR@@KI@Z 1001d180 f   ConEmuCheck.obj
 0001:0001c220       ?ExecuteNewCmd@@YIPAUCESERVER_REQ@@KI@Z 1001d220 f   ConEmuCheck.obj
 0001:0001c280       ?ExecuteNewCmd@@YIHAAPAUCESERVER_REQ@@AAKKI@Z 1001d280 f   ConEmuCheck.obj
 0001:0001c300       ?LoadSrvMapping@@YIHPAUHWND__@@AAUCESERVER_CONSOLE_MAPPING_HDR@@@Z 1001d300 f   ConEmuCheck.obj
 0001:0001c420       ?LoadGuiMapping@@YIHKAAUConEmuGuiMapping@@@Z 1001d420 f   ConEmuCheck.obj
 0001:0001c540       ?ExecuteNewCmdOnCreate@@YIPAUCESERVER_REQ@@PAUCESERVER_CONSOLE_MAPPING_HDR@@PAUHWND__@@W4CmdOnCreateType@@PB_W33PAK444HHPAX55@Z 1001d540 f   ConEmuCheck.obj
 0001:0001c9b0       ?ExecuteGuiCmd@@YIPAUCESERVER_REQ@@PAUHWND__@@PAU1@0H@Z 1001d9b0 f   ConEmuCheck.obj
 0001:0001ca40       ?ExecuteSrvCmd@@YIPAUCESERVER_REQ@@KPAU1@PAUHWND__@@HK@Z 1001da40 f   ConEmuCheck.obj
 0001:0001cae0       ?ExecuteHkCmd@@YIPAUCESERVER_REQ@@KPAU1@PAUHWND__@@H@Z 1001dae0 f   ConEmuCheck.obj
 0001:0001cb80       ?ExecuteCmd@@YIPAUCESERVER_REQ@@PB_WPAU1@KPAUHWND__@@HK@Z 1001db80 f   ConEmuCheck.obj
 0001:0001ce40       ?ExecuteFreeResult@@YIXAAPAUCESERVER_REQ@@@Z 1001de40 f   ConEmuCheck.obj
 0001:0001ce80       ?myGetConsoleWindow@@YIPAUHWND__@@XZ 1001de80 f   ConEmuCheck.obj
 0001:0001cf00       ?GetConEmuHWND@@YIPAUHWND__@@H@Z 1001df00 f   ConEmuCheck.obj
 0001:0001d0b0       ?SetConEmuEnvVar@@YIXPAUHWND__@@@Z 1001e0b0 f   ConEmuCheck.obj
 0001:0001d0d0       ?SetConEmuEnvVarChild@@YIXPAUHWND__@@0@Z 1001e0d0 f   ConEmuCheck.obj
 0001:0001d100       ?SetConEmuEnvHWND@@YIXPB_WPAUHWND__@@@Z 1001e100 f   ConEmuCheck.obj
 0001:0001d150       ?ConEmuCheck@@YIHPAPAUHWND__@@@Z 1001e150 f   ConEmuCheck.obj
 0001:0001d190       ?GuiMessageBox@@YIHPAUHWND__@@PB_W1H@Z 1001e190 f   ConEmuCheck.obj
 0001:0001d350       ?InitName@?$MFileMapping@UConEmuGuiMapping@@@@QAEPB_WPB_WKK@Z 1001e350 f i ConEmuCheck.obj
 0001:0001d3a0       ?CloseMap@?$MFileMapping@UConEmuGuiMapping@@@@QAEXXZ 1001e3a0 f i ConEmuCheck.obj
 0001:0001d410       ?Open@?$MFileMapping@UConEmuGuiMapping@@@@QAEPAUConEmuGuiMapping@@HH@Z 1001e410 f i ConEmuCheck.obj
 0001:0001d430       ??0?$MFileMapping@UConEmuGuiMapping@@@@QAE@XZ 1001e430 f i ConEmuCheck.obj
 0001:0001d490       ??1?$MFileMapping@UConEmuGuiMapping@@@@QAE@XZ 1001e490 f i ConEmuCheck.obj
 0001:0001d4b0       ?ClosePtr@?$MFileMapping@UConEmuGuiMapping@@@@QAEXXZ 1001e4b0 f i ConEmuCheck.obj
 0001:0001d4e0       ?InternalOpenCreate@?$MFileMapping@UConEmuGuiMapping@@@@IAEPAUConEmuGuiMapping@@HHH@Z 1001e4e0 f i ConEmuCheck.obj
 0001:0001d6d0       ??$wcscpy_c@$0CA@@@YIHAAY0CA@_WPB_W@Z 1001e6d0 f i ConEmuCheck.obj
 0001:0001d700       ?LoadGuiMapping@@YIHPAUHWND__@@AAUConEmuGuiMapping@@@Z 1001e700 f   ConEmuCheckEx.obj
 0001:0001d740       ?IsConEmuExeExist@@YIHPB_WAAY0BAF@_W@Z 1001e740 f   ConEmuCheckEx.obj
 0001:0001d7e0       ?FindConEmuBaseDir@@YIHAAY0BAF@_W0PAUHINSTANCE__@@@Z 1001e7e0 f   ConEmuCheckEx.obj
 0001:0001dd80       ??$wcscpy_c@$0BAF@@@YIHAAY0BAF@_WPB_W@Z 1001ed80 f i ConEmuCheckEx.obj
 0001:0001de90       ??$wcscpy_add@$0BAF@@@YIHPA_WAAY0BAF@_WPB_W@Z 1001ee90 f i ConEmuCheckEx.obj
 0001:0001dee0       ??$wcscat_c@$0BAF@@@YIHAAY0BAF@_WPB_W@Z 1001eee0 f i ConEmuCheckEx.obj
 0001:0001dfd0       ?HeapInitialize@@YI_NXZ    1001efd0 f   Memory.obj
 0001:0001e000       ?HeapDeinitialize@@YIXXZ   1001f000 f   Memory.obj
 0001:0001e030       ?xf_malloc@@YAPAXI@Z       1001f030 f   Memory.obj
 0001:0001e060       ?xf_calloc@@YAPAXII@Z      1001f060 f   Memory.obj
 0001:0001e090       ?xf_realloc@@YAPAXPAXI@Z   1001f090 f   Memory.obj
 0001:0001e0c0       ?xf_free@@YAXPAX@Z         1001f0c0 f   Memory.obj
 0001:0001e0f0       ?xf_validate@@YA_NPAX@Z    1001f0f0 f   Memory.obj
 0001:0001e120       ??2@YAPAXI@Z               1001f120 f   Memory.obj
 0001:0001e140       ??_U@YAPAXI@Z              1001f140 f   Memory.obj
 0001:0001e160       ??3@YAXPAX@Z               1001f160 f   Memory.obj
 0001:0001e180       ??_V@YAXPAX@Z              1001f180 f   Memory.obj
 0001:0001e1a0       ?lstrdup@@YIPADPBD@Z       1001f1a0 f   Memory.obj
 0001:0001e210       ?StringCchCopyA@@YGJPADIPBD@Z 1001f210 f i Memory.obj
 0001:0001e330       ?lstrdup@@YIPA_WPB_W@Z     1001f330 f   Memory.obj
 0001:0001e480       ?lstrdupW@@YIPA_WPBDI@Z    1001f480 f   Memory.obj
 0001:0001e500       ?lstrmerge@@YIPA_WPB_W000@Z 1001f500 f   Memory.obj
 0001:0001e620       ?lstrmerge@@YI_NPAPA_WPB_W11@Z 1001f620 f   Memory.obj
 0001:0001e680       ?FindMonitorsWorkspace@@YGHPAUHMONITOR__@@PAUHDC__@@PAUtagRECT@@J@Z 1001f680 f   Monitors.obj
 0001:0001e700       ?GetAllMonitorsWorkspace@@YI?AUtagRECT@@XZ 1001f700 f   Monitors.obj
 0001:0001e780       ?FindPrimaryMonitor@@YGHPAUHMONITOR__@@PAUHDC__@@PAUtagRECT@@J@Z 1001f780 f   Monitors.obj
 0001:0001e800       ?GetMonitorInfoSafe@@YI_NPAUHMONITOR__@@AAUtagMONITORINFO@@@Z 1001f800 f   Monitors.obj
 0001:0001e850       ?GetPrimaryMonitorInfo@@YIPAUHMONITOR__@@PAUtagMONITORINFO@@@Z 1001f850 f   Monitors.obj
 0001:0001e900       ?GetNearestMonitorInfo@@YIPAUHMONITOR__@@PAUtagMONITORINFO@@PAU1@PBUtagRECT@@PAUHWND__@@@Z 1001f900 f   Monitors.obj
 0001:0001e9f0       ?EnumAllMonitors@@YGHPAUHMONITOR__@@PAUHDC__@@PAUtagRECT@@J@Z 1001f9f0 f   Monitors.obj
 0001:0001ea60       ?MonitorSortCallback@@YIHAAU_FindAllMonitorsItem@@0@Z 1001fa60 f   Monitors.obj
 0001:0001ead0       ?GetNextMonitorInfo@@YIPAUHMONITOR__@@PAUtagMONITORINFO@@PBUtagRECT@@_N@Z 1001fad0 f   Monitors.obj
 0001:0001ece0       ??0_FindAllMonitors@@QAE@XZ 1001fce0 f i Monitors.obj
 0001:0001ed00       ??1_FindAllMonitors@@QAE@XZ 1001fd00 f i Monitors.obj
 0001:0001ed20       ??0?$MArray@U_FindAllMonitorsItem@@@@QAE@XZ 1001fd20 f i Monitors.obj
 0001:0001ed60       ??1?$MArray@U_FindAllMonitorsItem@@@@QAE@XZ 1001fd60 f i Monitors.obj
 0001:0001ed80       ??A?$MArray@U_FindAllMonitorsItem@@@@QAEAAU_FindAllMonitorsItem@@H@Z 1001fd80 f i Monitors.obj
 0001:0001eda0       ?push_back@?$MArray@U_FindAllMonitorsItem@@@@QAEHABU_FindAllMonitorsItem@@@Z 1001fda0 f i Monitors.obj
 0001:0001ee30       ?size@?$MArray@U_FindAllMonitorsItem@@@@QBEHXZ 1001fe30 f i Monitors.obj
 0001:0001ee50       ?sort@?$MArray@U_FindAllMonitorsItem@@@@QAEXP6IHAAU_FindAllMonitorsItem@@0@Z@Z 1001fe50 f i Monitors.obj
 0001:0001ef40       ?clear@?$MArray@U_FindAllMonitorsItem@@@@QAEXXZ 1001ff40 f i Monitors.obj
 0001:0001ef90       ?addsize@?$MArray@U_FindAllMonitorsItem@@@@QAEXH@Z 1001ff90 f i Monitors.obj
 0001:0001f080       ?NullSecurity@@YIPAU_SECURITY_ATTRIBUTES@@XZ 10020080 f   MSecurity.obj
 0001:0001f0d0       ??0MNullDesc@@QAE@XZ       100200d0 f i MSecurity.obj
 0001:0001f130       ?NullSecurity@MNullDesc@@QAEPAU_SECURITY_ATTRIBUTES@@XZ 10020130 f i MSecurity.obj
 0001:0001f230       ?LoadAdvApi@MNullDesc@@IAEHXZ 10020230 f i MSecurity.obj
 0001:0001f450       ?UnloadAdvApi@MNullDesc@@IAEXXZ 10020450 f i MSecurity.obj
 0001:0001f480       ?LocalSecurity@@YIPAU_SECURITY_ATTRIBUTES@@XZ 10020480 f   MSecurity.obj
 0001:0001f4d0       ?LocalSecurity@MNullDesc@@QAEPAU_SECURITY_ATTRIBUTES@@XZ 100204d0 f i MSecurity.obj
 0001:0001f6f0       ?ShutdownSecurity@@YIXXZ   100206f0 f   MSecurity.obj
 0001:0001f740       ??_GMNullDesc@@QAEPAXI@Z   10020740 f i MSecurity.obj
 0001:0001f770       ??1MNullDesc@@QAE@XZ       10020770 f i MSecurity.obj
 0001:0001f7d0       ?msprintf@@YAPB_WPA_WIPB_WZZ 100207d0 f   MStrSafe.obj
 0001:0001fce0       ?msprintf@@YAPBDPADIPBDZZ  10020ce0 f   MStrSafe.obj
 0001:00020140       ?lstrcmpni@@YIHPB_W0H@Z    10021140 f   MStrSafe.obj
 0001:000201e0       ?ShutdownConsole@@YGXXZ    100211e0 f   WinConsole.obj
 0001:00020230       ?SetConsoleInfo@@YIHPAUHWND__@@PAU_CONSOLE_INFO@@@Z 10021230 f   WinConsole.obj
 0001:00020510       ?ChangeScreenBufferSize@@YIXAAU_CONSOLE_SCREEN_BUFFER_INFO@@FFFF@Z 10021510 f   WinConsole.obj
 0001:00020620       ?GetConWindowSize@@YIHABU_CONSOLE_SCREEN_BUFFER_INFO@@HHKPAH1PAK@Z 10021620 f   WinConsole.obj
 0001:00020770       ?GetConsoleSizeInfo@@YIXPAU_CONSOLE_INFO@@@Z 10021770 f   WinConsole.obj
 0001:00020820       ?apiGetConsoleScreenBufferInfoEx@@YIHPAXPAUMY_CONSOLE_SCREEN_BUFFER_INFOEX@@@Z 10021820 f   WinConsole.obj
 0001:00020890       ?apiSetConsoleScreenBufferInfoEx@@YIHPAXPAUMY_CONSOLE_SCREEN_BUFFER_INFOEX@@@Z 10021890 f   WinConsole.obj
 0001:00020910       ?apiGetConsoleFontSize@@YIHPAXAAH1AAY0CA@_W@Z 10021910 f   WinConsole.obj
 0001:000209b0       ?apiSetConsoleFontSize@@YIHPAXHHPB_W@Z 100219b0 f   WinConsole.obj
 0001:00020a60       ?apiFixFontSizeForBufferSize@@YIHPAXU_COORD@@@Z 10021a60 f   WinConsole.obj
 0001:00020f50       ?SetConsoleFontSizeTo@@YIXPAUHWND__@@HHPB_WGG@Z 10021f50 f   WinConsole.obj
 0001:000214a0       ?EvaluateDefaultFontWidth@@YIHHPB_W@Z 100224a0 f   WinConsole.obj
 0001:000215e0       ?SetUserFriendlyFont@@YIXPAUHWND__@@@Z 100225e0 f   WinConsole.obj
 0001:00021a70       ?CorrectConsolePos@@YIXPAUHWND__@@@Z 10022a70 f   WinConsole.obj
 0001:00021bb0       ?EmergencyShow@@YIXPAUHWND__@@@Z 10022bb0 f   WinConsole.obj
 0001:00021c60       ?getWindowInfo@@YIXPAUHWND__@@AAY0EAA@_W@Z 10022c60 f   WinObjects.obj
 0001:00021dc0       ?apiSetForegroundWindow@@YIHPAUHWND__@@@Z 10022dc0 f   WinObjects.obj
 0001:00021de0       ?apiShowWindow@@YIHPAUHWND__@@H@Z 10022de0 f   WinObjects.obj
 0001:00021e10       ?apiShowWindowAsync@@YIHPAUHWND__@@H@Z 10022e10 f   WinObjects.obj
 0001:00021e40       ?isWindow@@YIHPAUHWND__@@@Z 10022e40 f   WinObjects.obj
 0001:00021eb0       ?FileCompare@@YIHPB_W0@Z   10022eb0 f   WinObjects.obj
 0001:000220d0       ?FileExists@@YIHPB_WPAK@Z  100230d0 f   WinObjects.obj
 0001:000222b0       ?FileExistsSearch@@YIHPA_WI@Z 100232b0 f   WinObjects.obj
 0001:000224b0       ?DirectoryExists@@YIHPB_W@Z 100234b0 f   WinObjects.obj
 0001:000225a0       ?MyCreateDirectory@@YIHPA_W@Z 100235a0 f   WinObjects.obj
 0001:000226b0       ?IsFilePath@@YIHPB_W@Z     100236b0 f   WinObjects.obj
 0001:00022790       ?GetShortFileName@@YIHPB_WHPA_WH@Z 10023790 f   WinObjects.obj
 0001:000229a0       ?GetShortFileNameEx@@YIPA_WPB_WH@Z 100239a0 f   WinObjects.obj
 0001:00022db0       ?IsUserAdmin@@YIHXZ        10023db0 f   WinObjects.obj
 0001:00022e70       ?GetLogonSID@@YIHPAXPAPA_W@Z 10023e70 f   WinObjects.obj
 0001:00022f90       ?IsWine@@YI_NXZ            10023f90 f   WinObjects.obj
 0001:00023020       ?IsDbcs@@YI_NXZ            10024020 f   WinObjects.obj
 0001:00023040       ?IsWindows64@@YI_NXZ       10024040 f   WinObjects.obj
 0001:000230d0       ?GetProcessBits@@YIHKPAX@Z 100240d0 f   WinObjects.obj
 0001:000231b0       ?GetProcessInfo@@YI_NKPAUtagPROCESSENTRY32W@@@Z 100241b0 f   WinObjects.obj
 0001:00023290       ?isTerminalMode@@YI_NXZ    10024290 f   WinObjects.obj
 0001:000235b0       ?IsModuleValid@@YI_NPAUHINSTANCE__@@@Z 100245b0 f   WinObjects.obj
 0001:00023640       ?CheckCallbackPtr@@YIHPAUHINSTANCE__@@IPAP6GHXZHH@Z 10024640 f   WinObjects.obj
 0001:00023790       ?RemoveOldComSpecC@@YIXXZ  10024790 f   WinObjects.obj
 0001:000238c0       ?PointToName@@YIPB_WPB_W@Z 100248c0 f   WinObjects.obj
 0001:00023910       ?PointToName@@YIPBDPBD@Z   10024910 f   WinObjects.obj
 0001:00023950       ?PointToExt@@YIPB_WPB_W@Z  10024950 f   WinObjects.obj
 0001:00023990       ?Unquote@@YIPB_WPA_W@Z     10024990 f   WinObjects.obj
 0001:00023a00       ?ExpandMacroValues@@YIPA_WPB_WPAPB_WI@Z 10024a00 f   WinObjects.obj
 0001:00023bc0       ?ExpandEnvStr@@YIPA_WPB_W@Z 10024bc0 f   WinObjects.obj
 0001:00023c60       ?GetFullPathNameEx@@YIPA_WPB_W@Z 10024c60 f   WinObjects.obj
 0001:00023d30       ??0MConHandle@@QAE@PB_W@Z  10024d30 f   WinObjects.obj
 0001:00023db0       ?LogHandle@MConHandle@@AAEXIPAX@Z 10024db0 f   WinObjects.obj
 0001:00023e20       ??1MConHandle@@QAE@XZ      10024e20 f   WinObjects.obj
 0001:00023e40       ?SetBufferPtr@MConHandle@@QAEXPAPAX@Z 10024e40 f   WinObjects.obj
 0001:00023e60       ??BMConHandle@@QAEQAXXZ    10024e60 f   WinObjects.obj
 0001:00024150       ?strrchr@@YAPADPADH@Z      10025150 f i WinObjects.obj
 0001:00024170       ?Close@MConHandle@@QAEXXZ  10025170 f   WinObjects.obj
 0001:00024220       ??0MEvent@@QAE@XZ          10025220 f   WinObjects.obj
 0001:00024250       ??1MEvent@@QAE@XZ          10025250 f   WinObjects.obj
 0001:00024270       ?Close@MEvent@@QAEXXZ      10025270 f   WinObjects.obj
 0001:000242c0       ?InitName@MEvent@@QAEXPB_WK@Z 100252c0 f   WinObjects.obj
 0001:00024310       ?Open@MEvent@@QAEPAXXZ     10025310 f   WinObjects.obj
 0001:00024390       ?Wait@MEvent@@QAEKKH@Z     10025390 f   WinObjects.obj
 0001:000243f0       ?GetHandle@MEvent@@QAEPAXXZ 100253f0 f   WinObjects.obj
 0001:00024410       ??0MSetter@@QAE@PAH@Z      10025410 f   WinObjects.obj
 0001:00024450       ??0MSetter@@QAE@PA_N@Z     10025450 f   WinObjects.obj
 0001:00024490       ??0MSetter@@QAE@PAKK@Z     10025490 f   WinObjects.obj
 0001:000244d0       ??1MSetter@@QAE@XZ         100254d0 f   WinObjects.obj
 0001:000244f0       ?Unlock@MSetter@@QAEXXZ    100254f0 f   WinObjects.obj
 0001:00024560       ??0MSection@@QAE@XZ        10025560 f   WinObjects.obj
 0001:00024600       ??1MSection@@QAE@XZ        10025600 f   WinObjects.obj
 0001:00024680       ?Process_Lock@MSection@@IAEXXZ 10025680 f   WinObjects.obj
 0001:000246a0       ?Process_Unlock@MSection@@IAEXXZ 100256a0 f   WinObjects.obj
 0001:000246c0       ?ThreadTerminated@MSection@@QAEXK@Z 100256c0 f   WinObjects.obj
 0001:00024710       ?AddRef@MSection@@IAEXK@Z  10025710 f   WinObjects.obj
 0001:00024800       ?ReleaseRef@MSection@@IAEHK@Z 10025800 f   WinObjects.obj
 0001:000248d0       ?WaitUnlocked@MSection@@IAEXKK@Z 100258d0 f   WinObjects.obj
 0001:00024970       ?MyEnterCriticalSection@MSection@@IAE_NK@Z 10025970 f   WinObjects.obj
 0001:00024b40       ?Lock@MSection@@IAEHHK@Z   10025b40 f   WinObjects.obj
 0001:00024c90       ?Unlock@MSection@@IAEXH@Z  10025c90 f   WinObjects.obj
 0001:00024d00       ?isLockedExclusive@MSection@@QAE_NXZ 10025d00 f   WinObjects.obj
 0001:00024d50       ??0MSectionThread@@QAE@PAVMSection@@@Z 10025d50 f   WinObjects.obj
 0001:00024d80       ??1MSectionThread@@QAE@XZ  10025d80 f   WinObjects.obj
 0001:00024db0       ??0MSectionLock@@QAE@XZ    10025db0 f   WinObjects.obj
 0001:00024de0       ??1MSectionLock@@QAE@XZ    10025de0 f   WinObjects.obj
 0001:00024e10       ?Lock@MSectionLock@@QAEHPAVMSection@@HK@Z 10025e10 f   WinObjects.obj
 0001:00024e90       ?RelockExclusive@MSectionLock@@QAEHK@Z 10025e90 f   WinObjects.obj
 0001:00024f00       ?Unlock@MSectionLock@@QAEXXZ 10025f00 f   WinObjects.obj
 0001:00024f40       ?isLocked@MSectionLock@@QAEHH@Z 10025f40 f   WinObjects.obj
 0001:00024f90       ??0MSectionLockSimple@@QAE@XZ 10025f90 f   WinObjects.obj
 0001:00024fb0       ??1MSectionLockSimple@@QAE@XZ 10025fb0 f   WinObjects.obj
 0001:00024fd0       ?Lock@MSectionLockSimple@@QAEHPAU_RTL_CRITICAL_SECTION@@K@Z 10025fd0 f   WinObjects.obj
 0001:00025070       ?Unlock@MSectionLockSimple@@QAEXXZ 10026070 f   WinObjects.obj
 0001:000250b0       ?isLocked@MSectionLockSimple@@QAEHXZ 100260b0 f   WinObjects.obj
 0001:000250d0       ??0MFileLog@@QAE@PB_W0K@Z  100260d0 f   WinObjects.obj
 0001:00025140       ?InitFileName@MFileLog@@IAEJPB_WK@Z 10026140 f   WinObjects.obj
 0001:000251d0       ??1MFileLog@@QAE@XZ        100261d0 f   WinObjects.obj
 0001:00025220       ?CloseLogFile@MFileLog@@QAEXXZ 10026220 f   WinObjects.obj
 0001:000252a0       ?CreateLogFile@MFileLog@@QAEJPB_WKK@Z 100262a0 f   WinObjects.obj
 0001:00025900       ?GetLogFileName@MFileLog@@QAEPB_WXZ 10026900 f   WinObjects.obj
 0001:00025940       ?LogString@MFileLog@@QAEXPBD_N01I@Z 10026940 f   WinObjects.obj
 0001:00025a90       ?LogString@MFileLog@@QAEXPB_W_N01@Z 10026a90 f   WinObjects.obj
 0001:00025d90       ?MonitorEnumProc@MFileLog@@KGHPAUHMONITOR__@@PAUHDC__@@PAUtagRECT@@J@Z 10026d90 f   WinObjects.obj
 0001:00025ed0       ?LogStartEnv@MFileLog@@QAEXPAUCEStartupEnv@@@Z 10026ed0 f   WinObjects.obj
 0001:000268b0       ??0CToolTip@@QAE@XZ        100278b0 f   WinObjects.obj
 0001:00026920       ??_ECToolTip@@UAEPAXI@Z    10027920 f i WinObjects.obj
 0001:00026920       ??_GCToolTip@@UAEPAXI@Z    10027920 f i WinObjects.obj
 0001:00026950       ??1CToolTip@@UAE@XZ        10027950 f   WinObjects.obj
 0001:000269f0       ?ShowTip@CToolTip@@QAEXPAUHWND__@@0PB_WHUtagPOINT@@PAUHINSTANCE__@@@Z 100279f0 f   WinObjects.obj
 0001:00026cd0       ?HideTip@CToolTip@@QAEXXZ  10027cd0 f   WinObjects.obj
 0001:00026d40       ??0CTimer@@QAE@XZ          10027d40 f   WinObjects.obj
 0001:00026d80       ??1CTimer@@QAE@XZ          10027d80 f   WinObjects.obj
 0001:00026da0       ?IsStarted@CTimer@@QAE_NXZ 10027da0 f   WinObjects.obj
 0001:00026dc0       ?Start@CTimer@@QAEXI@Z     10027dc0 f   WinObjects.obj
 0001:00026e20       ?Stop@CTimer@@QAEXXZ       10027e20 f   WinObjects.obj
 0001:00026e50       ?Restart@CTimer@@QAEXI@Z   10027e50 f   WinObjects.obj
 0001:00026e80       ?Init@CTimer@@QAEXPAUHWND__@@II@Z 10027e80 f   WinObjects.obj
 0001:00026eb0       ?MyGetLargestConsoleWindowSize@@YI?AU_COORD@@PAX@Z 10027eb0 f   WinObjects.obj
 0001:00026f30       ?DuplicateProcessHandle@@YIPAXK@Z 10027f30 f   WinObjects.obj
 0001:00026fa0       ?FindComspec@@YIXPAUConEmuComspec@@@Z 10027fa0 f   WinObjects.obj
 0001:000278d0       ?GetEnvVar@@YIPA_WPB_WK@Z  100288d0 f   WinObjects.obj
 0001:000279e0       ?UpdateComspec@@YIXPAUConEmuComspec@@_N@Z 100289e0 f   WinObjects.obj
 0001:00027d20       ?SetEnvVarExpanded@@YIXPB_W0@Z 10028d20 f   WinObjects.obj
 0001:00027e20       ?GetComspecFromEnvVar@@YIPB_WPA_WKW4ComSpecBits@@@Z 10028e20 f   WinObjects.obj
 0001:00027fe0       ?GetComspec@@YIPA_WPBUConEmuComspec@@@Z 10028fe0 f   WinObjects.obj
 0001:00028220       ?IsExportEnvVarAllowed@@YI_NPB_W@Z 10029220 f   WinObjects.obj
 0001:00028290       ?ApplyExportEnvVar@@YIXPB_W@Z 10029290 f   WinObjects.obj
 0001:00028310       ?CopyToClipboard@@YI_NPB_W@Z 10029310 f   WinObjects.obj
 0001:000283c0       ??$wcscpy_c@$0EAA@@@YIHAAY0EAA@_WPB_W@Z 100293c0 f i WinObjects.obj
 0001:000283f0       ??$wcscpy_c@$0BAA@@@YIHAAY0BAA@_WPB_W@Z 100293f0 f i WinObjects.obj
 0001:00028420       ??$wcscpy_c@$0EBA@@@YIHAAY0EBA@_WPB_W@Z 10029420 f i WinObjects.obj
 0001:00028448       _GetProcAddress@8          10029448 f   kernel32:KERNEL32.dll
 0001:0002844e       _GetCurrentProcessId@0     1002944e f   kernel32:KERNEL32.dll
 0001:00028454       _GetLastError@0            10029454 f   kernel32:KERNEL32.dll
 0001:0002845a       _LoadLibraryW@4            1002945a f   kernel32:KERNEL32.dll
 0001:00028460       _GetModuleHandleW@4        10029460 f   kernel32:KERNEL32.dll
 0001:00028466       _IsDebuggerPresent@0       10029466 f   kernel32:KERNEL32.dll
 0001:0002846c       _SetEvent@4                1002946c f   kernel32:KERNEL32.dll
 0001:00028472       _lstrcpyW@8                10029472 f   kernel32:KERNEL32.dll
 0001:00028478       _lstrlenW@4                10029478 f   kernel32:KERNEL32.dll
 0001:0002847e       _SetEnvironmentVariableW@8 1002947e f   kernel32:KERNEL32.dll
 0001:00028484       _IsBadStringPtrW@8         10029484 f   kernel32:KERNEL32.dll
 0001:0002848a       _GetNumberOfConsoleInputEvents@8 1002948a f   kernel32:KERNEL32.dll
 0001:00028490       _GetStdHandle@4            10029490 f   kernel32:KERNEL32.dll
 0001:00028496       _GetTickCount@0            10029496 f   kernel32:KERNEL32.dll
 0001:0002849c       _SetLastError@4            1002949c f   kernel32:KERNEL32.dll
 0001:000284a2       _GetCurrentThreadId@0      100294a2 f   kernel32:KERNEL32.dll
 0001:000284a8       _ReadConsoleInputW@16      100294a8 f   kernel32:KERNEL32.dll
 0001:000284ae       _PeekConsoleInputW@16      100294ae f   kernel32:KERNEL32.dll
 0001:000284b4       _lstrcatW@8                100294b4 f   kernel32:KERNEL32.dll
 0001:000284ba       _GetModuleFileNameW@12     100294ba f   kernel32:KERNEL32.dll
 0001:000284c0       _WriteConsoleInputW@16     100294c0 f   kernel32:KERNEL32.dll
 0001:000284c6       _WaitForSingleObject@8     100294c6 f   kernel32:KERNEL32.dll
 0001:000284cc       _ReleaseSemaphore@12       100294cc f   kernel32:KERNEL32.dll
 0001:000284d2       _WaitForMultipleObjects@16 100294d2 f   kernel32:KERNEL32.dll
 0001:000284d8       _ResetEvent@4              100294d8 f   kernel32:KERNEL32.dll
 0001:000284de       _InterlockedDecrement@4    100294de f   kernel32:KERNEL32.dll
 0001:000284e4       _InterlockedIncrement@4    100294e4 f   kernel32:KERNEL32.dll
 0001:000284ea       _GetConsoleScreenBufferInfo@8 100294ea f   kernel32:KERNEL32.dll
 0001:000284f0       _SuspendThread@4           100294f0 f   kernel32:KERNEL32.dll
 0001:000284f6       _ResumeThread@4            100294f6 f   kernel32:KERNEL32.dll
 0001:000284fc       _TerminateProcess@8        100294fc f   kernel32:KERNEL32.dll
 0001:00028502       _GetCurrentProcess@0       10029502 f   kernel32:KERNEL32.dll
 0001:00028508       _CloseHandle@4             10029508 f   kernel32:KERNEL32.dll
 0001:0002850e       _Module32NextW@8           1002950e f   kernel32:KERNEL32.dll
 0001:00028514       _Module32FirstW@8          10029514 f   kernel32:KERNEL32.dll
 0001:0002851a       _CreateToolhelp32Snapshot@8 1002951a f   kernel32:KERNEL32.dll
 0001:00028520       _GetEnvironmentVariableW@12 10029520 f   kernel32:KERNEL32.dll
 0001:00028526       _CreateThread@24           10029526 f   kernel32:KERNEL32.dll
 0001:0002852c       _CreateSemaphoreW@16       1002952c f   kernel32:KERNEL32.dll
 0001:00028532       _CreateEventW@16           10029532 f   kernel32:KERNEL32.dll
 0001:00028538       _OpenFileMappingW@12       10029538 f   kernel32:KERNEL32.dll
 0001:0002853e       _VirtualProtect@16         1002953e f   kernel32:KERNEL32.dll
 0001:00028544       _MapViewOfFile@20          10029544 f   kernel32:KERNEL32.dll
 0001:0002854a       _CreateFileMappingW@24     1002954a f   kernel32:KERNEL32.dll
 0001:00028550       _lstrcmpW@8                10029550 f   kernel32:KERNEL32.dll
 0001:00028556       _lstrcpynW@12              10029556 f   kernel32:KERNEL32.dll
 0001:0002855c       _lstrcmpiW@8               1002955c f   kernel32:KERNEL32.dll
 0001:00028562       _UnmapViewOfFile@4         10029562 f   kernel32:KERNEL32.dll
 0001:00028568       _TerminateThread@8         10029568 f   kernel32:KERNEL32.dll
 0001:0002856e       _SetConsoleTitleW@4        1002956e f   kernel32:KERNEL32.dll
 0001:00028574       _GetConsoleTitleW@8        10029574 f   kernel32:KERNEL32.dll
 0001:0002857a       _WideCharToMultiByte@32    1002957a f   kernel32:KERNEL32.dll
 0001:00028580       _DeleteFileW@4             10029580 f   kernel32:KERNEL32.dll
 0001:00028586       _CreateProcessW@40         10029586 f   kernel32:KERNEL32.dll
 0001:0002858c       _GetExitCodeProcess@8      1002958c f   kernel32:KERNEL32.dll
 0001:00028592       _SetConsoleMode@8          10029592 f   kernel32:KERNEL32.dll
 0001:00028598       _GetConsoleMode@8          10029598 f   kernel32:KERNEL32.dll
 0001:0002859e       _GetConsoleCursorInfo@8    1002959e f   kernel32:KERNEL32.dll
 0001:000285a4       _Thread32Next@8            100295a4 f   kernel32:KERNEL32.dll
 0001:000285aa       _Thread32First@8           100295aa f   kernel32:KERNEL32.dll
 0001:000285b0       _ExpandEnvironmentStringsW@12 100295b0 f   kernel32:KERNEL32.dll
 0001:000285b6       _lstrcmpA@8                100295b6 f   kernel32:KERNEL32.dll
 0001:000285bc       _MultiByteToWideChar@24    100295bc f   kernel32:KERNEL32.dll
 0001:000285c2       _lstrlenA@4                100295c2 f   kernel32:KERNEL32.dll
 0001:000285c8       _lstrcpynA@12              100295c8 f   kernel32:KERNEL32.dll
 0001:000285ce       _GetCurrentDirectoryW@8    100295ce f   kernel32:KERNEL32.dll
 0001:000285d4       _lstrcpyA@8                100295d4 f   kernel32:KERNEL32.dll
 0001:000285da       _DisconnectNamedPipe@4     100295da f   kernel32:KERNEL32.dll
 0001:000285e0       _SetThreadPriority@8       100295e0 f   kernel32:KERNEL32.dll
 0001:000285e6       _Sleep@4                   100295e6 f   kernel32:KERNEL32.dll
 0001:000285ec       _FlushFileBuffers@4        100295ec f   kernel32:KERNEL32.dll
 0001:000285f2       _ReadFile@20               100295f2 f   kernel32:KERNEL32.dll
 0001:000285f8       _GetOverlappedResult@16    100295f8 f   kernel32:KERNEL32.dll
 0001:000285fe       _WriteFile@20              100295fe f   kernel32:KERNEL32.dll
 0001:00028604       _ConnectNamedPipe@8        10029604 f   kernel32:KERNEL32.dll
 0001:0002860a       _CreateNamedPipeW@32       1002960a f   kernel32:KERNEL32.dll
 0001:00028610       _SetFilePointer@16         10029610 f   kernel32:KERNEL32.dll
 0001:00028616       _GetFileInformationByHandle@8 10029616 f   kernel32:KERNEL32.dll
 0001:0002861c       _CreateFileW@28            1002961c f   kernel32:KERNEL32.dll
 0001:00028622       _ReadProcessMemory@20      10029622 f   kernel32:KERNEL32.dll
 0001:00028628       _FreeLibrary@4             10029628 f   kernel32:KERNEL32.dll
 0001:0002862e       _GetVersionExW@4           1002962e f   kernel32:KERNEL32.dll
 0001:00028634       _SearchPathW@24            10029634 f   kernel32:KERNEL32.dll
 0001:0002863a       _DebugBreak@0              1002963a f   kernel32:KERNEL32.dll
 0001:00028640       _SetNamedPipeHandleState@16 10029640 f   kernel32:KERNEL32.dll
 0001:00028646       _WaitNamedPipeW@8          10029646 f   kernel32:KERNEL32.dll
 0001:0002864c       _TransactNamedPipe@28      1002964c f   kernel32:KERNEL32.dll
 0001:00028652       _GetConsoleWindow@0        10029652 f   kernel32:KERNEL32.dll
 0001:00028658       _HeapCreate@12             10029658 f   kernel32:KERNEL32.dll
 0001:0002865e       _HeapDestroy@4             1002965e f   kernel32:KERNEL32.dll
 0001:00028664       _HeapAlloc@12              10029664 f   kernel32:KERNEL32.dll
 0001:0002866a       _HeapReAlloc@16            1002966a f   kernel32:KERNEL32.dll
 0001:00028670       _HeapFree@12               10029670 f   kernel32:KERNEL32.dll
 0001:00028676       _HeapValidate@12           10029676 f   kernel32:KERNEL32.dll
 0001:0002867c       _LocalFree@4               1002967c f   kernel32:KERNEL32.dll
 0001:00028682       _LocalAlloc@8              10029682 f   kernel32:KERNEL32.dll
 0001:00028688       _SetConsoleWindowInfo@12   10029688 f   kernel32:KERNEL32.dll
 0001:0002868e       _GetConsoleOutputCP@0      1002968e f   kernel32:KERNEL32.dll
 0001:00028694       _GetFileSizeEx@8           10029694 f   kernel32:KERNEL32.dll
 0001:0002869a       _FindClose@4               1002969a f   kernel32:KERNEL32.dll
 0001:000286a0       _FindNextFileW@8           100296a0 f   kernel32:KERNEL32.dll
 0001:000286a6       _FindFirstFileW@8          100296a6 f   kernel32:KERNEL32.dll
 0001:000286ac       _CreateDirectoryW@8        100296ac f   kernel32:KERNEL32.dll
 0001:000286b2       _OpenProcess@12            100296b2 f   kernel32:KERNEL32.dll
 0001:000286b8       _Process32NextW@8          100296b8 f   kernel32:KERNEL32.dll
 0001:000286be       _Process32FirstW@8         100296be f   kernel32:KERNEL32.dll
 0001:000286c4       _IsBadReadPtr@8            100296c4 f   kernel32:KERNEL32.dll
 0001:000286ca       _GetFullPathNameW@16       100296ca f   kernel32:KERNEL32.dll
 0001:000286d0       _GetModuleFileNameA@12     100296d0 f   kernel32:KERNEL32.dll
 0001:000286d6       _OpenEventW@12             100296d6 f   kernel32:KERNEL32.dll
 0001:000286dc       _InitializeCriticalSection@4 100296dc f   kernel32:KERNEL32.dll
 0001:000286e2       _DeleteCriticalSection@4   100296e2 f   kernel32:KERNEL32.dll
 0001:000286e8       _EnterCriticalSection@4    100296e8 f   kernel32:KERNEL32.dll
 0001:000286ee       _LeaveCriticalSection@4    100296ee f   kernel32:KERNEL32.dll
 0001:000286f4       _TryEnterCriticalSection@4 100296f4 f   kernel32:KERNEL32.dll
 0001:000286fa       _OpenThread@12             100296fa f   kernel32:KERNEL32.dll
 0001:00028700       _GetLocalTime@4            10029700 f   kernel32:KERNEL32.dll
 0001:00028706       _GetLargestConsoleWindowSize@4 10029706 f   kernel32:KERNEL32.dll
 0001:0002870c       _DuplicateHandle@28        1002970c f   kernel32:KERNEL32.dll
 0001:00028712       _GetWindowsDirectoryW@8    10029712 f   kernel32:KERNEL32.dll
 0001:00028718       _GlobalUnlock@4            10029718 f   kernel32:KERNEL32.dll
 0001:0002871e       _GlobalLock@4              1002971e f   kernel32:KERNEL32.dll
 0001:00028724       _GlobalAlloc@8             10029724 f   kernel32:KERNEL32.dll
 0001:0002872a       _MessageBoxW@16            1002972a f   user32:USER32.dll
 0001:00028730       _wsprintfW                 10029730 f   user32:USER32.dll
 0001:00028736       _IsWindow@4                10029736 f   user32:USER32.dll
 0001:0002873c       _GetWindowLongW@8          1002973c f   user32:USER32.dll
 0001:00028742       _GetParent@4               10029742 f   user32:USER32.dll
 0001:00028748       _PostMessageW@16           10029748 f   user32:USER32.dll
 0001:0002874e       _RegisterWindowMessageW@4  1002974e f   user32:USER32.dll
 0001:00028754       _GetWindowThreadProcessId@8 10029754 f   user32:USER32.dll
 0001:0002875a       _IsWindowVisible@4         1002975a f   user32:USER32.dll
 0001:00028760       _CharUpperBuffW@8          10029760 f   user32:USER32.dll
 0001:00028766       _FillRect@12               10029766 f   user32:USER32.dll
 0001:0002876c       _ReleaseDC@8               1002976c f   user32:USER32.dll
 0001:00028772       _GetDC@4                   10029772 f   user32:USER32.dll
 0001:00028778       _ActivateKeyboardLayout@8  10029778 f   user32:USER32.dll
 0001:0002877e       _LoadKeyboardLayoutW@8     1002977e f   user32:USER32.dll
 0001:00028784       _MapVirtualKeyW@8          10029784 f   user32:USER32.dll
 0001:0002878a       _VkKeyScanW@4              1002978a f   user32:USER32.dll
 0001:00028790       _FindWindowW@8             10029790 f   user32:USER32.dll
 0001:00028796       _GetSystemMetrics@4        10029796 f   user32:USER32.dll
 0001:0002879c       _IsRectEmpty@4             1002979c f   user32:USER32.dll
 0001:000287a2       _EnumDisplayMonitors@16    100297a2 f   user32:USER32.dll
 0001:000287a8       _GetMonitorInfoW@8         100297a8 f   user32:USER32.dll
 0001:000287ae       _SystemParametersInfoW@16  100297ae f   user32:USER32.dll
 0001:000287b4       _MonitorFromWindow@8       100297b4 f   user32:USER32.dll
 0001:000287ba       _MonitorFromRect@8         100297ba f   user32:USER32.dll
 0001:000287c0       _SetWindowPos@28           100297c0 f   user32:USER32.dll
 0001:000287c6       _ShowWindow@8              100297c6 f   user32:USER32.dll
 0001:000287cc       _SendMessageW@16           100297cc f   user32:USER32.dll
 0001:000287d2       _GetWindowRect@8           100297d2 f   user32:USER32.dll
 0001:000287d8       _EnableWindow@8            100297d8 f   user32:USER32.dll
 0001:000287de       _IsWindowEnabled@4         100297de f   user32:USER32.dll
 0001:000287e4       _SetForegroundWindow@4     100297e4 f   user32:USER32.dll
 0001:000287ea       _ShowWindowAsync@8         100297ea f   user32:USER32.dll
 0001:000287f0       _wsprintfA                 100297f0 f   user32:USER32.dll
 0001:000287f6       _GetCursorPos@4            100297f6 f   user32:USER32.dll
 0001:000287fc       _GetWindowTextW@12         100297fc f   user32:USER32.dll
 0001:00028802       _GetClassNameW@12          10029802 f   user32:USER32.dll
 0001:00028808       _GetForegroundWindow@0     10029808 f   user32:USER32.dll
 0001:0002880e       _GetKeyboardLayoutList@8   1002980e f   user32:USER32.dll
 0001:00028814       _GetKeyboardLayout@4       10029814 f   user32:USER32.dll
 0001:0002881a       _DestroyWindow@4           1002981a f   user32:USER32.dll
 0001:00028820       _GetClientRect@8           10029820 f   user32:USER32.dll
 0001:00028826       _CreateWindowExW@48        10029826 f   user32:USER32.dll
 0001:0002882c       _SetTimer@16               1002982c f   user32:USER32.dll
 0001:00028832       _KillTimer@8               10029832 f   user32:USER32.dll
 0001:00028838       _CloseClipboard@0          10029838 f   user32:USER32.dll
 0001:0002883e       _SetClipboardData@8        1002983e f   user32:USER32.dll
 0001:00028844       _EmptyClipboard@0          10029844 f   user32:USER32.dll
 0001:0002884a       _OpenClipboard@4           1002984a f   user32:USER32.dll
 0001:00028850       _DeleteEnhMetaFile@4       10029850 f   gdi32:GDI32.dll
 0001:00028856       _GetEnhMetaFileBits@12     10029856 f   gdi32:GDI32.dll
 0001:0002885c       _CloseEnhMetaFile@4        1002985c f   gdi32:GDI32.dll
 0001:00028862       _GdiFlush@0                10029862 f   gdi32:GDI32.dll
 0001:00028868       _SelectObject@8            10029868 f   gdi32:GDI32.dll
 0001:0002886e       _DeleteDC@4                1002986e f   gdi32:GDI32.dll
 0001:00028874       _DeleteObject@4            10029874 f   gdi32:GDI32.dll
 0001:0002887a       _CreateSolidBrush@4        1002987a f   gdi32:GDI32.dll
 0001:00028880       _CreateDIBSection@24       10029880 f   gdi32:GDI32.dll
 0001:00028886       _CreateCompatibleDC@4      10029886 f   gdi32:GDI32.dll
 0001:0002888c       _CreateEnhMetaFileW@16     1002988c f   gdi32:GDI32.dll
 0001:00028892       _GetDeviceCaps@8           10029892 f   gdi32:GDI32.dll
 0001:00028898       _GetTextMetricsW@8         10029898 f   gdi32:GDI32.dll
 0001:0002889e       _CreateFontIndirectW@4     1002989e f   gdi32:GDI32.dll
 0001:000288a4       _RegCloseKey@4             100298a4 f   advapi32:ADVAPI32.dll
 0001:000288aa       _RegQueryValueExW@24       100298aa f   advapi32:ADVAPI32.dll
 0001:000288b0       _RegOpenKeyExW@20          100298b0 f   advapi32:ADVAPI32.dll
 0001:000288b6       _RegCreateKeyExW@36        100298b6 f   advapi32:ADVAPI32.dll
 0001:000288bc       _FreeSid@4                 100298bc f   advapi32:ADVAPI32.dll
 0001:000288c2       _CheckTokenMembership@12   100298c2 f   advapi32:ADVAPI32.dll
 0001:000288c8       _AllocateAndInitializeSid@44 100298c8 f   advapi32:ADVAPI32.dll
 0001:000288ce       _ConvertSidToStringSidW@8  100298ce f   advapi32:ADVAPI32.dll
 0001:000288d4       _GetTokenInformation@20    100298d4 f   advapi32:ADVAPI32.dll
 0001:000288da       _OpenProcessToken@12       100298da f   advapi32:ADVAPI32.dll
 0001:000288e0       _RegEnumKeyExW@32          100298e0 f   advapi32:ADVAPI32.dll
 0001:000288e6       _SHGetFolderPathW@20       100298e6 f   shell32:SHELL32.dll
 0001:000288ec       _VerQueryValueW@16         100298ec f   version:VERSION.dll
 0001:000288f2       _GetFileVersionInfoW@16    100298f2 f   version:VERSION.dll
 0001:000288f8       _GetFileVersionInfoSizeW@8 100298f8 f   version:VERSION.dll
 0001:00028900       __alloca_probe             10029900     LIBCMT:chkstk.obj
 0001:00028900       __chkstk                   10029900 f   LIBCMT:chkstk.obj
 0001:00028930       _memset                    10029930 f   LIBCMT:memset.obj
 0001:00029f20       _memcmp                    1002af20 f   LIBCMT:memcmp.obj
 0001:0002b5a0       _memcpy                    1002c5a0 f   LIBCMT:memcpy.obj
 0001:0002b905       _wcsrchr                   1002c905 f   LIBCMT:wcsrchr.obj
 0001:0002b940       _memmove                   1002c940 f   LIBCMT:memmove.obj
 0001:0002bca5       _wcschr                    1002cca5 f   LIBCMT:wcschr.obj
 0001:0002bccb       _wcsstr                    1002cccb f   LIBCMT:wcsstr.obj
 0001:0002bd30       __ftol2_sse                1002cd30 f   LIBCMT:ftol2.obj
 0001:0002bd39       __ftol2_pentium4           1002cd39 f   LIBCMT:ftol2.obj
 0001:0002bd4c       __ftol2_sse_excpt          1002cd4c f   LIBCMT:ftol2.obj
 0001:0002bd66       __ftol2                    1002cd66 f   LIBCMT:ftol2.obj
 0001:0002bddb       _wcsncmp                   1002cddb f   LIBCMT:wcsncmp.obj
 0001:0002be20       _strrchr                   1002ce20 f   LIBCMT:strrchr.obj
 0001:0002bea4       __VEC_memzero              1002cea4 f   LIBCMT:p4_memset.obj
 0001:0002bf83       __get_sse2_info            1002cf83 f   LIBCMT:cpu_disp.obj
 0001:0002bfe5       ___sse2_available_init     1002cfe5 f   LIBCMT:cpu_disp.obj
 0001:0002c079       __VEC_memcpy               1002d079 f   LIBCMT:p4_memcpy.obj
 0001:0002c15c       __SEH_prolog4              1002d15c f   LIBCMT:sehprolg4.obj
 0001:0002c1a1       __SEH_epilog4              1002d1a1 f   LIBCMT:sehprolg4.obj
 0001:0002c1f0       __except_handler4          1002d1f0 f   LIBCMT:chandler4.obj
 0001:0002c37c       @__security_check_cookie@4 1002d37c f   LIBCMT:secchk.obj
 0001:0002c38c       __local_unwind4            1002d38c f   LIBCMT:exsup4.obj
 0001:0002c462       __seh_longjmp_unwind4@4    1002d462 f   LIBCMT:exsup4.obj
 0001:0002c47e       @_EH4_CallFilterFunc@8     1002d47e f   LIBCMT:exsup4.obj
 0001:0002c495       @_EH4_TransferToHandler@8  1002d495 f   LIBCMT:exsup4.obj
 0001:0002c4ae       @_EH4_GlobalUnwind@4       1002d4ae f   LIBCMT:exsup4.obj
 0001:0002c4c8       @_EH4_LocalUnwind@16       1002d4c8 f   LIBCMT:exsup4.obj
 0001:0002c4e0       __ValidateImageBase        1002d4e0 f   LIBCMT:pesect.obj
 0001:0002c520       __FindPESection            1002d520 f   LIBCMT:pesect.obj
 0001:0002c570       __IsNonwritableInCurrentImage 1002d570 f   LIBCMT:pesect.obj
 0001:0002c62d       ___report_gsfailure        1002d62d f   LIBCMT:gs_report.obj
 0001:0002c734       __global_unwind2           1002d734 f   LIBCMT:exsup.obj
 0001:0002c799       __local_unwind2            1002d799 f   LIBCMT:exsup.obj
 0001:0002c81d       __abnormal_termination     1002d81d f   LIBCMT:exsup.obj
 0001:0002c840       __NLG_Notify1              1002d840 f   LIBCMT:exsup.obj
 0001:0002c849       __NLG_Notify               1002d849 f   LIBCMT:exsup.obj
 0001:0002c860       __NLG_Dispatch             1002d860     LIBCMT:exsup.obj
 0001:0002c860       __NLG_Dispatch2            1002d860     LIBCMT:exsup.obj
 0001:0002c868       __NLG_Call                 1002d868 f   LIBCMT:exsup.obj
 0001:0002c86a       __NLG_Return2              1002d86a     LIBCMT:exsup.obj
 0001:0002c86b       __crt_debugger_hook        1002d86b f   LIBCMT:dbghook.obj
 0001:0002c874       _RtlUnwind@16              1002d874 f   kernel32:KERNEL32.dll
 0001:0002c87a       _UnhandledExceptionFilter@4 1002d87a f   kernel32:KERNEL32.dll
 0001:0002c880       _SetUnhandledExceptionFilter@4 1002d880 f   kernel32:KERNEL32.dll
 0002:00000000       __imp__OpenProcessToken@12 1002e000     advapi32:ADVAPI32.dll
 0002:00000004       __imp__GetTokenInformation@20 1002e004     advapi32:ADVAPI32.dll
 0002:00000008       __imp__ConvertSidToStringSidW@8 1002e008     advapi32:ADVAPI32.dll
 0002:0000000c       __imp__AllocateAndInitializeSid@44 1002e00c     advapi32:ADVAPI32.dll
 0002:00000010       __imp__CheckTokenMembership@12 1002e010     advapi32:ADVAPI32.dll
 0002:00000014       __imp__FreeSid@4           1002e014     advapi32:ADVAPI32.dll
 0002:00000018       __imp__RegCreateKeyExW@36  1002e018     advapi32:ADVAPI32.dll
 0002:0000001c       __imp__RegOpenKeyExW@20    1002e01c     advapi32:ADVAPI32.dll
 0002:00000020       __imp__RegQueryValueExW@24 1002e020     advapi32:ADVAPI32.dll
 0002:00000024       __imp__RegCloseKey@4       1002e024     advapi32:ADVAPI32.dll
 0002:00000028       __imp__RegEnumKeyExW@32    1002e028     advapi32:ADVAPI32.dll
 0002:0000002c       \177ADVAPI32_NULL_THUNK_DATA 1002e02c     advapi32:ADVAPI32.dll
 0002:00000030       __imp__GetTextMetricsW@8   1002e030     gdi32:GDI32.dll
 0002:00000034       __imp__GetDeviceCaps@8     1002e034     gdi32:GDI32.dll
 0002:00000038       __imp__CreateEnhMetaFileW@16 1002e038     gdi32:GDI32.dll
 0002:0000003c       __imp__CreateCompatibleDC@4 1002e03c     gdi32:GDI32.dll
 0002:00000040       __imp__CreateDIBSection@24 1002e040     gdi32:GDI32.dll
 0002:00000044       __imp__CreateSolidBrush@4  1002e044     gdi32:GDI32.dll
 0002:00000048       __imp__DeleteObject@4      1002e048     gdi32:GDI32.dll
 0002:0000004c       __imp__DeleteDC@4          1002e04c     gdi32:GDI32.dll
 0002:00000050       __imp__SelectObject@8      1002e050     gdi32:GDI32.dll
 0002:00000054       __imp__GdiFlush@0          1002e054     gdi32:GDI32.dll
 0002:00000058       __imp__CloseEnhMetaFile@4  1002e058     gdi32:GDI32.dll
 0002:0000005c       __imp__CreateFontIndirectW@4 1002e05c     gdi32:GDI32.dll
 0002:00000060       __imp__DeleteEnhMetaFile@4 1002e060     gdi32:GDI32.dll
 0002:00000064       __imp__GetEnhMetaFileBits@12 1002e064     gdi32:GDI32.dll
 0002:00000068       \177GDI32_NULL_THUNK_DATA  1002e068     gdi32:GDI32.dll
 0002:0000006c       __imp__GetConsoleScreenBufferInfo@8 1002e06c     kernel32:KERNEL32.dll
 0002:00000070       __imp__SuspendThread@4     1002e070     kernel32:KERNEL32.dll
 0002:00000074       __imp__ResumeThread@4      1002e074     kernel32:KERNEL32.dll
 0002:00000078       __imp__TerminateProcess@8  1002e078     kernel32:KERNEL32.dll
 0002:0000007c       __imp__GetCurrentProcess@0 1002e07c     kernel32:KERNEL32.dll
 0002:00000080       __imp__CloseHandle@4       1002e080     kernel32:KERNEL32.dll
 0002:00000084       __imp__Module32NextW@8     1002e084     kernel32:KERNEL32.dll
 0002:00000088       __imp__Module32FirstW@8    1002e088     kernel32:KERNEL32.dll
 0002:0000008c       __imp__CreateToolhelp32Snapshot@8 1002e08c     kernel32:KERNEL32.dll
 0002:00000090       __imp__GetEnvironmentVariableW@12 1002e090     kernel32:KERNEL32.dll
 0002:00000094       __imp__CreateThread@24     1002e094     kernel32:KERNEL32.dll
 0002:00000098       __imp__CreateSemaphoreW@16 1002e098     kernel32:KERNEL32.dll
 0002:0000009c       __imp__CreateEventW@16     1002e09c     kernel32:KERNEL32.dll
 0002:000000a0       __imp__OpenFileMappingW@12 1002e0a0     kernel32:KERNEL32.dll
 0002:000000a4       __imp__VirtualProtect@16   1002e0a4     kernel32:KERNEL32.dll
 0002:000000a8       __imp__MapViewOfFile@20    1002e0a8     kernel32:KERNEL32.dll
 0002:000000ac       __imp__CreateFileMappingW@24 1002e0ac     kernel32:KERNEL32.dll
 0002:000000b0       __imp__lstrcmpW@8          1002e0b0     kernel32:KERNEL32.dll
 0002:000000b4       __imp__lstrcpynW@12        1002e0b4     kernel32:KERNEL32.dll
 0002:000000b8       __imp__lstrcmpiW@8         1002e0b8     kernel32:KERNEL32.dll
 0002:000000bc       __imp__UnmapViewOfFile@4   1002e0bc     kernel32:KERNEL32.dll
 0002:000000c0       __imp__TerminateThread@8   1002e0c0     kernel32:KERNEL32.dll
 0002:000000c4       __imp__SetConsoleTitleW@4  1002e0c4     kernel32:KERNEL32.dll
 0002:000000c8       __imp__GetConsoleTitleW@8  1002e0c8     kernel32:KERNEL32.dll
 0002:000000cc       __imp__WideCharToMultiByte@32 1002e0cc     kernel32:KERNEL32.dll
 0002:000000d0       __imp__DeleteFileW@4       1002e0d0     kernel32:KERNEL32.dll
 0002:000000d4       __imp__CreateProcessW@40   1002e0d4     kernel32:KERNEL32.dll
 0002:000000d8       __imp__GetExitCodeProcess@8 1002e0d8     kernel32:KERNEL32.dll
 0002:000000dc       __imp__SetConsoleMode@8    1002e0dc     kernel32:KERNEL32.dll
 0002:000000e0       __imp__GetConsoleMode@8    1002e0e0     kernel32:KERNEL32.dll
 0002:000000e4       __imp__GetConsoleCursorInfo@8 1002e0e4     kernel32:KERNEL32.dll
 0002:000000e8       __imp__Thread32Next@8      1002e0e8     kernel32:KERNEL32.dll
 0002:000000ec       __imp__Thread32First@8     1002e0ec     kernel32:KERNEL32.dll
 0002:000000f0       __imp__ExpandEnvironmentStringsW@12 1002e0f0     kernel32:KERNEL32.dll
 0002:000000f4       __imp__lstrcmpA@8          1002e0f4     kernel32:KERNEL32.dll
 0002:000000f8       __imp__MultiByteToWideChar@24 1002e0f8     kernel32:KERNEL32.dll
 0002:000000fc       __imp__lstrlenA@4          1002e0fc     kernel32:KERNEL32.dll
 0002:00000100       __imp__lstrcpynA@12        1002e100     kernel32:KERNEL32.dll
 0002:00000104       __imp__GetCurrentDirectoryW@8 1002e104     kernel32:KERNEL32.dll
 0002:00000108       __imp__lstrcpyA@8          1002e108     kernel32:KERNEL32.dll
 0002:0000010c       __imp__DisconnectNamedPipe@4 1002e10c     kernel32:KERNEL32.dll
 0002:00000110       __imp__SetThreadPriority@8 1002e110     kernel32:KERNEL32.dll
 0002:00000114       __imp__Sleep@4             1002e114     kernel32:KERNEL32.dll
 0002:00000118       __imp__FlushFileBuffers@4  1002e118     kernel32:KERNEL32.dll
 0002:0000011c       __imp__ReadFile@20         1002e11c     kernel32:KERNEL32.dll
 0002:00000120       __imp__GetOverlappedResult@16 1002e120     kernel32:KERNEL32.dll
 0002:00000124       __imp__WriteFile@20        1002e124     kernel32:KERNEL32.dll
 0002:00000128       __imp__ConnectNamedPipe@8  1002e128     kernel32:KERNEL32.dll
 0002:0000012c       __imp__CreateNamedPipeW@32 1002e12c     kernel32:KERNEL32.dll
 0002:00000130       __imp__InterlockedIncrement@4 1002e130     kernel32:KERNEL32.dll
 0002:00000134       __imp__GetFileInformationByHandle@8 1002e134     kernel32:KERNEL32.dll
 0002:00000138       __imp__CreateFileW@28      1002e138     kernel32:KERNEL32.dll
 0002:0000013c       __imp__ReadProcessMemory@20 1002e13c     kernel32:KERNEL32.dll
 0002:00000140       __imp__FreeLibrary@4       1002e140     kernel32:KERNEL32.dll
 0002:00000144       __imp__GetVersionExW@4     1002e144     kernel32:KERNEL32.dll
 0002:00000148       __imp__SearchPathW@24      1002e148     kernel32:KERNEL32.dll
 0002:0000014c       __imp__DebugBreak@0        1002e14c     kernel32:KERNEL32.dll
 0002:00000150       __imp__SetNamedPipeHandleState@16 1002e150     kernel32:KERNEL32.dll
 0002:00000154       __imp__WaitNamedPipeW@8    1002e154     kernel32:KERNEL32.dll
 0002:00000158       __imp__TransactNamedPipe@28 1002e158     kernel32:KERNEL32.dll
 0002:0000015c       __imp__GetConsoleWindow@0  1002e15c     kernel32:KERNEL32.dll
 0002:00000160       __imp__HeapCreate@12       1002e160     kernel32:KERNEL32.dll
 0002:00000164       __imp__HeapDestroy@4       1002e164     kernel32:KERNEL32.dll
 0002:00000168       __imp__HeapAlloc@12        1002e168     kernel32:KERNEL32.dll
 0002:0000016c       __imp__HeapReAlloc@16      1002e16c     kernel32:KERNEL32.dll
 0002:00000170       __imp__HeapFree@12         1002e170     kernel32:KERNEL32.dll
 0002:00000174       __imp__HeapValidate@12     1002e174     kernel32:KERNEL32.dll
 0002:00000178       __imp__LocalFree@4         1002e178     kernel32:KERNEL32.dll
 0002:0000017c       __imp__LocalAlloc@8        1002e17c     kernel32:KERNEL32.dll
 0002:00000180       __imp__SetConsoleWindowInfo@12 1002e180     kernel32:KERNEL32.dll
 0002:00000184       __imp__GetConsoleOutputCP@0 1002e184     kernel32:KERNEL32.dll
 0002:00000188       __imp__GetFileSizeEx@8     1002e188     kernel32:KERNEL32.dll
 0002:0000018c       __imp__FindClose@4         1002e18c     kernel32:KERNEL32.dll
 0002:00000190       __imp__FindNextFileW@8     1002e190     kernel32:KERNEL32.dll
 0002:00000194       __imp__FindFirstFileW@8    1002e194     kernel32:KERNEL32.dll
 0002:00000198       __imp__CreateDirectoryW@8  1002e198     kernel32:KERNEL32.dll
 0002:0000019c       __imp__OpenProcess@12      1002e19c     kernel32:KERNEL32.dll
 0002:000001a0       __imp__Process32NextW@8    1002e1a0     kernel32:KERNEL32.dll
 0002:000001a4       __imp__Process32FirstW@8   1002e1a4     kernel32:KERNEL32.dll
 0002:000001a8       __imp__IsBadReadPtr@8      1002e1a8     kernel32:KERNEL32.dll
 0002:000001ac       __imp__GetFullPathNameW@16 1002e1ac     kernel32:KERNEL32.dll
 0002:000001b0       __imp__GetModuleFileNameA@12 1002e1b0     kernel32:KERNEL32.dll
 0002:000001b4       __imp__OpenEventW@12       1002e1b4     kernel32:KERNEL32.dll
 0002:000001b8       __imp__InitializeCriticalSection@4 1002e1b8     kernel32:KERNEL32.dll
 0002:000001bc       __imp__DeleteCriticalSection@4 1002e1bc     kernel32:KERNEL32.dll
 0002:000001c0       __imp__EnterCriticalSection@4 1002e1c0     kernel32:KERNEL32.dll
 0002:000001c4       __imp__LeaveCriticalSection@4 1002e1c4     kernel32:KERNEL32.dll
[...]
 0002:000036b8       ??_C@_1CGI@DFIMAEBM@?$AAS?$AAt?$AAa?$AAr?$AAt?$AAu?$AAp?$AA?5?$AAi?$AAn?$AAf?$AAo?$AA?$AN?$AA?6?$AA?7?$AAO?$AAs?$AAV?$AAe?$AAr?$AA?3?$AA?5?$AA?$CF?$AAu?$AA?4?$AA?$CF?$AAu?$AA?4?$AA?$CF?$AAu?$AA?4?$AAx@ 100316b8     WinObjects.obj
 0002:00003920       ??_C@_1EO@MPDKFAPM@?$AAL?$AAo?$AAg?$AAS?$AAt?$AAa?$AAr?$AAt?$AAE?$AAn?$AAv?$AA?5?$AAf?$AAa?$AAi?$AAl?$AAe?$AAd?$AA?0?$AA?5?$AAi?$AAn?$AAv?$AAa?$AAl?$AAi?$AAd?$AA?5?$AAa?$AAp?$AAS?$AAt@ 10031920     WinObjects.obj
 0002:00003970       ??_7CToolTip@@6B@          10031970     WinObjects.obj
 0002:00003974       ??_C@_1CC@KPOKNCMJ@?$AAt?$AAo?$AAo?$AAl?$AAt?$AAi?$AAp?$AAs?$AA_?$AAc?$AAl?$AAa?$AAs?$AAs?$AA3?$AA2?$AA?$AA@ 10031974     WinObjects.obj
 0002:00003998       ??_C@_1FA@BFJDIMLC@?$AAC?$AA?3?$AA?2?$AAP?$AAr?$AAo?$AAg?$AAr?$AAa?$AAm?$AA?5?$AAF?$AAi?$AAl?$AAe?$AAs?$AA?2?$AAJ?$AAP?$AAS?$AAo?$AAf?$AAt?$AA?2?$AAT?$AAC?$AAC?$AAL?$AAE?$AA1?$AA3?$AA?2@ 10031998     WinObjects.obj
 0002:000039e8       ??_C@_1EO@GBOKIPHE@?$AAC?$AA?3?$AA?2?$AAP?$AAr?$AAo?$AAg?$AAr?$AAa?$AAm?$AA?5?$AAF?$AAi?$AAl?$AAe?$AAs?$AA?2?$AAJ?$AAP?$AAS?$AAo?$AAf?$AAt?$AA?2?$AAT?$AAC?$AAM?$AAD?$AA1?$AA3?$AA?2?$AAt@ 100319e8     WinObjects.obj
 0002:00003a38       ??_C@_1CA@CBMLAMC@?$AAI?$AAn?$AAs?$AAt?$AAa?$AAl?$AAl?$AAL?$AAo?$AAc?$AAa?$AAt?$AAi?$AAo?$AAn?$AA?$AA@ 10031a38     WinObjects.obj
 0002:00003a58       ??_C@_1BI@NAAHPGNK@?$AAJ?$AAP?$AA?5?$AAS?$AAo?$AAf?$AAt?$AAw?$AAa?$AAr?$AAe?$AA?$AA@ 10031a58     WinObjects.obj
 0002:00003a70       ??_C@_1BE@CCMLAJPM@?$AAP?$AAu?$AAb?$AAl?$AAi?$AAs?$AAh?$AAe?$AAr?$AA?$AA@ 10031a70     WinObjects.obj
 0002:00003a88       ??_C@_1GI@BAAGFBH@?$AAS?$AAO?$AAF?$AAT?$AAW?$AAA?$AAR?$AAE?$AA?2?$AAM?$AAi?$AAc?$AAr?$AAo?$AAs?$AAo?$AAf?$AAt?$AA?2?$AAW?$AAi?$AAn?$AAd?$AAo?$AAw?$AAs?$AA?2?$AAC?$AAu?$AAr?$AAr?$AAe@ 10031a88     WinObjects.obj
 0002:00003af0       ??_C@_1BA@JFHFEKBP@?$AAt?$AAc?$AAc?$AA?4?$AAe?$AAx?$AAe?$AA?$AA@ 10031af0     WinObjects.obj
 0002:00003b00       ??_C@_1BE@BGAOJFLF@?$AA?2?$AAt?$AAc?$AAm?$AAd?$AA?4?$AAe?$AAx?$AAe?$AA?$AA@ 10031b00     WinObjects.obj
 0002:00003b14       ??_C@_1CK@HMKJOJBO@?$AAS?$AAO?$AAF?$AAT?$AAW?$AAA?$AAR?$AAE?$AA?2?$AAJ?$AAP?$AA?5?$AAS?$AAo?$AAf?$AAt?$AAw?$AAa?$AAr?$AAe?$AA?$AA@ 10031b14     WinObjects.obj
 0002:00003b40       ??_C@_1DA@EMHAGABM@?$AA?$CF?$AAC?$AAo?$AAn?$AAE?$AAm?$AAu?$AAB?$AAa?$AAs?$AAe?$AAD?$AAi?$AAr?$AA?$CF?$AA?2?$AAt?$AAc?$AAc?$AA?4?$AAe?$AAx?$AAe?$AA?$AA@ 10031b40     WinObjects.obj
 0002:00003b70       ??_C@_13PJJBFPED@?$AA?$DL?$AA?$AA@ 10031b70     WinObjects.obj
 0002:00003b74       ??_C@_1BA@DBKIDAPL@?$AAc?$AAm?$AAd?$AA?4?$AAe?$AAx?$AAe?$AA?$AA@ 10031b74     WinObjects.obj
 0002:00003b84       ??_C@_1CE@ECCAMEKN@?$AA?2?$AAS?$AAy?$AAs?$AAW?$AAO?$AAW?$AA6?$AA4?$AA?2?$AAc?$AAm?$AAd?$AA?4?$AAe?$AAx?$AAe?$AA?$AA@ 10031b84     WinObjects.obj
 0002:00003ba8       ??_C@_1CC@PDLBBEEF@?$AAS?$AAy?$AAs?$AAW?$AAO?$AAW?$AA6?$AA4?$AA?2?$AAc?$AAm?$AAd?$AA?4?$AAe?$AAx?$AAe?$AA?$AA@ 10031ba8     WinObjects.obj
 0002:00003bcc       ??_C@_1CE@PMNGKNKL@?$AA?2?$AAS?$AAy?$AAs?$AAt?$AAe?$AAm?$AA3?$AA2?$AA?2?$AAc?$AAm?$AAd?$AA?4?$AAe?$AAx?$AAe?$AA?$AA@ 10031bcc     WinObjects.obj
 0002:00003bf0       ??_C@_1CC@ENEHHNED@?$AAS?$AAy?$AAs?$AAt?$AAe?$AAm?$AA3?$AA2?$AA?2?$AAc?$AAm?$AAd?$AA?4?$AAe?$AAx?$AAe?$AA?$AA@ 10031bf0     WinObjects.obj
 0002:00003c14       ??_C@_1CK@OLMGMMDO@?$AAC?$AAo?$AAn?$AAE?$AAm?$AAu?$AAS?$AAl?$AAe?$AAe?$AAp?$AAI?$AAn?$AAd?$AAi?$AAc?$AAa?$AAt?$AAo?$AAr?$AA?$AA@ 10031c14     WinObjects.obj
 0002:00003c48       __load_config_used         10031c48     LIBCMT:loadcfg.obj
 0002:00003d10       ___safe_se_handler_table   10031d10     <linker-defined>
 0002:00003d5c       __IMPORT_DESCRIPTOR_KERNEL32 10031d5c     kernel32:KERNEL32.dll
 0002:00003d70       __IMPORT_DESCRIPTOR_USER32 10031d70     user32:USER32.dll
 0002:00003d84       __IMPORT_DESCRIPTOR_GDI32  10031d84     gdi32:GDI32.dll
 0002:00003d98       __IMPORT_DESCRIPTOR_ADVAPI32 10031d98     advapi32:ADVAPI32.dll
 0002:00003dac       __IMPORT_DESCRIPTOR_SHELL32 10031dac     shell32:SHELL32.dll
 0002:00003dc0       __IMPORT_DESCRIPTOR_VERSION 10031dc0     version:VERSION.dll
 0002:00003dd4       __NULL_IMPORT_DESCRIPTOR   10031dd4     kernel32:KERNEL32.dll
 0003:00000000       ?gnPluginOpenFrom@@3HA     10034000     ConEmuPlugin.obj
 0003:00000004       ?gnReqCommand@@3KA         10034004     ConEmuPlugin.obj
 0003:00000008       ?lastModifiedStateW@@3HA   10034008     ConEmuPlugin.obj
 0003:0000000c       ?gFarMode@@3UHookModeFar@@A 1003400c     ConEmuPlugin.obj
 0003:00000028       ?gpPluginMenu@@3PAUPluginAndMenuCommands@@A 10034028     ConEmuPlugin.obj
 0003:000000e0       ?Far3Func@@3PAUExportFunc@@A 100340e0     ConEmuPlugin.obj
 0003:00000128       ?guid_ConEmu@@3U_GUID@@A   10034128     ConEmuPlugin2800.obj
 0003:00000138       ?guid_ConEmuPluginItems@@3U_GUID@@A 10034138     ConEmuPlugin2800.obj
 0003:00000148       ?guid_ConEmuPluginMenu@@3U_GUID@@A 10034148     ConEmuPlugin2800.obj
 0003:00000158       ?guid_ConEmuGuiMacroDlg@@3U_GUID@@A 10034158     ConEmuPlugin2800.obj
 0003:00000168       ?guid_ConEmuWaitEndSynchro@@3U_GUID@@A 10034168     ConEmuPlugin2800.obj
 0003:00000180       ___security_cookie         10034180     LIBCMT:gs_cookie.obj
 0003:00000184       ___security_cookie_complement 10034184     LIBCMT:gs_cookie.obj
 0003:00000188       __NLG_Destination          10034188     LIBCMT:exsup.obj
 0003:00000198       ?ghHooksModule@@3PAUHINSTANCE__@@A 10034198     ConEmuInjects.obj
 0003:0000019c       ?gbHooksModuleLoaded@@3HA  1003419c     ConEmuInjects.obj
 0003:000001a0       ?SetHookCallbacks@@3P6G_NPBDPB_WPAUHINSTANCE__@@P6GHPAUHookCallbackArg@@@ZP6GX3@Z5@ZA 100341a0     ConEmuInjects.obj
 0003:000001a4       ?SetLoadLibraryCallback@@3P6GXPAUHINSTANCE__@@P6GX0@Z1@ZA 100341a4     ConEmuInjects.obj
 0003:000001a8       ?SetFarHookMode@@3P6GXPAUHookModeFar@@@ZA 100341a8     ConEmuInjects.obj
 0003:000001b0       ?gszDir2@@3PA_WA           100341b0     ConEmuPlugin.obj
 0003:000009b0       ?gpConMap@@3PAV?$MFileMapping@UCESERVER_CONSOLE_MAPPING_HDR@@@@A 100349b0     ConEmuPlugin.obj
 0003:000009b8       ?gszRootKey@@3PA_WA        100349b8     ConEmuPlugin.obj
 0003:00000dc8       ?gsbiDetached@@3U_CONSOLE_SCREEN_BUFFER_INFO@@A 10034dc8     ConEmuPlugin.obj
 0003:00000de0       ?gszDir1@@3PA_WA           10034de0     ConEmuPlugin.obj
 0003:000015e0       ?ghPluginModule@@3PAUHINSTANCE__@@A 100355e0     ConEmuPlugin.obj
 0003:000015e4       ?ConEmuHwnd@@3PAUHWND__@@A 100355e4     ConEmuPlugin.obj
 0003:000015e8       ?gdwPreDetachGuiPID@@3KA   100355e8     ConEmuPlugin.obj
 0003:000015ec       ?gdwServerPID@@3KA         100355ec     ConEmuPlugin.obj
 0003:000015f0       ?TerminalMode@@3HA         100355f0     ConEmuPlugin.obj
 0003:000015f4       ?FarHwnd@@3PAUHWND__@@A    100355f4     ConEmuPlugin.obj
 0003:000015f8       ?gnMainThreadId@@3KA       100355f8     ConEmuPlugin.obj
 0003:000015fc       ?gnMainThreadIdInitial@@3KA 100355fc     ConEmuPlugin.obj
 0003:00001600       ?ghMonitorThread@@3PAXA    10035600     ConEmuPlugin.obj
 0003:00001604       ?gnMonitorThreadId@@3KA    10035604     ConEmuPlugin.obj
 0003:00001608       ?ghSetWndSendTabsEvent@@3PAXA 10035608     ConEmuPlugin.obj
 0003:0000160c       ?gFarVersion@@3UFarVersion@@A 1003560c     ConEmuPlugin.obj
 0003:00001614       ?maxTabCount@@3HA          10035614     ConEmuPlugin.obj
 0003:00001618       ?lastWindowCount@@3HA      10035618     ConEmuPlugin.obj
 0003:0000161c       ?gnCurTabCount@@3HA        1003561c     ConEmuPlugin.obj
 0003:00001620       ?gpTabs@@3PAUCESERVER_REQ@@A 10035620     ConEmuPlugin.obj
 0003:00001624       ?gbIgnoreUpdateTabs@@3HA   10035624     ConEmuPlugin.obj
 0003:00001628       ?gbRequestUpdateTabs@@3HA  10035628     ConEmuPlugin.obj
 0003:0000162c       ?gbClosingModalViewerEditor@@3HA 1003562c     ConEmuPlugin.obj
 0003:00001630       ?gLastMouseReadEvent@@3U_MOUSE_EVENT_RECORD@@A 10035630     ConEmuPlugin.obj
 0003:00001640       ?gbUngetDummyMouseEvent@@3HA 10035640     ConEmuPlugin.obj
 0003:00001644       ?gnAllowDummyMouseEvent@@3JA 10035644     ConEmuPlugin.obj
 0003:00001648       ?gnDummyMouseEventFromMacro@@3JA 10035648     ConEmuPlugin.obj
 0003:0000164c       ?csData@@3PAVMSection@@A   1003564c     ConEmuPlugin.obj
 0003:00001650       ?gpCmdRet@@3PAUCESERVER_REQ@@A 10035650     ConEmuPlugin.obj
 0003:00001654       ?gpData@@3PAEA             10035654     ConEmuPlugin.obj
 0003:00001658       ?gpCursor@@3PAEA           10035658     ConEmuPlugin.obj
 0003:0000165c       ?gnDataSize@@3KA           1003565c     ConEmuPlugin.obj
 0003:00001660       ?gpReqCommandData@@3PAXA   10035660     ConEmuPlugin.obj
 0003:0000166c       ?gnMsgTabChanged@@3IA      1003566c     ConEmuPlugin.obj
 0003:00001670       ?csTabs@@3PAVMSection@@A   10035670     ConEmuPlugin.obj
 0003:00001674       ?gbPlugKeyChanged@@3HA     10035674     ConEmuPlugin.obj
 0003:00001678       ?ghRegMonitorKey@@3PAUHKEY__@@A 10035678     ConEmuPlugin.obj
 0003:0000167c       ?ghRegMonitorEvt@@3PAXA    1003567c     ConEmuPlugin.obj
 0003:00001680       ?ghPluginSemaphore@@3PAXA  10035680     ConEmuPlugin.obj
 0003:00001684       ?gbNeedPostTabSend@@3HA    10035684     ConEmuPlugin.obj
 0003:00001688       ?gsFarLang@@3PA_WA         10035688     ConEmuPlugin.obj
 0003:00001708       ?gbNeedPostEditCheck@@3HA  10035708     ConEmuPlugin.obj
 0003:0000170c       ?gbNeedPostReloadFarInfo@@3HA 1003570c     ConEmuPlugin.obj
 0003:00001710       ?gnNeedPostTabSendTick@@3KA 10035710     ConEmuPlugin.obj
 0003:00001714       ?gpConMapInfo@@3PBUCESERVER_CONSOLE_MAPPING_HDR@@B 10035714     ConEmuPlugin.obj
 0003:00001718       ?gbStartedUnderConsole2@@3HA 10035718     ConEmuPlugin.obj
 0003:0000171c       ?gnSelfPID@@3KA            1003571c     ConEmuPlugin.obj
 0003:00001720       ?ghFarInfoMapping@@3PAXA   10035720     ConEmuPlugin.obj
 0003:00001724       ?gpFarInfo@@3PAUCEFAR_INFO_MAPPING@@A 10035724     ConEmuPlugin.obj
 0003:00001728       ?gpFarInfoMapping@@3PAUCEFAR_INFO_MAPPING@@A 10035728     ConEmuPlugin.obj
 0003:0000172c       ?ghFarAliveEvent@@3PAXA    1003572c     ConEmuPlugin.obj
 0003:00001730       ?gPanelRegLeft@@3Utag_PanelViewRegInfo@@A 10035730     ConEmuPlugin.obj
 0003:00001748       ?gPanelRegRight@@3Utag_PanelViewRegInfo@@A 10035748     ConEmuPlugin.obj
 0003:00001760       ?ghConEmuCtrlPressed@@3PAXA 10035760     ConEmuPlugin.obj
 0003:00001764       ?ghConEmuShiftPressed@@3PAXA 10035764     ConEmuPlugin.obj
 0003:00001768       ?gbWaitConsoleInputEmpty@@3HA 10035768     ConEmuPlugin.obj
 0003:0000176c       ?gbWaitConsoleWrite@@3HA   1003576c     ConEmuPlugin.obj
 0003:00001770       ?ghConsoleInputEmpty@@3PAXA 10035770     ConEmuPlugin.obj
 0003:00001774       ?ghConsoleWrite@@3PAXA     10035774     ConEmuPlugin.obj
 0003:00001778       ?gnSynchroCount@@3HA       10035778     ConEmuPlugin.obj
 0003:0000177c       ?gbSynchroProhibited@@3_NA 1003577c     ConEmuPlugin.obj
 0003:0000177d       ?gbInputSynchroPending@@3_NA 1003577d     ConEmuPlugin.obj
 0003:00001780       ?gbInfoW_OK@@3HA           10035780     ConEmuPlugin.obj
 0003:00001784       ?gnPeekReadCount@@3KA      10035784     ConEmuPlugin.obj
 0003:00001788       ?gbExitFarCalled@@3HA      10035788     ConEmuPlugin.obj
 0003:00001794       ?gbWasDetached@@3HA        10035794     ConEmuPlugin.obj
 0003:000017a4       ?InfoW995@@3PAUPluginStartupInfo@@A 100357a4     ConEmuPlugin995.obj
 0003:000017a8       ?FSFW995@@3PAUFarStandardFunctions@@A 100357a8     ConEmuPlugin995.obj
 0003:000019b8       ?InfoW1900@@3PAUPluginStartupInfo@@A 100359b8     ConEmuPlugin1900.obj
 0003:000019bc       ?FSFW1900@@3PAUFarStandardFunctions@@A 100359bc     ConEmuPlugin1900.obj
 0003:00001bf8       ?LastIndex@?1??Color2FgIndex@Far3Color@@SIXKAAG@Z@4HA 10035bf8     ConEmuPlugin1900.obj
 0003:00001bfc       ?LastColor@?1??Color2FgIndex@Far3Color@@SIXKAAG@Z@4KA 10035bfc     ConEmuPlugin1900.obj
 0003:00001c00       ?LastIndex@?1??Color2BgIndex@Far3Color@@SIXKHAAG@Z@4HA 10035c00     ConEmuPlugin1900.obj
 0003:00001c04       ?LastColor@?1??Color2BgIndex@Far3Color@@SIXKHAAG@Z@4KA 10035c04     ConEmuPlugin1900.obj
 0003:00001c0c       ?InfoW2800@@3PAUPluginStartupInfo@@A 10035c0c     ConEmuPlugin2800.obj
 0003:00001c10       ?FSFW2800@@3PAUFarStandardFunctions@@A 10035c10     ConEmuPlugin2800.obj
 0003:00001e4c       ?InfoA@@3PAUPluginStartupInfo@@A 10035e4c     ConEmuPluginA.obj
 0003:00001e50       ?FSFA@@3PAUFarStandardFunctions@@A 10035e50     ConEmuPluginA.obj
 0003:00001f5c       ?gbNeedBgActivate@@3HA     10035f5c     PluginBackground.obj
 0003:00001f60       ?gbBgPluginsAllowed@@3HA   10035f60     PluginBackground.obj
 0003:00001f64       ?gpBgPlugin@@3PAVCPluginBackground@@A 10035f64     PluginBackground.obj
 0003:00001f68       ?gszPluginServerPipe@@3PA_WA 10035f68     PluginSrv.obj
 0003:00002170       ?gpPlugServer@@3PAU?$PipeServer@UCESERVER_REQ@@@@A 10036170     PluginSrv.obj
 0003:00002174       ?ghServerTerminateEvent@@3PAXA 10036174     PluginSrv.obj
 0003:00002178       ?gbInCommonShutdown@@3HA   10036178     Common.obj
 0003:0000217c       ?OnShutdownConsole@@3P6GXXZA 1003617c     Common.obj
 0003:00002180       ?gpLocalSecurity@@3PAU_SECURITY_ATTRIBUTES@@A 10036180     ConEmuCheck.obj
 0003:00002188       ?ghWorkingModule@@3_KA     10036188     ConEmuCheck.obj
 0003:000021dc       ?ghHeap@@3PAXA             100361dc     Memory.obj
 0003:000021e0       ?gNullDesc@@3PAVMNullDesc@@A 100361e0     MSecurity.obj
 0003:000021e4       ?gpConsoleInfoStr@@3PAU_CONSOLE_INFO@@A 100361e4     WinConsole.obj
 0003:000021e8       ?ghConsoleSection@@3PAXA   100361e8     WinConsole.obj
 0003:000021fc       ?Is_Window@@3P6GHPAUHWND__@@@ZA 100361fc     WinObjects.obj
 0003:0000253c       __debugger_hook_dummy      1003653c     <common>
 0003:00002540       __pDestructExceptionObject 10036540     <common>
 0003:00002544       ___sse2_available          10036544     <common>

 entry point at        0001:00001c00

 Static symbols

 0001:00000570       ?StringValidateDestW@@YGJPB_WII@Z 10001570 f   ConEmuInjects.obj
 0001:000005a0       ?StringCopyWorkerW@@YGJPA_WIPAIPB_WI@Z 100015a0 f   ConEmuInjects.obj
 0001:00001de0       ?LoadFarVersion@@YI_NAAUFarVersion@@AAY0CAA@_W@Z 10002de0 f   ConEmuPlugin.obj
 0001:00003300       ?StringValidateDestW@@YGJPB_WII@Z 10004300 f   ConEmuPlugin.obj
 0001:00003330       ?StringValidateDestAndLengthW@@YGJPB_WIPAII@Z 10004330 f   ConEmuPlugin.obj
 0001:00003380       ?StringLengthWorkerW@@YGJPB_WIPAI@Z 10004380 f   ConEmuPlugin.obj
 0001:000033f0       ?StringCopyWorkerW@@YGJPA_WIPAIPB_WI@Z 100043f0 f   ConEmuPlugin.obj
 0001:000034a0       ?ActivatePlugin@@YIHKPAXK@Z 100044a0 f   ConEmuPlugin.obj
 0001:00003730       ?WaitPluginActivateion@@YIKKPAPAXHK@Z 10004730 f   ConEmuPlugin.obj
 0001:000044e0       ?ChangeExports@@YI_NPBUExportFunc@@PAUHINSTANCE__@@@Z 100054e0 f   ConEmuPlugin.obj
 0001:00009150       ?GetPanelDir@@YIPA_WPAX@Z  1000a150 f   ConEmuPlugin995.obj
 0001:0000abd0       ?LoadFarSettingsW995@@YIXPAUCEFarInterfaceSettings@@PAUCEFarPanelSettings@@@Z 1000bbd0 f   ConEmuPlugin995.obj
 0001:0000aff0       ?CopyPanelInfoW@@YIXPAUPanelInfo@@PAUtag_BkPanelInfo@PaintBackgroundArg@@@Z 1000bff0 f   ConEmuPlugin995.obj
 0001:0000b1e0       ?CallGuiMacroProc@@YIXXZ   1000c1e0 f   ConEmuPlugin995.obj
 0001:0000b500       ?CallGuiMacroDlg@@YGJPAXHHJ@Z 1000c500 f   ConEmuPlugin995.obj
 0001:0000bfc0       ?GetPanelDir@@YIPA_WPAX@Z  1000cfc0 f   ConEmuPlugin1900.obj
 0001:0000e910       ?LoadFarSettingsW1900@@YIXPAUCEFarInterfaceSettings@@PAUCEFarPanelSettings@@@Z 1000f910 f   ConEmuPlugin1900.obj
 0001:0000eaa0       ?GetFarSetting@@YIHPAXIPB_W@Z 1000faa0 f   ConEmuPlugin1900.obj
 0001:0000ef20       ?CopyPanelInfoW@@YIXPAUPanelInfo@@PAUtag_BkPanelInfo@PaintBackgroundArg@@@Z 1000ff20 f   ConEmuPlugin1900.obj
 0001:0000f200       ?CallGuiMacroProc@@YIXXZ   10010200 f   ConEmuPlugin1900.obj
 0001:0000f5b0       ?CallGuiMacroDlg@@YGHPAXHH0@Z 100105b0 f   ConEmuPlugin1900.obj
 0001:000101d0       ?GetPanelDir@@YIPA_WPAX@Z  100111d0 f   ConEmuPlugin2800.obj
 0001:00012400       ?LoadFarSettingsW2800@@YIXPAUCEFarInterfaceSettings@@PAUCEFarPanelSettings@@@Z 10013400 f   ConEmuPlugin2800.obj
 0001:00012590       ?GetFarSetting@@YIHPAXIPB_W@Z 10013590 f   ConEmuPlugin2800.obj
 0001:00012a10       ?CopyPanelInfoW@@YIXPAUPanelInfo@@PAUtag_BkPanelInfo@PaintBackgroundArg@@@Z 10013a10 f   ConEmuPlugin2800.obj
 0001:00012cf0       ?CallGuiMacroProc@@YIXXZ   10013cf0 f   ConEmuPlugin2800.obj
 0001:00013030       ?CallGuiMacroDlg@@YGHPAXHH0@Z 10014030 f   ConEmuPlugin2800.obj
 0001:000133b0       ?MAKEFARVERSION@@YI?AUVersionInfo@@KKKKW4VERSION_STAGE@@@Z 100143b0 f   ConEmuPlugin2800.obj
 0001:000155f0       ?LoadFarSettingsA@@YIXPAUCEFarInterfaceSettings@@PAUCEFarPanelSettings@@@Z 100165f0 f   ConEmuPluginA.obj
 0001:000158d0       ?CopyPanelInfo@@YIXPAUPanelInfo@@PAUtag_BkPanelInfo@PaintBackgroundArg@@@Z 100168d0 f   ConEmuPluginA.obj
 0001:00015a20       ?CallGuiMacroProc@@YIXXZ   10016a20 f   ConEmuPluginA.obj
 0001:00015dd0       ?CallGuiMacroDlg@@YGJPAXHHJ@Z 10016dd0 f   ConEmuPluginA.obj
 0001:00018500       ?StringValidateDestW@@YGJPB_WII@Z 10019500 f   PluginBackground.obj
 0001:00018530       ?StringCopyWorkerW@@YGJPA_WIPAIPB_WI@Z 10019530 f   PluginBackground.obj
 0001:0001a780       ?StringValidateDestW@@YGJPB_WII@Z 1001b780 f   PluginSrv.obj
 0001:0001a7b0       ?StringCopyWorkerW@@YGJPA_WIPAIPB_WI@Z 1001b7b0 f   PluginSrv.obj
 0001:0001bd40       ?StringValidateDestW@@YGJPB_WII@Z 1001cd40 f   Execute.obj
 0001:0001bd70       ?StringCopyWorkerW@@YGJPA_WIPAIPB_WI@Z 1001cd70 f   Execute.obj
 0001:0001c8d0       ?StringValidateDestW@@YGJPB_WII@Z 1001d8d0 f   ConEmuCheck.obj
 0001:0001c900       ?StringCopyWorkerW@@YGJPA_WIPAIPB_WI@Z 1001d900 f   ConEmuCheck.obj
 0001:0001ddb0       ?StringValidateDestW@@YGJPB_WII@Z 1001edb0 f   ConEmuCheckEx.obj
 0001:0001dde0       ?StringCopyWorkerW@@YGJPA_WIPAIPB_WI@Z 1001ede0 f   ConEmuCheckEx.obj
 0001:0001df10       ?StringValidateDestAndLengthW@@YGJPB_WIPAII@Z 1001ef10 f   ConEmuCheckEx.obj
 0001:0001df60       ?StringLengthWorkerW@@YGJPB_WIPAI@Z 1001ef60 f   ConEmuCheckEx.obj
 0001:0001e260       ?StringValidateDestA@@YGJPBDII@Z 1001f260 f   Memory.obj
 0001:0001e290       ?StringCopyWorkerA@@YGJPADIPAIPBDI@Z 1001f290 f   Memory.obj
 0001:0001e3a0       ?StringValidateDestW@@YGJPB_WII@Z 1001f3a0 f   Memory.obj
 0001:0001e3d0       ?StringCopyWorkerW@@YGJPA_WIPAIPB_WI@Z 1001f3d0 f   Memory.obj
 0001:000228c0       ?StringValidateDestW@@YGJPB_WII@Z 100238c0 f   WinObjects.obj
 0001:000228f0       ?StringCopyWorkerW@@YGJPA_WIPAIPB_WI@Z 100238f0 f   WinObjects.obj
 0001:00025840       ?StringValidateDestAndLengthW@@YGJPB_WIPAII@Z 10026840 f   WinObjects.obj
 0001:00025890       ?StringLengthWorkerW@@YGJPB_WIPAI@Z 10026890 f   WinObjects.obj
 0001:000289aa       _cmpResult                 100299aa f   LIBCMT:memcmp.obj
 0001:000289bc       _cmpBYTE                   100299bc f   LIBCMT:memcmp.obj
 0001:000289d4       _cmpWORD                   100299d4 f   LIBCMT:memcmp.obj
 0001:00028a14       _cmpDWORD                  10029a14 f   LIBCMT:memcmp.obj
 0001:00028a8c       _unaligned_memcmp          10029a8c f   LIBCMT:memcmp.obj
 0001:0002be4d       _fastzero_I                1002ce4d f   LIBCMT:p4_memset.obj
 0001:0002bf33       _has_osfxsr_set            1002cf33 f   LIBCMT:cpu_disp.obj
 0001:0002bff2       _fastcopy_I                1002cff2 f   LIBCMT:p4_memcpy.obj
 0001:0002c1c0       _ValidateLocalCookies      1002d1c0 f   LIBCMT:chandler4.obj
 0001:0002c41c       __unwind_handler4          1002d41c f   LIBCMT:exsup4.obj
 0001:0002c754       __unwind_handler           1002d754 f   LIBCMT:exsup.obj
