 EMenu

 Timestamp is 51e6ecb5 (Wed Jul 17 23:12:53 2013)

 Preferred load address is 10000000

 Start         Length     Name                   Class
 0001:00000000 00000104H .idata$5                CODE
 0001:00000110 00000518H .rdata                  CODE
 0001:00000630 00000010H .rdata$sxdata           CODE
 0001:00000640 00006720H .text                   CODE
 0001:00006d60 0000004cH .xdata$x                CODE
 0001:00006dac 00000050H .idata$2                CODE
 0001:00006dfc 00000014H .idata$3                CODE
 0001:00006e10 00000104H .idata$4                CODE
 0001:00006f14 00000464H .idata$6                CODE
 0001:00007380 000000b6H .edata                  CODE
 0002:00000000 00000050H .data                   DATA
 0002:00000050 00000c24H .bss                    DATA
 0003:00000000 000000a0H .rsrc$01                DATA
 0003:000000a0 000003a0H .rsrc$02                DATA

  Address         Publics by Value              Rva+Base       Lib:Object

 0000:00000000       __except_list              00000000     <absolute>
 0000:00000004       ___safe_se_handler_count   00000004     <absolute>
 0000:00000000       ___ImageBase               10000000     <linker-defined>
 0001:00000000       __imp__DisableThreadLibraryCalls@4 10001000     kernel32:KERNEL32.dll
 0001:00000004       __imp__lstrcpynW@12        10001004     kernel32:KERNEL32.dll
 0001:00000008       __imp__lstrcatW@8          10001008     kernel32:KERNEL32.dll
 0001:0000000c       __imp__lstrlenW@4          1000100c     kernel32:KERNEL32.dll
 0001:00000010       __imp__lstrcmpW@8          10001010     kernel32:KERNEL32.dll
 0001:00000014       __imp__CompareStringW@24   10001014     kernel32:KERNEL32.dll
 0001:00000018       __imp__lstrcpyW@8          10001018     kernel32:KERNEL32.dll
 0001:0000001c       __imp__MultiByteToWideChar@24 1000101c     kernel32:KERNEL32.dll
 0001:00000020       __imp__lstrlenA@4          10001020     kernel32:KERNEL32.dll
 0001:00000024       __imp__CloseHandle@4       10001024     kernel32:KERNEL32.dll
 0001:00000028       __imp__WaitForSingleObject@8 10001028     kernel32:KERNEL32.dll
 0001:0000002c       __imp__SetEvent@4          1000102c     kernel32:KERNEL32.dll
 0001:00000030       __imp__TerminateThread@8   10001030     kernel32:KERNEL32.dll
 0001:00000034       __imp__WaitForMultipleObjects@16 10001034     kernel32:KERNEL32.dll
 0001:00000038       __imp__CreateThread@24     10001038     kernel32:KERNEL32.dll
 0001:0000003c       __imp__GetExitCodeThread@8 1000103c     kernel32:KERNEL32.dll
 0001:00000040       __imp__CreateEventW@16     10001040     kernel32:KERNEL32.dll
 0001:00000044       __imp__GetVersionExW@4     10001044     kernel32:KERNEL32.dll
 0001:00000048       __imp__GetModuleHandleW@4  10001048     kernel32:KERNEL32.dll
 0001:0000004c       __imp__GetFileAttributesW@4 1000104c     kernel32:KERNEL32.dll
 0001:00000050       __imp__lstrcmpA@8          10001050     kernel32:KERNEL32.dll
 0001:00000054       __imp__ExpandEnvironmentStringsW@12 10001054     kernel32:KERNEL32.dll
 0001:00000058       __imp__SetLastError@4      10001058     kernel32:KERNEL32.dll
 0001:0000005c       __imp__GetProcAddress@8    1000105c     kernel32:KERNEL32.dll
 0001:00000060       __imp__HeapFree@12         10001060     kernel32:KERNEL32.dll
 0001:00000064       __imp__GetProcessHeap@0    10001064     kernel32:KERNEL32.dll
 0001:00000068       __imp__HeapAlloc@12        10001068     kernel32:KERNEL32.dll
 0001:0000006c       __imp__SetUnhandledExceptionFilter@4 1000106c     kernel32:KERNEL32.dll
 0001:00000070       __imp__UnhandledExceptionFilter@4 10001070     kernel32:KERNEL32.dll
 0001:00000074       __imp__GetCurrentProcess@0 10001074     kernel32:KERNEL32.dll
 0001:00000078       __imp__TerminateProcess@8  10001078     kernel32:KERNEL32.dll
 0001:0000007c       __imp__IsDebuggerPresent@0 1000107c     kernel32:KERNEL32.dll
 0001:00000080       __imp__VirtualQuery@12     10001080     kernel32:KERNEL32.dll
 0001:00000084       __imp__RtlUnwind@16        10001084     kernel32:KERNEL32.dll
 0001:00000088       \177KERNEL32_NULL_THUNK_DATA 10001088     kernel32:KERNEL32.dll
 0001:0000008c       __imp__SHGetSpecialFolderLocation@12 1000108c     shell32:SHELL32.dll
 0001:00000090       __imp__SHGetMalloc@4       10001090     shell32:SHELL32.dll
 0001:00000094       __imp__SHGetDesktopFolder@4 10001094     shell32:SHELL32.dll
 0001:00000098       \177SHELL32_NULL_THUNK_DATA 10001098     shell32:SHELL32.dll
 0001:0000009c       __imp__GetMenuItemCount@4  1000109c     user32:USER32.dll
 0001:000000a0       __imp__DestroyWindow@4     100010a0     user32:USER32.dll
 0001:000000a4       __imp__TrackPopupMenu@28   100010a4     user32:USER32.dll
 0001:000000a8       __imp__SetWindowPos@28     100010a8     user32:USER32.dll
 0001:000000ac       __imp__CreateDialogParamW@20 100010ac     user32:USER32.dll
 0001:000000b0       __imp__DestroyMenu@4       100010b0     user32:USER32.dll
 0001:000000b4       __imp__LoadStringW@16      100010b4     user32:USER32.dll
 0001:000000b8       __imp__GetMenuStringW@20   100010b8     user32:USER32.dll
 0001:000000bc       __imp__GetMenuItemInfoW@16 100010bc     user32:USER32.dll
 0001:000000c0       __imp__GetKeyState@4       100010c0     user32:USER32.dll
 0001:000000c4       __imp__wsprintfW           100010c4     user32:USER32.dll
 0001:000000c8       __imp__CreatePopupMenu@0   100010c8     user32:USER32.dll
 0001:000000cc       __imp__GetMessageW@16      100010cc     user32:USER32.dll
 0001:000000d0       __imp__GetWindowRect@8     100010d0     user32:USER32.dll
 0001:000000d4       __imp__PeekMessageW@20     100010d4     user32:USER32.dll
 0001:000000d8       __imp__GetClientRect@8     100010d8     user32:USER32.dll
 0001:000000dc       __imp__ScreenToClient@8    100010dc     user32:USER32.dll
 0001:000000e0       __imp__GetCursorPos@4      100010e0     user32:USER32.dll
 0001:000000e4       __imp__DispatchMessageW@4  100010e4     user32:USER32.dll
 0001:000000e8       __imp__ReplyMessage@4      100010e8     user32:USER32.dll
 0001:000000ec       __imp__SetWindowLongW@12   100010ec     user32:USER32.dll
 0001:000000f0       __imp__GetWindowLongW@8    100010f0     user32:USER32.dll
 0001:000000f4       \177USER32_NULL_THUNK_DATA 100010f4     user32:USER32.dll
 0001:000000f8       __imp__OleInitialize@4     100010f8     ole32:ole32.dll
 0001:000000fc       __imp__OleFlushClipboard@0 100010fc     ole32:ole32.dll
 0001:00000100       \177ole32_NULL_THUNK_DATA  10001100     ole32:ole32.dll
 0001:00000110       _MainGuid                  10001110     EMenu.obj
 0001:00000120       _MenuGuid                  10001120     EMenu.obj
 0001:00000130       _DialogGuid                10001130     EMenu.obj
 0001:00000140       _GuiTextMenuGuid           10001140     EMenu.obj
 0001:00000150       ??_C@_1DE@BGKMIKPD@?$AAE?$AAu?$AAg?$AAe?$AAn?$AAe?$AA?5?$AAR?$AAo?$AAs?$AAh?$AAa?$AAl?$AA?5?$AA?$CG?$AA?5?$AAF?$AAa?$AAr?$AA?5?$AAG?$AAr?$AAo?$AAu?$AAp?$AA?$AA@ 10001150     EMenu.obj
 0001:00000184       ??_C@_1DK@JMMNGKID@?$AAE?$AAM?$AAe?$AAn?$AAu?$AA?5?$AAP?$AAl?$AAu?$AAg?$AAi?$AAn?$AA?5?$AAf?$AAo?$AAr?$AA?5?$AAF?$AAa?$AAr?$AA?5?$AAM?$AAa?$AAn?$AAa?$AAg?$AAe?$AAr?$AA?$AA@ 10001184     EMenu.obj
 0001:000001c0       ??_C@_1M@LBLKOFDL@?$AAE?$AAM?$AAe?$AAn?$AAu?$AA?$AA@ 100011c0     EMenu.obj
 0001:000001cc       ??_C@_17CIEOGNAD@?$AA?5?$AA?5?$CF?$LK?$AA?$AA@ 100011cc     FarMenu.obj
 0001:000001d8       ??_C@_13HOIJIPNN@?$AA?5?$AA?$AA@ 100011d8     FarMenu.obj
 0001:000001dc       ??_C@_1M@IAIJHCCH@?$AAC?$AAl?$AAo?$AAs?$AAe?$AA?$AA@ 100011dc     Plugin.obj
 0001:000001e8       ??_C@_1O@MEJAHLJN@?$AAE?$AAr?$AAr?$AAo?$AAr?$AA2?$AA?$AA@ 100011e8     Plugin.obj
 0001:000001f8       ??_C@_1O@NGCFNEHD@?$AAE?$AAr?$AAr?$AAo?$AAr?$AA1?$AA?$AA@ 100011f8     Plugin.obj
 0001:00000208       ??_C@_1O@GOJJLDBG@?$AAE?$AAr?$AAr?$AAo?$AAr?$AA0?$AA?$AA@ 10001208     Plugin.obj
 0001:00000218       ??_C@_1O@MCPHAIFL@?$AAM?$AAy?$AAC?$AAo?$AAm?$AAp?$AA?$AA@ 10001218     Plugin.obj
 0001:00000228       ??_C@_1BI@GILJGMBA@?$AAC?$AAo?$AAn?$AAt?$AAe?$AAx?$AAt?$AAM?$AAe?$AAn?$AAu?$AA?$AA@ 10001228     Plugin.obj
 0001:00000240       ??_C@_1BO@CLHFIDDE@?$AAC?$AAh?$AAo?$AAo?$AAs?$AAe?$AAM?$AAe?$AAn?$AAu?$AAT?$AAy?$AAp?$AAe?$AA?$AA@ 10001240     Plugin.obj
 0001:00000260       ??_C@_1O@BJPKKLLM@?$AAC?$AAo?$AAn?$AAf?$AAi?$AAg?$AA?$AA@ 10001260     Plugin.obj
 0001:00000270       ??_C@_19JPHCGFBO@?$AAM?$AAa?$AAi?$AAn?$AA?$AA@ 10001270     Plugin.obj
 0001:0000027c       ??_C@_15DDHGOCBH@?$AA?4?$AA?4?$AA?$AA@ 1000127c     Plugin.obj
 0001:00000284       ??_7?$DialogBuilderBase@UFarDialogItem@@@@6B@ 10001284     Plugin.obj
 0001:000002a4       __GUID_000214f4_0000_0000_c000_000000000046 100012a4     Plugin.obj
 0001:000002b4       __GUID_bcfce0a0_ec17_11d0_8d10_00a0c90f2719 100012b4     Plugin.obj
 0001:000002c4       ??_7PluginDialogBuilder@@6B@ 100012c4     Plugin.obj
 0001:000002e4       ??_7?$DialogItemBinding@UFarDialogItem@@@@6B@ 100012e4     Plugin.obj
 0001:000002ec       ??_7PluginCheckBoxBinding@@6B@ 100012ec     Plugin.obj
 0001:000002f4       ??_7PluginRadioButtonBinding@@6B@ 100012f4     Plugin.obj
 0001:000002fc       ??_C@_15EFLNJKHH@?$AA?$CF?$AAu?$AA?$AA@ 100012fc     Plugin.obj
 0001:00000304       ??_7PluginIntEditFieldBinding@@6B@ 10001304     Plugin.obj
 0001:0000030c       ??_C@_1O@EOCFEDGM@?$AAG?$AAu?$AAi?$AAP?$AAo?$AAs?$AA?$AA@ 1000130c     Plugin.obj
 0001:0000031c       ??_C@_1BM@JNPKPLGJ@?$AAD?$AAi?$AAf?$AAf?$AAe?$AAr?$AAe?$AAn?$AAt?$AAO?$AAn?$AAl?$AAy?$AA?$AA@ 1000131c     Plugin.obj
 0001:00000338       ??_C@_1BC@JAMHBCOF@?$AAH?$AAe?$AAl?$AAp?$AAt?$AAe?$AAx?$AAt?$AA?$AA@ 10001338     Plugin.obj
 0001:0000034c       ??_C@_1O@EFKGCNCH@?$AAS?$AAi?$AAl?$AAe?$AAn?$AAt?$AA?$AA@ 1000134c     Plugin.obj
 0001:0000035c       ??_C@_1BO@ELNGBDOB@?$AAC?$AAl?$AAe?$AAa?$AAr?$AAS?$AAe?$AAl?$AAe?$AAc?$AAt?$AAi?$AAo?$AAn?$AA?$AA@ 1000135c     Plugin.obj
 0001:0000037c       ??_C@_1BI@FNELDPIH@?$AAD?$AAe?$AAl?$AAU?$AAs?$AAi?$AAn?$AAg?$AAF?$AAa?$AAr?$AA?$AA@ 1000137c     Plugin.obj
 0001:00000394       ??_C@_1O@HAPBPKPP@?$AAU?$AAs?$AAe?$AAG?$AAU?$AAI?$AA?$AA@ 10001394     Plugin.obj
 0001:000003a4       ??_C@_1BO@BLHAFJIH@?$AAW?$AAa?$AAi?$AAt?$AAT?$AAo?$AAC?$AAo?$AAn?$AAt?$AAi?$AAn?$AAu?$AAe?$AA?$AA@ 100013a4     Plugin.obj
 0001:000003c8       ??_C@_1FE@DFGJMLLI@?$AAr?$AAc?$AAl?$AAk?$AA?3?$AAr?$AAc?$AAl?$AAk?$AA_?$AAt?$AAx?$AAt?$AA?3?$AAr?$AAc?$AAl?$AAk?$AA_?$AAg?$AAu?$AAi?$AA?3?$AAr?$AAc?$AAl?$AAk?$AA_?$AAc?$AAm?$AAd?$AA?3@ 100013c8     Plugin.obj
 0001:0000041c       ??_C@_11LOCGONAA@?$AA?$AA@ 1000141c     Plugin.obj
 0001:00000420       ??_C@_13DIBMAFH@?$AA?$CJ?$AA?$AA@ 10001420     Plugin.obj
 0001:00000424       ??_C@_15CMBHNMLL@?$AA?5?$AA?$CI?$AA?$AA@ 10001424     Plugin.obj
 0001:0000042c       ??_C@_13EHOOFIKC@?$AA?$HN?$AA?$AA@ 1000142c     Plugin.obj
 0001:00000430       ??_C@_1BI@BNFKGMFK@?$AAs?$AAh?$AAe?$AAl?$AAl?$AA3?$AA2?$AA?4?$AAd?$AAl?$AAl?$AA?$AA@ 10001430     Plugin.obj
 0001:00000448       ??_C@_13GCIFAHHO@?$AA?$HL?$AA?$AA@ 10001448     Plugin.obj
 0001:0000044c       ??_C@_1BO@PGPCBEEA@?$AAK?$AAe?$AAy?$AAs?$AA?8?$AAS?$AAh?$AAi?$AAf?$AAt?$AAD?$AAe?$AAl?$AA?8?$AA?$AA@ 1000144c     Plugin.obj
 0001:0000046c       ??_C@_1BK@NGCLJGHJ@?$AAK?$AAe?$AAy?$AAs?$AA?8?$AAA?$AAl?$AAt?$AAD?$AAe?$AAl?$AA?8?$AA?$AA@ 1000146c     Plugin.obj
 0001:00000488       ??_C@_1BC@BMPELNKI@?$AAK?$AAe?$AAy?$AAs?$AA?8?$AAF?$AA8?$AA?8?$AA?$AA@ 10001488     Plugin.obj
 0001:0000049c       ??_C@_06FOBLBEIN@delete?$AA@ 1000149c     Plugin.obj
 0001:000004a4       ??_C@_1BC@CGPONMNI@?$AAK?$AAe?$AAy?$AAs?$AA?8?$AAF?$AA6?$AA?8?$AA?$AA@ 100014a4     Plugin.obj
 0001:000004b8       ??_C@_06LMEAOBLB@rename?$AA@ 100014b8     Plugin.obj
 0001:000004c0       ??_C@_15JOGBDECP@?$AA?0?$AA?5?$AA?$AA@ 100014c0     Plugin.obj
 0001:000004c8       ??_C@_1M@MDEFCCAF@?$AA?$CF?$AAu?$AA?5?$AA?$CF?$AAs?$AA?$AA@ 100014c8     Plugin.obj
 0001:000004d4       ??_C@_13FPGAJAPJ@?$AA?2?$AA?$AA@ 100014d4     Plugin.obj
 0001:000004d8       ??_C@_1BG@CJEHAOD@?$AAr?$AAc?$AAl?$AAk?$AA_?$AAi?$AAt?$AAe?$AAm?$AA?3?$AA?$AA@ 100014d8     Plugin.obj
 0001:000004f0       ??_C@_1BE@JGMPCMJC@?$AAr?$AAc?$AAl?$AAk?$AA_?$AAc?$AAm?$AAd?$AA?3?$AA?$AA@ 100014f0     Plugin.obj
 0001:00000504       ??_C@_1BE@IMOELFKI@?$AAr?$AAc?$AAl?$AAk?$AA_?$AAg?$AAu?$AAi?$AA?3?$AA?$AA@ 10001504     Plugin.obj
 0001:00000518       ??_C@_1BE@GEDAILNH@?$AAr?$AAc?$AAl?$AAk?$AA_?$AAt?$AAx?$AAt?$AA?3?$AA?$AA@ 10001518     Plugin.obj
 0001:0000052c       ??_C@_1M@MGKMLCA@?$AAr?$AAc?$AAl?$AAk?$AA?3?$AA?$AA@ 1000152c     Plugin.obj
 0001:00000540       __imp__EncodePointer@4     10001540     vc_crt_fix.obj
 0001:00000544       __imp__DecodePointer@4     10001544     vc_crt_fix.obj
 0001:00000548       __imp__GetModuleHandleExW@12 10001548     vc_crt_fix.obj
 0001:0000054c       ??_C@_0O@NLDKAIKN@EncodePointer?$AA@ 1000154c     vc_crt_fix_impl.obj
 0001:0000055c       ??_C@_0O@KBPMFGHI@DecodePointer?$AA@ 1000155c     vc_crt_fix_impl.obj
 0001:0000056c       ??_C@_1BC@GDMECMAK@?$AAk?$AAe?$AAr?$AAn?$AAe?$AAl?$AA3?$AA2?$AA?$AA@ 1000156c     vc_crt_fix_impl.obj
 0001:00000580       ??_C@_0BD@GIGEJCNH@GetModuleHandleExW?$AA@ 10001580     vc_crt_fix_impl.obj
 0001:00000594       _IID_IContextMenu          10001594     shell32:shguid.obj
 0001:000005a4       _IID_IShellFolder          100015a4     shell32:shguid.obj
 0001:000005b4       _IID_IDropTarget           100015b4     uuid:oleidl_i.obj
 0001:000005c4       _IID_IDataObject           100015c4     uuid:objidl_i.obj
 0001:000005e0       __load_config_used         100015e0     LIBCMT:loadcfg.obj
 0001:00000630       ___safe_se_handler_table   10001630     <linker-defined>
 0001:00000640       __chkstk                   10001640 f   chkstk.obj
 0001:00000640       __alloca_probe             10001640     chkstk.obj
 0001:00000670       __DllMainCRTStartup@12     10001670 f   EMenu.obj
 0001:00000690       _GetGlobalInfoW@4          10001690 f   EMenu.obj
 0001:00000710       _SetStartupInfoW@4         10001710 f   EMenu.obj
 0001:00000750       _GetPluginInfoW@4          10001750 f   EMenu.obj
 0001:00000760       _OpenW@4                   10001760 f   EMenu.obj
 0001:00000780       _ConfigureW@4              10001780 f   EMenu.obj
 0001:00000790       _ExitFARW@4                10001790 f   EMenu.obj
 0001:000007c0       ??0auto_sz@@QAE@XZ         100017c0 f   auto_sz.obj
 0001:000007d0       ??Bauto_sz@@QAEPB_WXZ      100017d0 f   auto_sz.obj
 0001:000007d0       ??Bauto_sz@@QAEPA_WXZ      100017d0 f   auto_sz.obj
 0001:000007e0       ??Aauto_sz@@QAE_WH@Z       100017e0 f   auto_sz.obj
 0001:000007f0       ?Realloc@auto_sz@@QAEXI@Z  100017f0 f   auto_sz.obj
 0001:00000890       ??Yauto_sz@@QAEAAV0@PB_W@Z 10001890 f   auto_sz.obj
 0001:000008d0       ?Len@auto_sz@@QBEIXZ       100018d0 f   auto_sz.obj
 0001:000008e0       ?Trunc@auto_sz@@QAEXI@Z    100018e0 f   auto_sz.obj
 0001:00000900       ??9auto_sz@@QAE_NPB_W@Z    10001900 f   auto_sz.obj
 0001:00000920       ?CompareExcluding@auto_sz@@QAE_NPB_W_W@Z 10001920 f   auto_sz.obj
 0001:00000980       ?RemoveTrailing@auto_sz@@QAEX_W@Z 10001980 f   auto_sz.obj
 0001:000009c0       ?IsEmpty@auto_sz@@QAE_NXZ  100019c0 f   auto_sz.obj
 0001:000009e0       ??0auto_sz@@QAE@PB_WI@Z    100019e0 f   auto_sz.obj
 0001:00000a10       ??1auto_sz@@QAE@XZ         10001a10 f   auto_sz.obj
 0001:00000a40       ??4auto_sz@@QAEAAV0@PB_W@Z 10001a40 f   auto_sz.obj
 0001:00000ab0       ??4auto_sz@@QAEAAV0@ABV0@@Z 10001ab0 f   auto_sz.obj
 0001:00000ae0       ??0auto_sz@@QAE@PB_W@Z     10001ae0 f   auto_sz.obj
 0001:00000b00       ??0auto_sz@@QAE@ABU_STRRET@@PBU_ITEMIDLIST@@@Z 10001b00 f   auto_sz.obj
 0001:00000b80       ??0CFarMenu@@QAE@PB_WPBU_GUID@@I@Z 10001b80 f   FarMenu.obj
 0001:00000c10       ??1CFarMenu@@QAE@XZ        10001c10 f   FarMenu.obj
 0001:00000c70       ?InsertItem@CFarMenu@@QAEIIPB_W_NW4ECheck@1@1@Z 10001c70 f   FarMenu.obj
 0001:00000db0       ?AddArrows@CFarMenu@@IAEXXZ 10001db0 f   FarMenu.obj
 0001:00000f30       ??ACFarMenu@@QAEPB_WI@Z    10001f30 f   FarMenu.obj
 0001:00000f50       ?GetCursorXY@CFarMenu@@QAEXPAH0@Z 10001f50 f   FarMenu.obj
 0001:00001030       ?Show@CFarMenu@@QAEHPB_WH_N@Z 10002030 f   FarMenu.obj
 0001:00001260       ?AddItem@CFarMenu@@QAEIPB_W_NW4ECheck@1@1@Z 10002260 f   FarMenu.obj
 0001:00001280       ?AddSeparator@CFarMenu@@QAEXXZ 10002280 f   FarMenu.obj
 0001:00001310       ?MenuDlgProc@@YGHPAUHWND__@@IIJ@Z 10002310 f   MenuDlg.obj
 0001:000014d0       ?ShowMenu@OleThread@@YAHAAVCFarMenu@@PB_WH_N@Z 100024d0 f   OleThread.obj
 0001:00001530       ?Stop@OleThread@@YAXXZ     10002530 f   OleThread.obj
 0001:00001550       ?Startup@OleThread@@YAXXZ  10002550 f   OleThread.obj
 0001:00001610       ?ThreadProc@OleThread@@YGKPAX@Z 10002610 f   OleThread.obj
 0001:00001760       ?EnsureThreadStarted@OleThread@@YA_NXZ 10002760 f   OleThread.obj
 0001:00001890       ?OpenPlugin@OleThread@@YA?AW4EDoMenu@CPlugin@@HH@Z 10002890 f   OleThread.obj
 0001:00001950       ?Cleanup@OleThread@@YAXXZ  10002950 f   OleThread.obj
 0001:00001a30       ??0CPidl@@QAE@PAUIMalloc@@@Z 10002a30 f   Pidl.obj
 0001:00001a50       ??1CPidl@@QAE@XZ           10002a50 f   Pidl.obj
 0001:00001a90       ??BCPidl@@QAEPAU_ITEMIDLIST@@XZ 10002a90 f   Pidl.obj
 0001:00001aa0       ?EnsureSpace@CPidl@@QAEXXZ 10002aa0 f   Pidl.obj
 0001:00001af0       ??ICPidl@@QAEPAPAU_ITEMIDLIST@@XZ 10002af0 f   Pidl.obj
 0001:00001af0       ?GetArray@CPidl@@QAEPAPBU_ITEMIDLIST@@XZ 10002af0 f   Pidl.obj
 0001:00001b10       ?Insert@CPidl@@QAEXIPAU_ITEMIDLIST@@@Z 10002b10 f   Pidl.obj
 0001:00001ba0       ?GetAt@CPidl@@QAEPAU_ITEMIDLIST@@I@Z 10002ba0 f   Pidl.obj
 0001:00001bc0       ?Count@CPidl@@QAEIXZ       10002bc0 f   Pidl.obj
 0001:00001bd0       ?Add@CPidl@@QAEXPAU_ITEMIDLIST@@@Z 10002bd0 f   Pidl.obj
 0001:00001bf0       ?GetLangString@PluginDialogBuilder@@MAEPB_WH@Z 10002bf0 f i Plugin.obj
 0001:00001c10       ?_com_issue_error@@YGXJ@Z  10002c10 f   Plugin.obj
 0001:00001c20       ??1CPlugin@@QAE@XZ         10002c20 f   Plugin.obj
 0001:00001c30       ?ReadRegValues@CPlugin@@IAEXXZ 10002c30 f   Plugin.obj
 0001:00001f30       ?Message@CPlugin@@IAEHKPB_WPBQB_WHH@Z 10002f30 f   Plugin.obj
 0001:00001f70       ?CfgDlgProc@CPlugin@@IAEXPAXHH0@Z 10002f70 f   Plugin.obj
 0001:00002040       ?ExitFAR@CPlugin@@QAEXXZ   10003040 f   Plugin.obj
 0001:00002050       ?OpenPlugin@CPlugin@@QAEPAXHH@Z 10003050 f   Plugin.obj
 0001:000021e0       ?ParseParams@CPlugin@@IAEIPA_WPAPB_W@Z 100031e0 f   Plugin.obj
 0001:00002280       ?GetFilesFromPanel@CPlugin@@IAE_NPAPAPB_WPAI1PAVauto_sz@@@Z 10003280 f   Plugin.obj
 0001:00002620       ?ShowGuiMenu@CPlugin@@IAE_NPAUHMENU__@@PAUIContextMenu@@PAUIContextMenu2@@PAUIContextMenu3@@PAH@Z 10003620 f   Plugin.obj
 0001:00002750       ?GetAdditionalString@CPlugin@@IAE_NPAUIContextMenu@@IW4EAdditionalStr@1@PAVauto_sz@@@Z 10003750 f   Plugin.obj
 0001:00002840       ?TextWidth@?$DialogBuilderBase@UFarDialogItem@@@@MAEHABUFarDialogItem@@@Z 10003840 f i Plugin.obj
 0001:00002850       ?DoShowDialog@?$DialogBuilderBase@UFarDialogItem@@@@MAEHXZ 10003850 f i Plugin.obj
 0001:00002860       ?GetLangString@?$DialogBuilderBase@UFarDialogItem@@@@MAEPB_WH@Z 10003860 f i Plugin.obj
 0001:00002860       ?CreateRadioButtonBinding@?$DialogBuilderBase@UFarDialogItem@@@@MAEPAU?$DialogItemBinding@UFarDialogItem@@@@PAH@Z 10003860 f i Plugin.obj
 0001:00002870       ??1?$DialogBuilderBase@UFarDialogItem@@@@MAE@XZ 10003870 f i Plugin.obj
 0001:000028c0       ?CreateCheckBoxBinding@?$DialogBuilderBase@UFarDialogItem@@@@MAEPAU?$DialogItemBinding@UFarDialogItem@@@@PAHH@Z 100038c0 f i Plugin.obj
 0001:000028c0       ?AddIntEditField@?$DialogBuilderBase@UFarDialogItem@@@@UAEPAUFarDialogItem@@PAHH@Z 100038c0 f i Plugin.obj
 0001:000028d0       ??_E?$DialogBuilderBase@UFarDialogItem@@@@MAEPAXI@Z 100038d0 f i Plugin.obj
 0001:000028d0       ??_G?$DialogBuilderBase@UFarDialogItem@@@@MAEPAXI@Z 100038d0 f i Plugin.obj
 0001:000028f0       ?ReallocDialogItems@?$DialogBuilderBase@UFarDialogItem@@@@IAEXXZ 100038f0 f i Plugin.obj
 0001:000029c0       ?UpdateSecondColumnPosition@?$DialogBuilderBase@UFarDialogItem@@@@IAEXXZ 100039c0 f i Plugin.obj
 0001:00002a20       ?SaveValues@?$DialogBuilderBase@UFarDialogItem@@@@IAEXXZ 10003a20 f i Plugin.obj
 0001:00002a70       ?MaxTextWidth@?$DialogBuilderBase@UFarDialogItem@@@@IAEHXZ 10003a70 f i Plugin.obj
 0001:00002b30       ??1CHMenu@@QAE@XZ          10003b30 f i Plugin.obj
 0001:00002b50       ?InitDialogItem@PluginDialogBuilder@@MAEXPAUFarDialogItem@@PB_W@Z 10003b50 f i Plugin.obj
 0001:00002b70       ?TextWidth@PluginDialogBuilder@@MAEHABUFarDialogItem@@@Z 10003b70 f i Plugin.obj
 0001:00002b90       ?DoShowDialog@PluginDialogBuilder@@MAEHXZ 10003b90 f i Plugin.obj
 0001:00002bf0       ?SaveValue@?$DialogItemBinding@UFarDialogItem@@@@UAEXPAUFarDialogItem@@H@Z 10003bf0 f i Plugin.obj
 0001:00002bf0       ?InitDialogItem@?$DialogBuilderBase@UFarDialogItem@@@@MAEXPAUFarDialogItem@@PB_W@Z 10003bf0 f i Plugin.obj
 0001:00002c00       ??_EPluginRadioButtonBinding@@UAEPAXI@Z 10003c00 f i Plugin.obj
 0001:00002c00       ??_G?$DialogItemBinding@UFarDialogItem@@@@UAEPAXI@Z 10003c00 f i Plugin.obj
 0001:00002c00       ??_GPluginRadioButtonBinding@@UAEPAXI@Z 10003c00 f i Plugin.obj
 0001:00002c00       ??_EPluginCheckBoxBinding@@UAEPAXI@Z 10003c00 f i Plugin.obj
 0001:00002c00       ??_GPluginCheckBoxBinding@@UAEPAXI@Z 10003c00 f i Plugin.obj
 0001:00002c00       ??_GPluginIntEditFieldBinding@@UAEPAXI@Z 10003c00 f i Plugin.obj
 0001:00002c00       ??_EPluginIntEditFieldBinding@@UAEPAXI@Z 10003c00 f i Plugin.obj
 0001:00002c00       ??_E?$DialogItemBinding@UFarDialogItem@@@@UAEPAXI@Z 10003c00 f i Plugin.obj
 0001:00002c20       ?SaveValue@PluginCheckBoxBinding@@UAEXPAUFarDialogItem@@H@Z 10003c20 f i Plugin.obj
 0001:00002c60       ?SaveValue@PluginRadioButtonBinding@@UAEXPAUFarDialogItem@@H@Z 10003c60 f i Plugin.obj
 0001:00002c90       ??0PluginIntEditFieldBinding@@QAE@ABUPluginStartupInfo@@PAPAXHPAHH@Z 10003c90 f i Plugin.obj
 0001:00002d30       ?SaveValue@PluginIntEditFieldBinding@@UAEXPAUFarDialogItem@@H@Z 10003d30 f i Plugin.obj
 0001:00002d60       ?CreateCheckBoxBinding@PluginDialogBuilder@@MAEPAU?$DialogItemBinding@UFarDialogItem@@@@PAHH@Z 10003d60 f i Plugin.obj
 0001:00002db0       ?CreateRadioButtonBinding@PluginDialogBuilder@@MAEPAU?$DialogItemBinding@UFarDialogItem@@@@PAH@Z 10003db0 f i Plugin.obj
 0001:00002e00       ??_EPluginDialogBuilder@@UAEPAXI@Z 10003e00 f i Plugin.obj
 0001:00002e00       ??_GPluginDialogBuilder@@UAEPAXI@Z 10003e00 f i Plugin.obj
 0001:00002e40       ??0CPlugin@@QAE@PBUPluginStartupInfo@@@Z 10003e40 f   Plugin.obj
 0001:00002f40       ?GetPluginInfo@CPlugin@@QAEXPAUPluginInfo@@@Z 10003f40 f   Plugin.obj
 0001:00002fa0       ?CfgDlgProcStatic@CPlugin@@KGHPAXHH0@Z 10003fa0 f   Plugin.obj
 0001:00002ff0       ?GetFilesFromParams@CPlugin@@IAE_NPA_WPAPAPB_WPAI2PAVauto_sz@@_N@Z 10003ff0 f   Plugin.obj
 0001:00003170       ?AddCheckbox@?$DialogBuilderBase@UFarDialogItem@@@@QAEPAUFarDialogItem@@HPAHH_N@Z 10004170 f i Plugin.obj
 0001:000032a0       ?AddRadioButtons@?$DialogBuilderBase@UFarDialogItem@@@@QAEXPAHHQBH_N@Z 100042a0 f i Plugin.obj
 0001:00003400       ?UpdateBorderSize@?$DialogBuilderBase@UFarDialogItem@@@@IAEXXZ 10004400 f i Plugin.obj
 0001:00003480       ?AddSeparator@?$DialogBuilderBase@UFarDialogItem@@@@QAEXPB_W@Z 10004480 f i Plugin.obj
 0001:000034f0       ??0PluginDialogBuilder@@QAE@ABUPluginStartupInfo@@ABU_GUID@@1HPB_WP6GHPAXHH3@Z3@Z 100044f0 f i Plugin.obj
 0001:000035f0       ?AddIntEditField@PluginDialogBuilder@@UAEPAUFarDialogItem@@PAHH@Z 100045f0 f i Plugin.obj
 0001:000036b0       ?ShowFolder@CPlugin@@IAE_NPAUIShellFolder@@PBU_ITEMIDLIST@@PAHPB_WPAPAUIDropTarget@@@Z 100046b0 f   Plugin.obj
 0001:00003990       ??$_QueryInterface@V?$_com_ptr_t@V?$_com_IIID@UIContextMenu@@$1?_GUID_000214e4_0000_0000_c000_000000000046@@3U__s_GUID@@B@@@@@?$_com_ptr_t@V?$_com_IIID@UIContextMenu2@@$1?_GUID_000214f4_0000_0000_c000_000000000046@@3U__s_GUID@@B@@@@AAEJV?$_com_ptr_t@V?$_com_IIID@UIContextMenu@@$1?_GUID_000214e4_0000_0000_c000_000000000046@@3U__s_GUID@@B@@@@@Z 10004990 f i Plugin.obj
 0001:00003a10       ??$_QueryInterface@V?$_com_ptr_t@V?$_com_IIID@UIContextMenu@@$1?_GUID_000214e4_0000_0000_c000_000000000046@@3U__s_GUID@@B@@@@@?$_com_ptr_t@V?$_com_IIID@UIContextMenu3@@$1?_GUID_bcfce0a0_ec17_11d0_8d10_00a0c90f2719@@3U__s_GUID@@B@@@@AAEJV?$_com_ptr_t@V?$_com_IIID@UIContextMenu@@$1?_GUID_000214e4_0000_0000_c000_000000000046@@3U__s_GUID@@B@@@@@Z 10004a10 f i Plugin.obj
 0001:00003a90       ?ShowTextMenu@CPlugin@@IAE_NPAUHMENU__@@PAUIContextMenu@@PAUIContextMenu2@@PAUIContextMenu3@@PAHPB_WPAUIShellFolder@@PAPBU_ITEMIDLIST@@I@Z 10004a90 f   Plugin.obj
 0001:00004230       ?AddOKCancel@?$DialogBuilderBase@UFarDialogItem@@@@QAEXHHH_N@Z 10005230 f i Plugin.obj
 0001:000043a0       ?Configure@CPlugin@@QAEHXZ 100053a0 f   Plugin.obj
 0001:00004980       ?DoMenu@CPlugin@@IAE?AW4EDoMenu@1@PAUIShellFolder@@PAPBU_ITEMIDLIST@@QAPB_WIIPB_WW4EAutoItem@1@@Z 10005980 f   Plugin.obj
 0001:000052b0       ?SelectDrive@CPlugin@@IAE?AW4EDoMenu@1@XZ 100062b0 f   Plugin.obj
 0001:000056a0       ?MenuForPanelOrCmdLine@CPlugin@@IAE?AW4EDoMenu@1@PA_WW4EAutoItem@1@@Z 100066a0 f   Plugin.obj
 0001:00005a80       ?DoMenu@CPlugin@@IAE?AW4EDoMenu@1@PA_WW4CallMode@1@@Z 10006a80 f   Plugin.obj
 0001:00005d10       ?OpenPluginBkg@CPlugin@@QAE?AW4EDoMenu@1@HH@Z 10006d10 f   Plugin.obj
 0001:00005e60       _GetModuleHandleExWWrapper@12 10006e60 f   vc_crt_fix_impl.obj
 0001:00005fb0       _EncodePointerWrapper@4    10006fb0 f   vc_crt_fix_impl.obj
 0001:00005fc0       _DecodePointerWrapper@4    10006fc0 f   vc_crt_fix_impl.obj
 0001:00005fd0       ??2@YAPAXI@Z               10006fd0 f   libCRT:new.obj
 0001:00005fe0       ??3@YAXPAX@Z               10006fe0 f   libCRT:delete.obj
 0001:00005ff0       ??_U@YAPAXI@Z              10006ff0 f   libCRT:new_array.obj
 0001:00006000       ??_V@YAXPAX@Z              10007000 f   libCRT:delete_array.obj
 0001:00006010       _memmove                   10007010 f   libCRT:memmove.obj
 0001:00006060       _memcpy                    10007060 f   libCRT:memcpy.obj
 0001:00006090       _memset                    10007090 f   libCRT:memset.obj
 0001:000060d0       _free                      100070d0 f   libCRT:free.obj
 0001:000060f0       _wcsncmp                   100070f0 f   libCRT:strncmp.obj
 0001:00006130       _malloc                    10007130 f   libCRT:malloc.obj
 0001:00006158       __except_handler3          10007158 f   LIBCMT:exsup3.obj
 0001:00006256       __seh_longjmp_unwind@4     10007256 f   LIBCMT:exsup3.obj
 0001:00006271       _CallDestructExceptionObject 10007271 f   LIBCMT:calldtor.obj
 0001:000062b0       __global_unwind2           100072b0 f   LIBCMT:exsup.obj
 0001:00006315       __local_unwind2            10007315 f   LIBCMT:exsup.obj
 0001:00006399       __abnormal_termination     10007399 f   LIBCMT:exsup.obj
 0001:000063bc       __NLG_Notify1              100073bc f   LIBCMT:exsup.obj
 0001:000063c5       __NLG_Notify               100073c5 f   LIBCMT:exsup.obj
 0001:000063dc       __NLG_Dispatch             100073dc     LIBCMT:exsup.obj
 0001:000063dc       __NLG_Dispatch2            100073dc     LIBCMT:exsup.obj
 0001:000063e4       __NLG_Call                 100073e4 f   LIBCMT:exsup.obj
 0001:000063e6       __NLG_Return2              100073e6     LIBCMT:exsup.obj
 0001:000064b0       __ValidateEH3RN            100074b0 f   LIBCMT:eh3valid.obj
 0001:00006800       __ValidateImageBase        10007800 f   LIBCMT:pesect.obj
 0001:00006840       __FindPESection            10007840 f   LIBCMT:pesect.obj
 0001:00006890       __IsNonwritableInCurrentImage 10007890 f   LIBCMT:pesect.obj
 0001:0000694c       @__security_check_cookie@4 1000794c f   LIBCMT:secchk.obj
 0001:00006960       __except_handler4          10007960 f   LIBCMT:chandler4.obj
 0001:00006aef       ___report_gsfailure        10007aef f   LIBCMT:gs_report.obj
 0001:00006c00       __local_unwind4            10007c00 f   LIBCMT:exsup4.obj
 0001:00006cd6       __seh_longjmp_unwind4@4    10007cd6 f   LIBCMT:exsup4.obj
 0001:00006cf2       @_EH4_CallFilterFunc@8     10007cf2 f   LIBCMT:exsup4.obj
 0001:00006d09       @_EH4_TransferToHandler@8  10007d09 f   LIBCMT:exsup4.obj
 0001:00006d22       @_EH4_GlobalUnwind2@8      10007d22 f   LIBCMT:exsup4.obj
 0001:00006d3b       @_EH4_LocalUnwind@16       10007d3b f   LIBCMT:exsup4.obj
 0001:00006d52       __crt_debugger_hook        10007d52 f   LIBCMT:dbghook.obj
 0001:00006d5a       _RtlUnwind@16              10007d5a f   kernel32:KERNEL32.dll
 0001:00006dac       __IMPORT_DESCRIPTOR_KERNEL32 10007dac     kernel32:KERNEL32.dll
 0001:00006dc0       __IMPORT_DESCRIPTOR_USER32 10007dc0     user32:USER32.dll
 0001:00006dd4       __IMPORT_DESCRIPTOR_SHELL32 10007dd4     shell32:SHELL32.dll
 0001:00006de8       __IMPORT_DESCRIPTOR_ole32  10007de8     ole32:ole32.dll
 0001:00006dfc       __NULL_IMPORT_DESCRIPTOR   10007dfc     kernel32:KERNEL32.dll
 0002:00000000       ?g_szTopicMain@@3PB_WB     10009000     Plugin.obj
 0002:00000004       ?g_szTopicConfig@@3PB_WB   10009004     Plugin.obj
 0002:00000008       ?g_szTopicChooseMenuType@@3PB_WB 10009008     Plugin.obj
 0002:0000000c       ?g_szTopicContextMenu@@3PB_WB 1000900c     Plugin.obj
 0002:00000010       ?g_szTopicMyComp@@3PB_WB   10009010     Plugin.obj
 0002:00000014       ?g_szTopicError0@@3PB_WB   10009014     Plugin.obj
 0002:00000018       ?g_szTopicError1@@3PB_WB   10009018     Plugin.obj
 0002:0000001c       ?g_szTopicError2@@3PB_WB   1000901c     Plugin.obj
 0002:00000020       ?g_szTopicClose@@3PB_WB    10009020     Plugin.obj
 0002:00000030       __NLG_Destination          10009030     LIBCMT:exsup.obj
 0002:00000040       ___security_cookie         10009040     LIBCMT:gs_cookie.obj
 0002:00000044       ___security_cookie_complement 10009044     LIBCMT:gs_cookie.obj
 0002:00000050       ?thePlug@@3PAVCPlugin@@A   10009050     EMenu.obj
 0002:00000054       ?Res@ShowMenuArgs@OleThread@@3HA 10009054     OleThread.obj
 0002:00000058       ?szTitle@ShowMenuArgs@OleThread@@3PB_WB 10009058     OleThread.obj
 0002:0000005c       ?bAtCursorPos@ShowMenuArgs@OleThread@@3_NA 1000905c     OleThread.obj
 0002:00000060       ?nSelItem@ShowMenuArgs@OleThread@@3HA 10009060     OleThread.obj
 0002:00000064       ?Menu@ShowMenuArgs@OleThread@@3PAVCFarMenu@@A 10009064     OleThread.obj
 0002:00000068       ?nItem@OpenPluginArgs@OleThread@@3HA 10009068     OleThread.obj
 0002:0000006c       ?enRes@OpenPluginArgs@OleThread@@3W4EDoMenu@CPlugin@@A 1000906c     OleThread.obj
 0002:00000070       ?nOpenFrom@OpenPluginArgs@OleThread@@3HA 10009070     OleThread.obj
 0002:00000074       ?hTerminator@OleThread@@3PAVCThreadTerminator@1@A 10009074     OleThread.obj
 0002:00000078       ?hNeedInvoke@OleThread@@3PAVCHandle@@A 10009078     OleThread.obj
 0002:0000007c       ?hInvokeDone@OleThread@@3PAVCHandle@@A 1000907c     OleThread.obj
 0002:00000080       ?hStop@OleThread@@3PAVCHandle@@A 10009080     OleThread.obj
 0002:00000084       ?hShowMenu@OleThread@@3PAVCHandle@@A 10009084     OleThread.obj
 0002:00000088       ?hMenuDone@OleThread@@3PAVCHandle@@A 10009088     OleThread.obj
 0002:0000008c       ?hThread@OleThread@@3PAXA  1000908c     OleThread.obj
 0002:00000c6c       __debugger_hook_dummy      10009c6c     <common>
 0002:00000c70       __pDestructExceptionObject 10009c70     <common>

 entry point at        0001:00000670

 Static symbols

 0001:00005e10       ?ReturnSamePointer@@YGPAXPAX@Z 10006e10 f   vc_crt_fix_impl.obj
 0001:00005e20       ?GetModuleHandleExWImpl@@YGHKPB_WPAPAUHINSTANCE__@@@Z 10006e20 f   vc_crt_fix_impl.obj
 0001:00005ed0       ??$Wrapper@UEncodePointerName@?1?EncodePointerWrapper@4@@@YGPAXPAX@Z 10006ed0 f   vc_crt_fix_impl.obj
 0001:00005f40       ??$Wrapper@UDecodePointerName@?1?DecodePointerWrapper@4@@@YGPAXPAX@Z 10006f40 f   vc_crt_fix_impl.obj
 0001:000062d0       __unwind_handler           100072d0 f   LIBCMT:exsup.obj
 0001:000063f0       _ValidateScopeTableHandlers 100073f0 f   LIBCMT:eh3valid.obj
 0001:00006c90       __unwind_handler4          10007c90 f   LIBCMT:exsup4.obj
