 HlfViewer

 Timestamp is 51e6ecca (Wed Jul 17 23:13:14 2013)

 Preferred load address is 10000000

 Start         Length     Name                   Class
 0001:00000000 00000044H .idata$5                CODE
 0001:00000048 0000021eH .rdata                  CODE
 0001:00000270 00002535H .text                   CODE
 0001:000027a8 00000028H .idata$2                CODE
 0001:000027d0 00000014H .idata$3                CODE
 0001:000027e4 00000044H .idata$4                CODE
 0001:00002828 00000102H .idata$6                CODE
 0001:00002930 000000c5H .edata                  CODE
 0002:00000000 00000098H .data                   DATA
 0002:00000098 00000e08H .bss                    DATA
 0003:00000000 00000058H .rsrc$01                DATA
 0003:00000060 00000378H .rsrc$02                DATA

  Address         Publics by Value              Rva+Base       Lib:Object

 0000:00000000       ___safe_se_handler_count   00000000     <absolute>
 0000:00000000       ___safe_se_handler_table   00000000     <absolute>
 0001:00000000       __imp__lstrcpynW@12        10001000     kernel32:KERNEL32.dll
 0001:00000004       __imp__GetFileAttributesW@4 10001004     kernel32:KERNEL32.dll
 0001:00000008       __imp__lstrlenW@4          10001008     kernel32:KERNEL32.dll
 0001:0000000c       __imp__lstrcpyW@8          1000100c     kernel32:KERNEL32.dll
 0001:00000010       __imp__DeleteFileW@4       10001010     kernel32:KERNEL32.dll
 0001:00000014       __imp__CloseHandle@4       10001014     kernel32:KERNEL32.dll
 0001:00000018       __imp__WriteFile@20        10001018     kernel32:KERNEL32.dll
 0001:0000001c       __imp__CreateFileW@28      1000101c     kernel32:KERNEL32.dll
 0001:00000020       __imp__lstrcatW@8          10001020     kernel32:KERNEL32.dll
 0001:00000024       __imp__GetFullPathNameW@16 10001024     kernel32:KERNEL32.dll
 0001:00000028       __imp__ExpandEnvironmentStringsW@12 10001028     kernel32:KERNEL32.dll
 0001:0000002c       __imp__HeapFree@12         1000102c     kernel32:KERNEL32.dll
 0001:00000030       __imp__GetProcessHeap@0    10001030     kernel32:KERNEL32.dll
 0001:00000034       __imp__HeapAlloc@12        10001034     kernel32:KERNEL32.dll
 0001:00000038       \177KERNEL32_NULL_THUNK_DATA 10001038     kernel32:KERNEL32.dll
 0001:0000003c       __imp__UuidFromStringW@8   1000103c     rpcrt4:RPCRT4.dll
 0001:00000040       \177RPCRT4_NULL_THUNK_DATA 10001040     rpcrt4:RPCRT4.dll
 0001:00000048       _MainGuid                  10001048     HlfViewer.obj
 0001:00000058       _MenuGuid                  10001058     HlfViewer.obj
 0001:00000068       _DialogGuid                10001068     HlfViewer.obj
 0001:00000078       ??_C@_1DE@BGKMIKPD@?$AAE?$AAu?$AAg?$AAe?$AAn?$AAe?$AA?5?$AAR?$AAo?$AAs?$AAh?$AAa?$AAl?$AA?5?$AA?$CG?$AA?5?$AAF?$AAa?$AAr?$AA?5?$AAG?$AAr?$AAo?$AAu?$AAp?$AA?$AA@ 10001078     HlfViewer.obj
 0001:000000b0       ??_C@_1EA@CONHECGE@?$AAH?$AAl?$AAf?$AA?9?$AAf?$AAi?$AAl?$AAe?$AA?5?$AAV?$AAi?$AAe?$AAw?$AAe?$AAr?$AA?5?$AAf?$AAo?$AAr?$AA?5?$AAF?$AAa?$AAr?$AA?5?$AAM?$AAa?$AAn?$AAa?$AAg?$AAe?$AAr?$AA?$AA@ 100010b0     HlfViewer.obj
 0001:000000f0       ??_C@_1BE@KLINDABO@?$AAH?$AAl?$AAf?$AAV?$AAi?$AAe?$AAw?$AAe?$AAr?$AA?$AA@ 100010f0     HlfViewer.obj
 0001:00000104       ??_C@_17KGEADEDI@?$AAH?$AAL?$AAF?$AA?$AA@ 10001104     HlfViewer.obj
 0001:0000010c       ??_C@_1M@EFMNOFJK@?$AA?$CK?$AA?4?$AAh?$AAl?$AAf?$AA?$AA@ 1000110c     HlfViewer.obj
 0001:00000118       ??_C@_1BC@KGOLMJNA@?$AAM?$AAa?$AAs?$AAk?$AAF?$AAi?$AAl?$AAe?$AA?$AA@ 10001118     HlfViewer.obj
 0001:0000012c       ??_C@_1BM@GGPBEDKL@?$AAC?$AAh?$AAe?$AAc?$AAk?$AAM?$AAa?$AAs?$AAk?$AAF?$AAi?$AAl?$AAe?$AA?$AA@ 1000112c     HlfViewer.obj
 0001:00000148       ??_C@_1M@PALMNGCF@?$AAS?$AAt?$AAy?$AAl?$AAe?$AA?$AA@ 10001148     HlfViewer.obj
 0001:00000154       ??_C@_1CG@GFFDAIMK@?$AAP?$AAr?$AAo?$AAc?$AAe?$AAs?$AAs?$AAE?$AAd?$AAi?$AAt?$AAo?$AAr?$AAI?$AAn?$AAp?$AAu?$AAt?$AA?$AA@ 10001154     HlfViewer.obj
 0001:0000017c       ??_C@_15NPKLCIOJ@?$AAF?$AA1?$AA?$AA@ 1000117c     HlfViewer.obj
 0001:00000184       ??_C@_1BE@IHEBLNLC@?$AAE?$AAd?$AAi?$AAt?$AAo?$AAr?$AAK?$AAe?$AAy?$AA?$AA@ 10001184     HlfViewer.obj
 0001:00000198       ??_7?$DialogItemBinding@UFarDialogItem@@@@6B@ 10001198     HlfViewer.obj
 0001:000001a0       ??_7?$DialogBuilderBase@UFarDialogItem@@@@6B@ 100011a0     HlfViewer.obj
 0001:000001c0       ??_7PluginEditFieldBinding@@6B@ 100011c0     HlfViewer.obj
 0001:000001c8       ??_7PluginDialogBuilder@@6B@ 100011c8     HlfViewer.obj
 0001:000001e8       ??_7PluginCheckBoxBinding@@6B@ 100011e8     HlfViewer.obj
 0001:000001f0       ??_7PluginRadioButtonBinding@@6B@ 100011f0     HlfViewer.obj
 0001:000001f8       ??_C@_15EFLNJKHH@?$AA?$CF?$AAu?$AA?$AA@ 100011f8     HlfViewer.obj
 0001:00000200       ??_7PluginIntEditFieldBinding@@6B@ 10001200     HlfViewer.obj
 0001:00000208       ??_C@_15JNBOKNOG@?$AA?$AN?$AA?6?$AA?$AA@ 10001208     HlfViewer.obj
 0001:00000210       ??_C@_19CPJEHIBK@?$AA?4?$AAh?$AAl?$AAf?$AA?$AA@ 10001210     HlfViewer.obj
 0001:0000021c       ??_C@_1BG@IOFJDEI@?$AA?4?$AAL?$AAa?$AAn?$AAg?$AAu?$AAa?$AAg?$AAe?$AA?$DN?$AA?$AA@ 1000121c     HlfViewer.obj
 0001:00000234       ??_C@_11LOCGONAA@?$AA?$AA@ 10001234     HlfViewer.obj
 0001:00000238       ??_C@_17MEJHPLBO@?$AAc?$AAm?$AAd?$AA?$AA@ 10001238     HlfViewer.obj
 0001:00000240       ??_C@_1BE@BAOBMOBE@?$AA?$CF?$AAF?$AAA?$AAR?$AAH?$AAO?$AAM?$AAE?$AA?$CF?$AA?$AA@ 10001240     HlfViewer.obj
 0001:00000254       ??_C@_13FPGAJAPJ@?$AA?2?$AA?$AA@ 10001254     HlfViewer.obj
 0001:00000258       ??_C@_1O@BJPKKLLM@?$AAC?$AAo?$AAn?$AAf?$AAi?$AAg?$AA?$AA@ 10001258     HlfViewer.obj
 0001:00000270       __alloca_probe             10001270     chkstk.obj
 0001:00000270       __chkstk                   10001270 f   chkstk.obj
 0001:000002a0       ?GetLangString@PluginDialogBuilder@@MAEPB_WH@Z 100012a0 f i HlfViewer.obj
 0001:000002c0       ?FileExists@@YAHPB_W@Z     100012c0 f   HlfViewer.obj
 0001:000002e0       ?CheckExtension@@YAHPB_W@Z 100012e0 f   HlfViewer.obj
 0001:00000320       _GetGlobalInfoW@4          10001320 f   HlfViewer.obj
 0001:000003a0       _GetPluginInfoW@4          100013a0 f   HlfViewer.obj
 0001:00000420       ?GetEditorFileName@@YAPA_WXZ 10001420 f   HlfViewer.obj
 0001:00000470       ?FindTopic@@YAPB_W_N0@Z    10001470 f   HlfViewer.obj
 0001:00000660       ?FindPluginHelp@@YA_NPB_WPA_W@Z 10001660 f   HlfViewer.obj
 0001:000007f0       ?GetPluginConfig@@YAXXZ    100017f0 f   HlfViewer.obj
 0001:00000a30       ?SaveValue@?$DialogItemBinding@UFarDialogItem@@@@UAEXPAUFarDialogItem@@H@Z 10001a30 f i HlfViewer.obj
 0001:00000a30       ?InitDialogItem@?$DialogBuilderBase@UFarDialogItem@@@@MAEXPAUFarDialogItem@@PB_W@Z 10001a30 f i HlfViewer.obj
 0001:00000a40       ?TextWidth@?$DialogBuilderBase@UFarDialogItem@@@@MAEHABUFarDialogItem@@@Z 10001a40 f i HlfViewer.obj
 0001:00000a50       ?DoShowDialog@?$DialogBuilderBase@UFarDialogItem@@@@MAEHXZ 10001a50 f i HlfViewer.obj
 0001:00000a60       ?GetLangString@?$DialogBuilderBase@UFarDialogItem@@@@MAEPB_WH@Z 10001a60 f i HlfViewer.obj
 0001:00000a60       ?CreateRadioButtonBinding@?$DialogBuilderBase@UFarDialogItem@@@@MAEPAU?$DialogItemBinding@UFarDialogItem@@@@PAH@Z 10001a60 f i HlfViewer.obj
 0001:00000a70       ??1?$DialogBuilderBase@UFarDialogItem@@@@MAE@XZ 10001a70 f i HlfViewer.obj
 0001:00000ac0       ?CreateCheckBoxBinding@?$DialogBuilderBase@UFarDialogItem@@@@MAEPAU?$DialogItemBinding@UFarDialogItem@@@@PAHH@Z 10001ac0 f i HlfViewer.obj
 0001:00000ac0       ?AddIntEditField@?$DialogBuilderBase@UFarDialogItem@@@@UAEPAUFarDialogItem@@PAHH@Z 10001ac0 f i HlfViewer.obj
 0001:00000ad0       ??_G?$DialogBuilderBase@UFarDialogItem@@@@MAEPAXI@Z 10001ad0 f i HlfViewer.obj
 0001:00000ad0       ??_E?$DialogBuilderBase@UFarDialogItem@@@@MAEPAXI@Z 10001ad0 f i HlfViewer.obj
 0001:00000af0       ?ReallocDialogItems@?$DialogBuilderBase@UFarDialogItem@@@@IAEXXZ 10001af0 f i HlfViewer.obj
 0001:00000bc0       ?UpdateSecondColumnPosition@?$DialogBuilderBase@UFarDialogItem@@@@IAEXXZ 10001bc0 f i HlfViewer.obj
 0001:00000c20       ?SaveValues@?$DialogBuilderBase@UFarDialogItem@@@@IAEXXZ 10001c20 f i HlfViewer.obj
 0001:00000c70       ?MaxTextWidth@?$DialogBuilderBase@UFarDialogItem@@@@IAEHXZ 10001c70 f i HlfViewer.obj
 0001:00000d30       ?SaveValue@PluginEditFieldBinding@@UAEXPAUFarDialogItem@@H@Z 10001d30 f i HlfViewer.obj
 0001:00000d60       ?InitDialogItem@PluginDialogBuilder@@MAEXPAUFarDialogItem@@PB_W@Z 10001d60 f i HlfViewer.obj
 0001:00000d80       ?TextWidth@PluginDialogBuilder@@MAEHABUFarDialogItem@@@Z 10001d80 f i HlfViewer.obj
 0001:00000da0       ?DoShowDialog@PluginDialogBuilder@@MAEHXZ 10001da0 f i HlfViewer.obj
 0001:00000e00       ?SaveValue@PluginCheckBoxBinding@@UAEXPAUFarDialogItem@@H@Z 10001e00 f i HlfViewer.obj
 0001:00000e40       ?SaveValue@PluginRadioButtonBinding@@UAEXPAUFarDialogItem@@H@Z 10001e40 f i HlfViewer.obj
 0001:00000e70       ??0PluginIntEditFieldBinding@@QAE@ABUPluginStartupInfo@@PAPAXHPAHH@Z 10001e70 f i HlfViewer.obj
 0001:00000f10       ?SaveValue@PluginIntEditFieldBinding@@UAEXPAUFarDialogItem@@H@Z 10001f10 f i HlfViewer.obj
 0001:00000f40       ?CreateCheckBoxBinding@PluginDialogBuilder@@MAEPAU?$DialogItemBinding@UFarDialogItem@@@@PAHH@Z 10001f40 f i HlfViewer.obj
 0001:00000f90       ?CreateRadioButtonBinding@PluginDialogBuilder@@MAEPAU?$DialogItemBinding@UFarDialogItem@@@@PAH@Z 10001f90 f i HlfViewer.obj
 0001:00000fe0       ??_GPluginDialogBuilder@@UAEPAXI@Z 10001fe0 f i HlfViewer.obj
 0001:00000fe0       ??_EPluginDialogBuilder@@UAEPAXI@Z 10001fe0 f i HlfViewer.obj
 0001:00001020       ?ShowHelp@@YA_NPB_W0_N1@Z  10002020 f   HlfViewer.obj
 0001:000010a0       _SetStartupInfoW@4         100020a0 f   HlfViewer.obj
 0001:00001280       ?IsHlf@@YAHXZ              10002280 f   HlfViewer.obj
 0001:00001470       ?AddCheckbox@?$DialogBuilderBase@UFarDialogItem@@@@QAEPAUFarDialogItem@@HPAHH_N@Z 10002470 f i HlfViewer.obj
 0001:000015a0       ?AddRadioButtons@?$DialogBuilderBase@UFarDialogItem@@@@QAEXPAHHQBH_N@Z 100025a0 f i HlfViewer.obj
 0001:00001700       ?EndColumns@?$DialogBuilderBase@UFarDialogItem@@@@QAEXXZ 10002700 f i HlfViewer.obj
 0001:000017c0       ?AddSeparator@?$DialogBuilderBase@UFarDialogItem@@@@QAEXPB_W@Z 100027c0 f i HlfViewer.obj
 0001:00001830       ?UpdateBorderSize@?$DialogBuilderBase@UFarDialogItem@@@@IAEXXZ 10002830 f i HlfViewer.obj
 0001:000018b0       ??_EPluginCheckBoxBinding@@UAEPAXI@Z 100028b0 f i HlfViewer.obj
 0001:000018b0       ??_G?$DialogItemBinding@UFarDialogItem@@@@UAEPAXI@Z 100028b0 f i HlfViewer.obj
 0001:000018b0       ??_EPluginEditFieldBinding@@UAEPAXI@Z 100028b0 f i HlfViewer.obj
 0001:000018b0       ??_GPluginRadioButtonBinding@@UAEPAXI@Z 100028b0 f i HlfViewer.obj
 0001:000018b0       ??_E?$DialogItemBinding@UFarDialogItem@@@@UAEPAXI@Z 100028b0 f i HlfViewer.obj
 0001:000018b0       ??_GPluginEditFieldBinding@@UAEPAXI@Z 100028b0 f i HlfViewer.obj
 0001:000018b0       ??_GPluginCheckBoxBinding@@UAEPAXI@Z 100028b0 f i HlfViewer.obj
 0001:000018b0       ??_EPluginRadioButtonBinding@@UAEPAXI@Z 100028b0 f i HlfViewer.obj
 0001:000018b0       ??_GPluginIntEditFieldBinding@@UAEPAXI@Z 100028b0 f i HlfViewer.obj
 0001:000018b0       ??_EPluginIntEditFieldBinding@@UAEPAXI@Z 100028b0 f i HlfViewer.obj
 0001:000018d0       ??0PluginDialogBuilder@@QAE@ABUPluginStartupInfo@@ABU_GUID@@1HPB_WP6GHPAXHH3@Z3@Z 100028d0 f i HlfViewer.obj
 0001:000019d0       ?AddIntEditField@PluginDialogBuilder@@UAEPAUFarDialogItem@@PAHH@Z 100029d0 f i HlfViewer.obj
 0001:00001a90       ?AddEditField@PluginDialogBuilder@@QAEPAUFarDialogItem@@PA_WHHPB_W_N@Z 10002a90 f i HlfViewer.obj
 0001:00001b90       ?ShowCurrentHelpTopic@@YA_NXZ 10002b90 f   HlfViewer.obj
 0001:00001cd0       ?AddOKCancel@?$DialogBuilderBase@UFarDialogItem@@@@QAEXHHH_N@Z 10002cd0 f i HlfViewer.obj
 0001:00001e40       _OpenW@4                   10002e40 f   HlfViewer.obj
 0001:00002220       _ProcessEditorInputW@4     10003220 f   HlfViewer.obj
 0001:000022b0       _ConfigureW@4              100032b0 f   HlfViewer.obj
 0001:000026c0       ??_U@YAPAXI@Z              100036c0 f   libCRT:new_array.obj
 0001:000026d0       _wcschr                    100036d0 f   libCRT:strchr.obj
 0001:00002700       _memset                    10003700 f   libCRT:memset.obj
 0001:00002740       ??_V@YAXPAX@Z              10003740 f   libCRT:delete_array.obj
 0001:00002750       ??3@YAXPAX@Z               10003750 f   libCRT:delete.obj
 0001:00002760       ??2@YAPAXI@Z               10003760 f   libCRT:new.obj
 0001:00002770       _free                      10003770 f   libCRT:free.obj
 0001:00002790       _malloc                    10003790 f   libCRT:malloc.obj
 0001:000027a8       __IMPORT_DESCRIPTOR_KERNEL32 100037a8     kernel32:KERNEL32.dll
 0001:000027bc       __IMPORT_DESCRIPTOR_RPCRT4 100037bc     rpcrt4:RPCRT4.dll
 0001:000027d0       __NULL_IMPORT_DESCRIPTOR   100037d0     kernel32:KERNEL32.dll

 entry point at        0000:00000000

 Static symbols

 0001:000005f0       ?inputrecord_compare@@YA_NABU_INPUT_RECORD@@0@Z 100015f0 f   HlfViewer.obj
 0001:00000640       ?frsuserfunc@@YGHPBUPluginPanelItem@@PB_WPAX@Z 10001640 f   HlfViewer.obj
 0001:000010d0       ?ShowHelpFromTempFile@@YAXXZ 100020d0 f   HlfViewer.obj
