 FileCase

 Timestamp is 51e6ecc7 (Wed Jul 17 23:13:11 2013)

 Preferred load address is 10000000

 Start         Length     Name                   Class
 0001:00000000 00000024H .idata$5                CODE
 0001:00000028 0000021eH .rdata                  CODE
 0001:00000250 00001f85H .text                   CODE
 0001:000021d8 00000014H .idata$2                CODE
 0001:000021ec 00000014H .idata$3                CODE
 0001:00002200 00000024H .idata$4                CODE
 0001:00002224 00000074H .idata$6                CODE
 0001:000022a0 00000091H .edata                  CODE
 0002:00000000 00000000H .data                   DATA
 0002:00000000 0000056cH .bss                    DATA
 0003:00000000 00000058H .rsrc$01                DATA
 0003:00000060 00000390H .rsrc$02                DATA

  Address         Publics by Value              Rva+Base       Lib:Object

 0000:00000000       ___safe_se_handler_count   00000000     <absolute>
 0000:00000000       ___safe_se_handler_table   00000000     <absolute>
 0001:00000000       __imp__lstrcpynW@12        10001000     kernel32:KERNEL32.dll
 0001:00000004       __imp__lstrlenW@4          10001004     kernel32:KERNEL32.dll
 0001:00000008       __imp__lstrcpyW@8          10001008     kernel32:KERNEL32.dll
 0001:0000000c       __imp__MoveFileW@8         1000100c     kernel32:KERNEL32.dll
 0001:00000010       __imp__lstrcatW@8          10001010     kernel32:KERNEL32.dll
 0001:00000014       __imp__HeapFree@12         10001014     kernel32:KERNEL32.dll
 0001:00000018       __imp__GetProcessHeap@0    10001018     kernel32:KERNEL32.dll
 0001:0000001c       __imp__HeapAlloc@12        1000101c     kernel32:KERNEL32.dll
 0001:00000020       \177KERNEL32_NULL_THUNK_DATA 10001020     kernel32:KERNEL32.dll
 0001:00000028       _MainGuid                  10001028     FileCase.obj
 0001:00000038       _MenuGuid                  10001038     FileCase.obj
 0001:00000048       _DialogGuid                10001048     FileCase.obj
 0001:00000058       ??_C@_15NKPPEEJO@?$AA?5?$AA_?$AA?$AA@ 10001058     FileCase.obj
 0001:00000060       ??_C@_13JOFGPIOO@?$AA?4?$AA?$AA@ 10001060     FileCase.obj
 0001:00000064       ??_C@_1DE@BGKMIKPD@?$AAE?$AAu?$AAg?$AAe?$AAn?$AAe?$AA?5?$AAR?$AAo?$AAs?$AAh?$AAa?$AAl?$AA?5?$AA?$CG?$AA?5?$AAF?$AAa?$AAr?$AA?5?$AAG?$AAr?$AAo?$AAu?$AAp?$AA?$AA@ 10001064     FileCase.obj
 0001:00000098       ??_C@_1FG@IEAGHMHI@?$AAF?$AAi?$AAl?$AAe?$AA?5?$AAn?$AAa?$AAm?$AAe?$AAs?$AA?5?$AAc?$AAa?$AAs?$AAe?$AA?5?$AAc?$AAo?$AAn?$AAv?$AAe?$AAr?$AAs?$AAi?$AAo?$AAn?$AA?5?$AAf?$AAo?$AAr?$AA?5?$AAF@ 10001098     FileCase.obj
 0001:000000f0       ??_C@_1BC@DGHEBOMK@?$AAF?$AAi?$AAl?$AAe?$AAC?$AAa?$AAs?$AAe?$AA?$AA@ 100010f0     FileCase.obj
 0001:00000104       ??_C@_1BA@CAKIGJMA@?$AAW?$AAo?$AAr?$AAd?$AAD?$AAi?$AAv?$AA?$AA@ 10001104     FileCase.obj
 0001:00000114       ??_C@_1BG@DFJACJCJ@?$AAP?$AAr?$AAo?$AAc?$AAe?$AAs?$AAs?$AAD?$AAi?$AAr?$AA?$AA@ 10001114     FileCase.obj
 0001:0000012c       ??_C@_1BM@BNELJCPP@?$AAP?$AAr?$AAo?$AAc?$AAe?$AAs?$AAs?$AAS?$AAu?$AAb?$AAD?$AAi?$AAr?$AA?$AA@ 1000112c     FileCase.obj
 0001:00000148       ??_C@_1BM@HMLICANP@?$AAS?$AAk?$AAi?$AAp?$AAM?$AAi?$AAx?$AAe?$AAd?$AAC?$AAa?$AAs?$AAe?$AA?$AA@ 10001148     FileCase.obj
 0001:00000164       ??_C@_1BO@IKHLKIJC@?$AAC?$AAo?$AAn?$AAv?$AAe?$AAr?$AAt?$AAM?$AAo?$AAd?$AAe?$AAE?$AAx?$AAt?$AA?$AA@ 10001164     FileCase.obj
 0001:00000184       ??_C@_1BI@NPBILFDJ@?$AAC?$AAo?$AAn?$AAv?$AAe?$AAr?$AAt?$AAM?$AAo?$AAd?$AAe?$AA?$AA@ 10001184     FileCase.obj
 0001:0000019c       ??_7?$DialogItemBinding@UFarDialogItem@@@@6B@ 1000119c     FileCase.obj
 0001:000001a4       ??_7?$DialogBuilderBase@UFarDialogItem@@@@6B@ 100011a4     FileCase.obj
 0001:000001c4       ??_7PluginEditFieldBinding@@6B@ 100011c4     FileCase.obj
 0001:000001cc       ??_7PluginDialogBuilder@@6B@ 100011cc     FileCase.obj
 0001:000001ec       ??_7PluginCheckBoxBinding@@6B@ 100011ec     FileCase.obj
 0001:000001f4       ??_7PluginRadioButtonBinding@@6B@ 100011f4     FileCase.obj
 0001:000001fc       ??_C@_15EFLNJKHH@?$AA?$CF?$AAu?$AA?$AA@ 100011fc     FileCase.obj
 0001:00000204       ??_7PluginIntEditFieldBinding@@6B@ 10001204     FileCase.obj
 0001:0000020c       ??_C@_11LOCGONAA@?$AA?$AA@ 1000120c     FileCase.obj
 0001:00000210       ??_C@_1CC@CKMDHNMO@?$AAF?$AAi?$AAl?$AAe?$AAC?$AAa?$AAs?$AAe?$AA_?$AAW?$AAo?$AAr?$AAd?$AAD?$AAi?$AAv?$AA?$AA@ 10001210     FileCase.obj
 0001:00000234       ??_C@_1BC@ENICKDH@?$AAC?$AAo?$AAn?$AAt?$AAe?$AAn?$AAt?$AAs?$AA?$AA@ 10001234     FileCase.obj
 0001:00000250       __chkstk                   10001250 f   chkstk.obj
 0001:00000250       __alloca_probe             10001250     chkstk.obj
 0001:00000280       ?GetLangString@PluginDialogBuilder@@MAEPB_WH@Z 10001280 f i FileCase.obj
 0001:000002a0       ?IsCaseMixed@@YAHPB_W@Z    100012a0 f   FileCase.obj
 0001:00000320       ?GetFullName@@YAPA_WPA_WPB_W1@Z 10001320 f   FileCase.obj
 0001:000003a0       ?CaseWord@@YAXPA_WH@Z      100013a0 f   FileCase.obj
 0001:00000460       ?DlgProc@@YGHPAXHH0@Z      10001460 f   FileCase.obj
 0001:000004a0       ?ProcessName@@YAXPB_WK@Z   100014a0 f   FileCase.obj
 0001:00000700       _GetGlobalInfoW@4          10001700 f   FileCase.obj
 0001:00000780       _SetStartupInfoW@4         10001780 f   FileCase.obj
 0001:000009f0       _GetPluginInfoW@4          100019f0 f   FileCase.obj
 0001:00000a30       ?InitDialogItem@?$DialogBuilderBase@UFarDialogItem@@@@MAEXPAUFarDialogItem@@PB_W@Z 10001a30 f i FileCase.obj
 0001:00000a30       ?SaveValue@?$DialogItemBinding@UFarDialogItem@@@@UAEXPAUFarDialogItem@@H@Z 10001a30 f i FileCase.obj
 0001:00000a40       ?TextWidth@?$DialogBuilderBase@UFarDialogItem@@@@MAEHABUFarDialogItem@@@Z 10001a40 f i FileCase.obj
 0001:00000a50       ?DoShowDialog@?$DialogBuilderBase@UFarDialogItem@@@@MAEHXZ 10001a50 f i FileCase.obj
 0001:00000a60       ?AddIntEditField@?$DialogBuilderBase@UFarDialogItem@@@@UAEPAUFarDialogItem@@PAHH@Z 10001a60 f i FileCase.obj
 0001:00000a60       ?CreateCheckBoxBinding@?$DialogBuilderBase@UFarDialogItem@@@@MAEPAU?$DialogItemBinding@UFarDialogItem@@@@PAHH@Z 10001a60 f i FileCase.obj
 0001:00000a70       ?CreateRadioButtonBinding@?$DialogBuilderBase@UFarDialogItem@@@@MAEPAU?$DialogItemBinding@UFarDialogItem@@@@PAH@Z 10001a70 f i FileCase.obj
 0001:00000a70       ?GetLangString@?$DialogBuilderBase@UFarDialogItem@@@@MAEPB_WH@Z 10001a70 f i FileCase.obj
 0001:00000a80       ??1?$DialogBuilderBase@UFarDialogItem@@@@MAE@XZ 10001a80 f i FileCase.obj
 0001:00000ad0       ??_E?$DialogBuilderBase@UFarDialogItem@@@@MAEPAXI@Z 10001ad0 f i FileCase.obj
 0001:00000ad0       ??_G?$DialogBuilderBase@UFarDialogItem@@@@MAEPAXI@Z 10001ad0 f i FileCase.obj
 0001:00000af0       ?ReallocDialogItems@?$DialogBuilderBase@UFarDialogItem@@@@IAEXXZ 10001af0 f i FileCase.obj
 0001:00000bc0       ?UpdateSecondColumnPosition@?$DialogBuilderBase@UFarDialogItem@@@@IAEXXZ 10001bc0 f i FileCase.obj
 0001:00000c20       ?SaveValues@?$DialogBuilderBase@UFarDialogItem@@@@IAEXXZ 10001c20 f i FileCase.obj
 0001:00000c70       ?MaxTextWidth@?$DialogBuilderBase@UFarDialogItem@@@@IAEHXZ 10001c70 f i FileCase.obj
 0001:00000d30       ?SaveValue@PluginEditFieldBinding@@UAEXPAUFarDialogItem@@H@Z 10001d30 f i FileCase.obj
 0001:00000d60       ?InitDialogItem@PluginDialogBuilder@@MAEXPAUFarDialogItem@@PB_W@Z 10001d60 f i FileCase.obj
 0001:00000d80       ?TextWidth@PluginDialogBuilder@@MAEHABUFarDialogItem@@@Z 10001d80 f i FileCase.obj
 0001:00000da0       ?DoShowDialog@PluginDialogBuilder@@MAEHXZ 10001da0 f i FileCase.obj
 0001:00000e00       ?SaveValue@PluginCheckBoxBinding@@UAEXPAUFarDialogItem@@H@Z 10001e00 f i FileCase.obj
 0001:00000e40       ?SaveValue@PluginRadioButtonBinding@@UAEXPAUFarDialogItem@@H@Z 10001e40 f i FileCase.obj
 0001:00000e70       ??0PluginIntEditFieldBinding@@QAE@ABUPluginStartupInfo@@PAPAXHPAHH@Z 10001e70 f i FileCase.obj
 0001:00000f10       ?SaveValue@PluginIntEditFieldBinding@@UAEXPAUFarDialogItem@@H@Z 10001f10 f i FileCase.obj
 0001:00000f40       ?CreateCheckBoxBinding@PluginDialogBuilder@@MAEPAU?$DialogItemBinding@UFarDialogItem@@@@PAHH@Z 10001f40 f i FileCase.obj
 0001:00000f90       ?CreateRadioButtonBinding@PluginDialogBuilder@@MAEPAU?$DialogItemBinding@UFarDialogItem@@@@PAH@Z 10001f90 f i FileCase.obj
 0001:00000fe0       ??_GPluginDialogBuilder@@UAEPAXI@Z 10001fe0 f i FileCase.obj
 0001:00000fe0       ??_EPluginDialogBuilder@@UAEPAXI@Z 10001fe0 f i FileCase.obj
 0001:00001020       ?AddCheckbox@?$DialogBuilderBase@UFarDialogItem@@@@QAEPAUFarDialogItem@@HPAHH_N@Z 10002020 f i FileCase.obj
 0001:00001150       ?AddRadioButtons@?$DialogBuilderBase@UFarDialogItem@@@@QAEXPAHHQBH_N@Z 10002150 f i FileCase.obj
 0001:000012b0       ?AddButtonAfter@?$DialogBuilderBase@UFarDialogItem@@@@QAEPAUFarDialogItem@@PAU2@H@Z 100022b0 f i FileCase.obj
 0001:000013c0       ?EndColumns@?$DialogBuilderBase@UFarDialogItem@@@@QAEXXZ 100023c0 f i FileCase.obj
 0001:00001480       ?AddSeparator@?$DialogBuilderBase@UFarDialogItem@@@@QAEXPB_W@Z 10002480 f i FileCase.obj
 0001:000014f0       ?UpdateBorderSize@?$DialogBuilderBase@UFarDialogItem@@@@IAEXXZ 100024f0 f i FileCase.obj
 0001:00001570       ??_EPluginEditFieldBinding@@UAEPAXI@Z 10002570 f i FileCase.obj
 0001:00001570       ??_GPluginEditFieldBinding@@UAEPAXI@Z 10002570 f i FileCase.obj
 0001:00001570       ??_GPluginCheckBoxBinding@@UAEPAXI@Z 10002570 f i FileCase.obj
 0001:00001570       ??_GPluginIntEditFieldBinding@@UAEPAXI@Z 10002570 f i FileCase.obj
 0001:00001570       ??_GPluginRadioButtonBinding@@UAEPAXI@Z 10002570 f i FileCase.obj
 0001:00001570       ??_G?$DialogItemBinding@UFarDialogItem@@@@UAEPAXI@Z 10002570 f i FileCase.obj
 0001:00001570       ??_E?$DialogItemBinding@UFarDialogItem@@@@UAEPAXI@Z 10002570 f i FileCase.obj
 0001:00001570       ??_EPluginCheckBoxBinding@@UAEPAXI@Z 10002570 f i FileCase.obj
 0001:00001570       ??_EPluginRadioButtonBinding@@UAEPAXI@Z 10002570 f i FileCase.obj
 0001:00001570       ??_EPluginIntEditFieldBinding@@UAEPAXI@Z 10002570 f i FileCase.obj
 0001:00001590       ??0PluginDialogBuilder@@QAE@ABUPluginStartupInfo@@ABU_GUID@@1HPB_WP6GHPAXHH3@Z3@Z 10002590 f i FileCase.obj
 0001:00001690       ?AddIntEditField@PluginDialogBuilder@@UAEPAUFarDialogItem@@PAHH@Z 10002690 f i FileCase.obj
 0001:00001750       ?AddEditField@PluginDialogBuilder@@QAEPAUFarDialogItem@@PA_WHHPB_W_N@Z 10002750 f i FileCase.obj
 0001:00001850       ?AddOKCancel@?$DialogBuilderBase@UFarDialogItem@@@@QAEXHHH_N@Z 10002850 f i FileCase.obj
 0001:000019c0       ?CaseConvertion@@YAXXZ     100029c0 f   FileCase.obj
 0001:000020e0       _OpenW@4                   100030e0 f   FileCase.obj
 0001:000020f0       _wcsrchr                   100030f0 f   libCRT:strrchr.obj
 0001:00002120       ??_V@YAXPAX@Z              10003120 f   libCRT:delete_array.obj
 0001:00002130       ??3@YAXPAX@Z               10003130 f   libCRT:delete.obj
 0001:00002140       ??_U@YAPAXI@Z              10003140 f   libCRT:new_array.obj
 0001:00002150       _memset                    10003150 f   libCRT:memset.obj
 0001:00002190       ??2@YAPAXI@Z               10003190 f   libCRT:new.obj
 0001:000021a0       _free                      100031a0 f   libCRT:free.obj
 0001:000021c0       _malloc                    100031c0 f   libCRT:malloc.obj
 0001:000021d8       __IMPORT_DESCRIPTOR_KERNEL32 100031d8     kernel32:KERNEL32.dll
 0001:000021ec       __NULL_IMPORT_DESCRIPTOR   100031ec     kernel32:KERNEL32.dll
 0002:00000000       ?ResetButtonID@@3HA        10004000     FileCase.obj
 0002:00000004       ?WordDivEditID@@3HA        10004004     FileCase.obj
 0002:00000150       ?Opt@@3UOptions@@A         10004150     FileCase.obj

 entry point at        0000:00000000

 Static symbols

