 Align

 Timestamp is 51e6ec8c (Wed Jul 17 23:12:12 2013)

 Preferred load address is 10000000

 Start         Length     Name                   Class
 0001:00000000 00000018H .idata$5                CODE
 0001:00000018 00000164H .rdata                  CODE
 0001:00000180 00001d5dH .text                   CODE
 0001:00001ee0 00000014H .idata$2                CODE
 0001:00001ef4 00000014H .idata$3                CODE
 0001:00001f08 00000018H .idata$4                CODE
 0001:00001f20 00000052H .idata$6                CODE
 0001:00001f80 0000008eH .edata                  CODE
 0002:00000000 00000000H .data                   DATA
 0002:00000000 00000148H .bss                    DATA
 0003:00000000 00000058H .rsrc$01                DATA
 0003:00000060 00000360H .rsrc$02                DATA

  Address         Publics by Value              Rva+Base       Lib:Object

 0000:00000000       ___safe_se_handler_count   00000000     <absolute>
 0000:00000000       ___safe_se_handler_table   00000000     <absolute>
 0001:00000000       __imp__HeapFree@12         10001000     kernel32:KERNEL32.dll
 0001:00000004       __imp__GetProcessHeap@0    10001004     kernel32:KERNEL32.dll
 0001:00000008       __imp__HeapAlloc@12        10001008     kernel32:KERNEL32.dll
 0001:0000000c       __imp__HeapReAlloc@16      1000100c     kernel32:KERNEL32.dll
 0001:00000010       __imp__lstrlenW@4          10001010     kernel32:KERNEL32.dll
 0001:00000014       \177KERNEL32_NULL_THUNK_DATA 10001014     kernel32:KERNEL32.dll
 0001:00000018       _MainGuid                  10001018     Align.obj
 0001:00000028       _MenuGuid                  10001028     Align.obj
 0001:00000038       _DialogGuid                10001038     Align.obj
 0001:00000048       ??_C@_1DE@BGKMIKPD@?$AAE?$AAu?$AAg?$AAe?$AAn?$AAe?$AA?5?$AAR?$AAo?$AAs?$AAh?$AAa?$AAl?$AA?5?$AA?$CG?$AA?5?$AAF?$AAa?$AAr?$AA?5?$AAG?$AAr?$AAo?$AAu?$AAp?$AA?$AA@ 10001048     Align.obj
 0001:0000007c       ??_C@_1DI@GCKLIMEF@?$AAA?$AAl?$AAi?$AAg?$AAn?$AA?5?$AAb?$AAl?$AAo?$AAc?$AAk?$AA?5?$AAf?$AAo?$AAr?$AA?5?$AAF?$AAa?$AAr?$AA?5?$AAM?$AAa?$AAn?$AAa?$AAg?$AAe?$AAr?$AA?$AA@ 1000107c     Align.obj
 0001:000000b4       ??_C@_1M@OFJLCCLD@?$AAA?$AAl?$AAi?$AAg?$AAn?$AA?$AA@ 100010b4     Align.obj
 0001:000000c0       ??_7?$DialogItemBinding@UFarDialogItem@@@@6B@ 100010c0     Align.obj
 0001:000000c8       ??_7?$DialogBuilderBase@UFarDialogItem@@@@6B@ 100010c8     Align.obj
 0001:000000e8       ??_C@_15EFLNJKHH@?$AA?$CF?$AAu?$AA?$AA@ 100010e8     Align.obj
 0001:000000f0       ??_7PluginIntEditFieldBinding@@6B@ 100010f0     Align.obj
 0001:000000f8       ??_7PluginDialogBuilder@@6B@ 100010f8     Align.obj
 0001:00000118       ??_7PluginCheckBoxBinding@@6B@ 10001118     Align.obj
 0001:00000120       ??_7PluginRadioButtonBinding@@6B@ 10001120     Align.obj
 0001:00000128       ??_C@_11LOCGONAA@?$AA?$AA@ 10001128     Align.obj
 0001:0000012c       ??_C@_1BA@MANOLHD@?$AAJ?$AAu?$AAs?$AAt?$AAi?$AAf?$AAy?$AA?$AA@ 1000112c     Align.obj
 0001:0000013c       ??_C@_1BE@NIKLIADP@?$AAS?$AAm?$AAa?$AAr?$AAt?$AAM?$AAo?$AAd?$AAe?$AA?$AA@ 1000113c     Align.obj
 0001:00000150       ??_C@_1BC@PKHIBLMF@?$AAR?$AAe?$AAf?$AAo?$AAr?$AAm?$AAa?$AAt?$AA?$AA@ 10001150     Align.obj
 0001:00000164       ??_C@_1BI@JMKBMFLI@?$AAR?$AAi?$AAg?$AAh?$AAt?$AAM?$AAa?$AAr?$AAg?$AAi?$AAn?$AA?$AA@ 10001164     Align.obj
 0001:00000180       __chkstk                   10001180 f   chkstk.obj
 0001:00000180       __alloca_probe             10001180     chkstk.obj
 0001:000001b0       _wmemset                   100011b0 f i Align.obj
 0001:000001f0       ?GetLangString@PluginDialogBuilder@@MAEPB_WH@Z 100011f0 f i Align.obj
 0001:00000210       _GetGlobalInfoW@4          10001210 f   Align.obj
 0001:00000290       _SetStartupInfoW@4         10001290 f   Align.obj
 0001:000002d0       _GetPluginInfoW@4          100012d0 f   Align.obj
 0001:000004a0       ?SaveValue@?$DialogItemBinding@UFarDialogItem@@@@UAEXPAUFarDialogItem@@H@Z 100014a0 f i Align.obj
 0001:000004a0       ?InitDialogItem@?$DialogBuilderBase@UFarDialogItem@@@@MAEXPAUFarDialogItem@@PB_W@Z 100014a0 f i Align.obj
 0001:000004b0       ?TextWidth@?$DialogBuilderBase@UFarDialogItem@@@@MAEHABUFarDialogItem@@@Z 100014b0 f i Align.obj
 0001:000004c0       ?DoShowDialog@?$DialogBuilderBase@UFarDialogItem@@@@MAEHXZ 100014c0 f i Align.obj
 0001:000004d0       ?CreateCheckBoxBinding@?$DialogBuilderBase@UFarDialogItem@@@@MAEPAU?$DialogItemBinding@UFarDialogItem@@@@PAHH@Z 100014d0 f i Align.obj
 0001:000004d0       ?AddIntEditField@?$DialogBuilderBase@UFarDialogItem@@@@UAEPAUFarDialogItem@@PAHH@Z 100014d0 f i Align.obj
 0001:000004e0       ?GetLangString@?$DialogBuilderBase@UFarDialogItem@@@@MAEPB_WH@Z 100014e0 f i Align.obj
 0001:000004e0       ?CreateRadioButtonBinding@?$DialogBuilderBase@UFarDialogItem@@@@MAEPAU?$DialogItemBinding@UFarDialogItem@@@@PAH@Z 100014e0 f i Align.obj
 0001:000004f0       ??1?$DialogBuilderBase@UFarDialogItem@@@@MAE@XZ 100014f0 f i Align.obj
 0001:00000540       ??_G?$DialogBuilderBase@UFarDialogItem@@@@MAEPAXI@Z 10001540 f i Align.obj
 0001:00000540       ??_E?$DialogBuilderBase@UFarDialogItem@@@@MAEPAXI@Z 10001540 f i Align.obj
 0001:00000560       ?ReallocDialogItems@?$DialogBuilderBase@UFarDialogItem@@@@IAEXXZ 10001560 f i Align.obj
 0001:00000630       ?UpdateSecondColumnPosition@?$DialogBuilderBase@UFarDialogItem@@@@IAEXXZ 10001630 f i Align.obj
 0001:00000690       ?SaveValues@?$DialogBuilderBase@UFarDialogItem@@@@IAEXXZ 10001690 f i Align.obj
 0001:000006e0       ?MaxTextWidth@?$DialogBuilderBase@UFarDialogItem@@@@IAEHXZ 100016e0 f i Align.obj
 0001:000007a0       ??0PluginIntEditFieldBinding@@QAE@ABUPluginStartupInfo@@PAPAXHPAHH@Z 100017a0 f i Align.obj
 0001:00000840       ?SaveValue@PluginIntEditFieldBinding@@UAEXPAUFarDialogItem@@H@Z 10001840 f i Align.obj
 0001:00000870       ?InitDialogItem@PluginDialogBuilder@@MAEXPAUFarDialogItem@@PB_W@Z 10001870 f i Align.obj
 0001:00000890       ?TextWidth@PluginDialogBuilder@@MAEHABUFarDialogItem@@@Z 10001890 f i Align.obj
 0001:000008b0       ?DoShowDialog@PluginDialogBuilder@@MAEHXZ 100018b0 f i Align.obj
 0001:00000910       ?SaveValue@PluginCheckBoxBinding@@UAEXPAUFarDialogItem@@H@Z 10001910 f i Align.obj
 0001:00000950       ?SaveValue@PluginRadioButtonBinding@@UAEXPAUFarDialogItem@@H@Z 10001950 f i Align.obj
 0001:00000980       ?CreateCheckBoxBinding@PluginDialogBuilder@@MAEPAU?$DialogItemBinding@UFarDialogItem@@@@PAHH@Z 10001980 f i Align.obj
 0001:000009d0       ?CreateRadioButtonBinding@PluginDialogBuilder@@MAEPAU?$DialogItemBinding@UFarDialogItem@@@@PAH@Z 100019d0 f i Align.obj
 0001:00000a20       ??_GPluginDialogBuilder@@UAEPAXI@Z 10001a20 f i Align.obj
 0001:00000a20       ??_EPluginDialogBuilder@@UAEPAXI@Z 10001a20 f i Align.obj
 0001:00001320       ?AddCheckbox@?$DialogBuilderBase@UFarDialogItem@@@@QAEPAUFarDialogItem@@HPAHH_N@Z 10002320 f i Align.obj
 0001:00001450       ?AddTextAfter@?$DialogBuilderBase@UFarDialogItem@@@@QAEPAUFarDialogItem@@PAU2@PB_W@Z 10002450 f i Align.obj
 0001:00001550       ?UpdateBorderSize@?$DialogBuilderBase@UFarDialogItem@@@@IAEXXZ 10002550 f i Align.obj
 0001:000015d0       ?AddSeparator@?$DialogBuilderBase@UFarDialogItem@@@@QAEXPB_W@Z 100025d0 f i Align.obj
 0001:00001640       ??_GPluginIntEditFieldBinding@@UAEPAXI@Z 10002640 f i Align.obj
 0001:00001640       ??_EPluginRadioButtonBinding@@UAEPAXI@Z 10002640 f i Align.obj
 0001:00001640       ??_EPluginCheckBoxBinding@@UAEPAXI@Z 10002640 f i Align.obj
 0001:00001640       ??_GPluginCheckBoxBinding@@UAEPAXI@Z 10002640 f i Align.obj
 0001:00001640       ??_E?$DialogItemBinding@UFarDialogItem@@@@UAEPAXI@Z 10002640 f i Align.obj
 0001:00001640       ??_G?$DialogItemBinding@UFarDialogItem@@@@UAEPAXI@Z 10002640 f i Align.obj
 0001:00001640       ??_GPluginRadioButtonBinding@@UAEPAXI@Z 10002640 f i Align.obj
 0001:00001640       ??_EPluginIntEditFieldBinding@@UAEPAXI@Z 10002640 f i Align.obj
 0001:00001660       ??0PluginDialogBuilder@@QAE@ABUPluginStartupInfo@@ABU_GUID@@1HPB_WP6GHPAXHH3@Z3@Z 10002660 f i Align.obj
 0001:00001760       ?AddIntEditField@PluginDialogBuilder@@UAEPAUFarDialogItem@@PAHH@Z 10002760 f i Align.obj
 0001:00001820       ?AddOKCancel@?$DialogBuilderBase@UFarDialogItem@@@@QAEXHHH_N@Z 10002820 f i Align.obj
 0001:00001990       _OpenW@4                   10002990 f   Align.obj
 0001:00001d50       _memcpy                    10002d50 f   libCRT:memcpy.obj
 0001:00001d80       _memmove                   10002d80 f   libCRT:memmove.obj
 0001:00001dd0       _free                      10002dd0 f   libCRT:free.obj
 0001:00001df0       _malloc                    10002df0 f   libCRT:malloc.obj
 0001:00001e10       ??_V@YAXPAX@Z              10002e10 f   libCRT:delete_array.obj
 0001:00001e20       ??3@YAXPAX@Z               10002e20 f   libCRT:delete.obj
 0001:00001e30       ??_U@YAPAXI@Z              10002e30 f   libCRT:new_array.obj
 0001:00001e40       _memset                    10002e40 f   libCRT:memset.obj
 0001:00001e80       ??2@YAPAXI@Z               10002e80 f   libCRT:new.obj
 0001:00001e90       _realloc                   10002e90 f   libCRT:realloc.obj
 0001:00001ee0       __IMPORT_DESCRIPTOR_KERNEL32 10002ee0     kernel32:KERNEL32.dll
 0001:00001ef4       __NULL_IMPORT_DESCRIPTOR   10002ef4     kernel32:KERNEL32.dll

 entry point at        0000:00000000

 Static symbols

 0001:00000320       ?JustifyString@@YA_NHAAUEditorSetString@@@Z 10001320 f   Align.obj
 0001:00000a60       ?ReformatBlock@@YAXHHH@Z   10001a60 f   Align.obj
 0001:00001090       ?JustifyBlock@@YAXH@Z      10002090 f   Align.obj
