 Brackets

 Timestamp is 51e6ec98 (Wed Jul 17 23:12:24 2013)

 Preferred load address is 10000000

 Start         Length     Name                   Class
 0001:00000000 000000f0H .idata$5                CODE
 0001:000000f0 00000004H .CRT$XCA                CODE
 0001:000000f4 00000004H .CRT$XCZ                CODE
 0001:000000f8 00000004H .CRT$XIA                CODE
 0001:000000fc 0000000cH .CRT$XIC                CODE
 0001:00000108 00000004H .CRT$XIZ                CODE
 0001:0000010c 00000004H .CRT$XPA                CODE
 0001:00000110 00000004H .CRT$XPZ                CODE
 0001:00000114 00000004H .CRT$XTA                CODE
 0001:00000118 00000004H .CRT$XTZ                CODE
 0001:00000120 00002260H .rdata                  CODE
 0001:00002380 000000dcH .rdata$r                CODE
 0001:00002460 0000000cH .rdata$sxdata           CODE
 0001:0000246c 00000004H .rtc$IAA                CODE
 0001:00002470 00000004H .rtc$IZZ                CODE
 0001:00002474 00000004H .rtc$TAA                CODE
 0001:00002478 00000004H .rtc$TZZ                CODE
 0001:00002480 00006ec8H .text                   CODE
 0001:00009348 00000014H .text$yd                CODE
 0001:00009360 00000224H .xdata$x                CODE
 0001:00009584 00000028H .idata$2                CODE
 0001:000095ac 00000014H .idata$3                CODE
 0001:000095c0 000000f0H .idata$4                CODE
 0001:000096b0 0000043aH .idata$6                CODE
 0001:00009af0 000000a6H .edata                  CODE
 0002:00000000 00000bb0H .data                   DATA
 0002:00000bc0 00000f80H .bss                    DATA
 0003:00000000 00000058H .rsrc$01                DATA
 0003:00000060 00000380H .rsrc$02                DATA

  Address         Publics by Value              Rva+Base       Lib:Object

 0000:00000000       __except_list              00000000     <absolute>
 0000:00000003       ___safe_se_handler_count   00000003     <absolute>
 0000:00000000       ___ImageBase               10000000     <linker-defined>
 0001:00000000       __imp__lstrcpynW@12        10001000     kernel32:KERNEL32.dll
 0001:00000004       __imp__lstrlenW@4          10001004     kernel32:KERNEL32.dll
 0001:00000008       __imp__lstrcmpiW@8         10001008     kernel32:KERNEL32.dll
 0001:0000000c       __imp__GetModuleHandleW@4  1000100c     kernel32:KERNEL32.dll
 0001:00000010       __imp__SetLastError@4      10001010     kernel32:KERNEL32.dll
 0001:00000014       __imp__GetProcAddress@8    10001014     kernel32:KERNEL32.dll
 0001:00000018       __imp__GetCurrentThreadId@0 10001018     kernel32:KERNEL32.dll
 0001:0000001c       __imp__GetCommandLineA@0   1000101c     kernel32:KERNEL32.dll
 0001:00000020       __imp__GetLastError@0      10001020     kernel32:KERNEL32.dll
 0001:00000024       __imp__HeapFree@12         10001024     kernel32:KERNEL32.dll
 0001:00000028       __imp__IsProcessorFeaturePresent@4 10001028     kernel32:KERNEL32.dll
 0001:0000002c       __imp__HeapAlloc@12        1000102c     kernel32:KERNEL32.dll
 0001:00000030       __imp__RaiseException@16   10001030     kernel32:KERNEL32.dll
 0001:00000034       __imp__TlsAlloc@0          10001034     kernel32:KERNEL32.dll
 0001:00000038       __imp__TlsGetValue@4       10001038     kernel32:KERNEL32.dll
 0001:0000003c       __imp__TlsSetValue@8       1000103c     kernel32:KERNEL32.dll
 0001:00000040       __imp__TlsFree@4           10001040     kernel32:KERNEL32.dll
 0001:00000044       __imp__InterlockedIncrement@4 10001044     kernel32:KERNEL32.dll
 0001:00000048       __imp__InterlockedDecrement@4 10001048     kernel32:KERNEL32.dll
 0001:0000004c       __imp__Sleep@4             1000104c     kernel32:KERNEL32.dll
 0001:00000050       __imp__ExitProcess@4       10001050     kernel32:KERNEL32.dll
 0001:00000054       __imp__SetHandleCount@4    10001054     kernel32:KERNEL32.dll
 0001:00000058       __imp__GetStdHandle@4      10001058     kernel32:KERNEL32.dll
 0001:0000005c       __imp__InitializeCriticalSectionAndSpinCount@8 1000105c     kernel32:KERNEL32.dll
 0001:00000060       __imp__GetFileType@4       10001060     kernel32:KERNEL32.dll
 0001:00000064       __imp__GetStartupInfoW@4   10001064     kernel32:KERNEL32.dll
 0001:00000068       __imp__DeleteCriticalSection@4 10001068     kernel32:KERNEL32.dll
 0001:0000006c       __imp__GetModuleFileNameA@12 1000106c     kernel32:KERNEL32.dll
 0001:00000070       __imp__FreeEnvironmentStringsW@4 10001070     kernel32:KERNEL32.dll
 0001:00000074       __imp__WideCharToMultiByte@32 10001074     kernel32:KERNEL32.dll
 0001:00000078       __imp__GetEnvironmentStringsW@0 10001078     kernel32:KERNEL32.dll
 0001:0000007c       __imp__HeapCreate@12       1000107c     kernel32:KERNEL32.dll
 0001:00000080       __imp__HeapDestroy@4       10001080     kernel32:KERNEL32.dll
 0001:00000084       __imp__QueryPerformanceCounter@4 10001084     kernel32:KERNEL32.dll
 0001:00000088       __imp__GetTickCount@0      10001088     kernel32:KERNEL32.dll
 0001:0000008c       __imp__GetCurrentProcessId@0 1000108c     kernel32:KERNEL32.dll
 0001:00000090       __imp__GetSystemTimeAsFileTime@4 10001090     kernel32:KERNEL32.dll
 0001:00000094       __imp__HeapSize@12         10001094     kernel32:KERNEL32.dll
 0001:00000098       __imp__WriteFile@20        10001098     kernel32:KERNEL32.dll
 0001:0000009c       __imp__GetModuleFileNameW@12 1000109c     kernel32:KERNEL32.dll
 0001:000000a0       __imp__LeaveCriticalSection@4 100010a0     kernel32:KERNEL32.dll
 0001:000000a4       __imp__EnterCriticalSection@4 100010a4     kernel32:KERNEL32.dll
 0001:000000a8       __imp__GetCPInfo@8         100010a8     kernel32:KERNEL32.dll
 0001:000000ac       __imp__GetACP@0            100010ac     kernel32:KERNEL32.dll
 0001:000000b0       __imp__GetOEMCP@0          100010b0     kernel32:KERNEL32.dll
 0001:000000b4       __imp__IsValidCodePage@4   100010b4     kernel32:KERNEL32.dll
 0001:000000b8       __imp__HeapReAlloc@16      100010b8     kernel32:KERNEL32.dll
 0001:000000bc       __imp__LoadLibraryW@4      100010bc     kernel32:KERNEL32.dll
 0001:000000c0       __imp__UnhandledExceptionFilter@4 100010c0     kernel32:KERNEL32.dll
 0001:000000c4       __imp__SetUnhandledExceptionFilter@4 100010c4     kernel32:KERNEL32.dll
 0001:000000c8       __imp__IsDebuggerPresent@0 100010c8     kernel32:KERNEL32.dll
 0001:000000cc       __imp__TerminateProcess@8  100010cc     kernel32:KERNEL32.dll
 0001:000000d0       __imp__GetCurrentProcess@0 100010d0     kernel32:KERNEL32.dll
 0001:000000d4       __imp__RtlUnwind@16        100010d4     kernel32:KERNEL32.dll
 0001:000000d8       __imp__LCMapStringW@24     100010d8     kernel32:KERNEL32.dll
 0001:000000dc       __imp__MultiByteToWideChar@24 100010dc     kernel32:KERNEL32.dll
 0001:000000e0       __imp__GetStringTypeW@16   100010e0     kernel32:KERNEL32.dll
 0001:000000e4       \177KERNEL32_NULL_THUNK_DATA 100010e4     kernel32:KERNEL32.dll
 0001:000000e8       __imp__MessageBeep@4       100010e8     user32:USER32.dll
 0001:000000ec       \177USER32_NULL_THUNK_DATA 100010ec     user32:USER32.dll
 0001:000000f0       ___xc_a                    100010f0     LIBCMT:crt0init.obj
 0001:000000f4       ___xc_z                    100010f4     LIBCMT:crt0init.obj
 0001:000000f8       ___xi_a                    100010f8     LIBCMT:crt0init.obj
 0001:00000108       ___xi_z                    10001108     LIBCMT:crt0init.obj
 0001:0000010c       ___xp_a                    1000110c     LIBCMT:crt0init.obj
 0001:00000110       ___xp_z                    10001110     LIBCMT:crt0init.obj
 0001:00000114       ___xt_a                    10001114     LIBCMT:crt0init.obj
 0001:00000118       ___xt_z                    10001118     LIBCMT:crt0init.obj
 0001:00000120       _MainGuid                  10001120     Brackets.obj
 0001:00000130       _MenuGuid                  10001130     Brackets.obj
 0001:00000140       _DialogGuid                10001140     Brackets.obj
 0001:00000150       ??_C@_1DE@BGKMIKPD@?$AAE?$AAu?$AAg?$AAe?$AAn?$AAe?$AA?5?$AAR?$AAo?$AAs?$AAh?$AAa?$AAl?$AA?5?$AA?$CG?$AA?5?$AAF?$AAa?$AAr?$AA?5?$AAG?$AAr?$AAo?$AAu?$AAp?$AA?$AA@ 10001150     Brackets.obj
 0001:00000188       ??_C@_1EE@CJLEEDHO@?$AAB?$AAr?$AAa?$AAc?$AAk?$AAe?$AAt?$AAs?$AA?5?$AAm?$AAa?$AAt?$AAc?$AAh?$AAi?$AAn?$AAg?$AA?5?$AAf?$AAo?$AAr?$AA?5?$AAF?$AAa?$AAr?$AA?5?$AAM?$AAa?$AAn?$AAa?$AAg?$AAe@ 10001188     Brackets.obj
 0001:000001cc       ??_C@_1BC@GJFAHMHB@?$AAB?$AAr?$AAa?$AAc?$AAk?$AAe?$AAt?$AAs?$AA?$AA@ 100011cc     Brackets.obj
 0001:000001e0       ??_C@_1BK@EKFLELHE@?$AA?1?$AA?$CK?$AA?$CK?$AA?1?$AA?$DM?$AA?$DP?$AA?$DP?$AA?$DO?$AA?$DM?$AA?$CF?$AA?$CF?$AA?$DO?$AA?$AA@ 100011e0     Brackets.obj
 0001:000001fc       ??_C@_1BE@DFLFCMNK@?$AAB?$AAr?$AAa?$AAc?$AAk?$AAe?$AAt?$AAs?$AA2?$AA?$AA@ 100011fc     Brackets.obj
 0001:00000210       ??_C@_1CC@FLEKOJBB@?$AA?$DM?$AA?$DO?$AA?$HL?$AA?$HN?$AA?$FL?$AA?$FN?$AA?$CI?$AA?$CJ?$AA?$CC?$AA?$CC?$AA?8?$AA?8?$AA?$CF?$AA?$CF?$AA?$KL?$AA?$LL?$AA?$AA@ 10001210     Brackets.obj
 0001:00000234       ??_C@_1BE@CHAAIDDE@?$AAB?$AAr?$AAa?$AAc?$AAk?$AAe?$AAt?$AAs?$AA1?$AA?$AA@ 10001234     Brackets.obj
 0001:00000248       ??_C@_1BG@KHOAFHB@?$AA?8?$AA?8?$AA?$CC?$AA?$CC?$AA?$GA?$AA?8?$AA?$GA?$AA?$GA?5?$BO?5?$BN?$AA?$AA@ 10001248     Brackets.obj
 0001:00000260       ??_C@_1BG@ICHMEPOB@?$AAQ?$AAu?$AAo?$AAt?$AAe?$AAs?$AAT?$AAy?$AAp?$AAe?$AA?$AA@ 10001260     Brackets.obj
 0001:00000278       ??_C@_19CNDHNALO@?$AAB?$AAe?$AAe?$AAp?$AA?$AA@ 10001278     Brackets.obj
 0001:00000284       ??_C@_1BG@KDMBKMK@?$AAJ?$AAu?$AAm?$AAp?$AAT?$AAo?$AAP?$AAa?$AAi?$AAr?$AA?$AA@ 10001284     Brackets.obj
 0001:0000029c       ??_C@_1BK@LJLNAEDP@?$AAB?$AAr?$AAa?$AAc?$AAk?$AAe?$AAt?$AAP?$AAr?$AAi?$AAo?$AAr?$AA?$AA@ 1000129c     Brackets.obj
 0001:000002b8       ??_C@_1BI@LPBIFPPH@?$AAI?$AAg?$AAn?$AAo?$AAr?$AAe?$AAA?$AAf?$AAt?$AAe?$AAr?$AA?$AA@ 100012b8     Brackets.obj
 0001:000002d0       ??_C@_1BK@LFBLPBJM@?$AAI?$AAg?$AAn?$AAo?$AAr?$AAe?$AAQ?$AAu?$AAo?$AAt?$AAe?$AAs?$AA?$AA@ 100012d0     Brackets.obj
 0001:000002ec       ??_7?$DialogItemBinding@UFarDialogItem@@@@6B@ 100012ec     Brackets.obj
 0001:000002f4       ??_7?$DialogBuilderBase@UFarDialogItem@@@@6B@ 100012f4     Brackets.obj
 0001:00000314       ??_7PluginEditFieldBinding@@6B@ 10001314     Brackets.obj
 0001:0000031c       ??_7PluginDialogBuilder@@6B@ 1000131c     Brackets.obj
 0001:0000033c       ??_7PluginCheckBoxBinding@@6B@ 1000133c     Brackets.obj
 0001:00000344       ??_7PluginRadioButtonBinding@@6B@ 10001344     Brackets.obj
 0001:0000034c       ??_C@_15EFLNJKHH@?$AA?$CF?$AAu?$AA?$AA@ 1000134c     Brackets.obj
 0001:00000354       ??_7PluginIntEditFieldBinding@@6B@ 10001354     Brackets.obj
 0001:0000035c       ??_C@_11LOCGONAA@?$AA?$AA@ 1000135c     Brackets.obj
 0001:00000360       ??_C@_19MGMPFFIA@?$AAF?$AAi?$AAn?$AAd?$AA?$AA@ 10001360     Brackets.obj
 0001:0000036c       ??_C@_1O@MDCABJAO@?$AAD?$AAi?$AAr?$AAe?$AAc?$AAt?$AA?$AA@ 1000136c     Brackets.obj
 0001:0000037c       ??_C@_1BE@LCCGEFEM@?$AAS?$AAE?$AAA?$AAR?$AAC?$AAH?$AAF?$AAW?$AAD?$AA?$AA@ 1000137c     Brackets.obj
 0001:00000390       ??_C@_1BG@LIFFHAGC@?$AAS?$AAE?$AAA?$AAR?$AAC?$AAH?$AAB?$AAA?$AAC?$AAK?$AA?$AA@ 10001390     Brackets.obj
 0001:000003a8       ??_C@_1BE@IFIBPANP@?$AAS?$AAE?$AAL?$AAE?$AAC?$AAT?$AAF?$AAW?$AAD?$AA?$AA@ 100013a8     Brackets.obj
 0001:000003bc       ??_C@_1BG@FJDCNJBP@?$AAS?$AAE?$AAL?$AAE?$AAC?$AAT?$AAB?$AAA?$AAC?$AAK?$AA?$AA@ 100013bc     Brackets.obj
 0001:000003d4       ??_C@_1O@BAHOLLMK@?$AAC?$AAO?$AAN?$AAF?$AAI?$AAG?$AA?$AA@ 100013d4     Brackets.obj
 0001:000003f0       __imp__EncodePointer@4     100013f0     vc_crt_fix.obj
 0001:000003f4       __imp__DecodePointer@4     100013f4     vc_crt_fix.obj
 0001:000003f8       __imp__GetModuleHandleExW@12 100013f8     vc_crt_fix.obj
 0001:000003fc       ??_C@_0O@NLDKAIKN@EncodePointer?$AA@ 100013fc     vc_crt_fix_impl.obj
 0001:0000040c       ??_C@_0O@KBPMFGHI@DecodePointer?$AA@ 1000140c     vc_crt_fix_impl.obj
 0001:0000041c       ??_C@_1BC@GDMECMAK@?$AAk?$AAe?$AAr?$AAn?$AAe?$AAl?$AA3?$AA2?$AA?$AA@ 1000141c     vc_crt_fix_impl.obj
 0001:00000430       ??_C@_0BD@GIGEJCNH@GetModuleHandleExW?$AA@ 10001430     vc_crt_fix_impl.obj
 0001:00000448       ??_7bad_alloc@std@@6B@     10001448     LIBCMT:new.obj
 0001:00000450       ??_C@_0P@GHFPNOJB@bad?5allocation?$AA@ 10001450     LIBCMT:new.obj
 0001:00000460       __pRawDllMain              10001460     LIBCMT:dllcrt0.obj
 0001:00000460       __pDefaultRawDllMain       10001460     LIBCMT:dllcrt0.obj
 0001:00000468       ??_7exception@std@@6B@     10001468     LIBCMT:stdexcpt.obj
 0001:00000470       ??_C@_0BC@EOODALEL@Unknown?5exception?$AA@ 10001470     LIBCMT:stdexcpt.obj
 0001:00000488       ??_7type_info@@6B@         10001488     LIBCMT:typinfo.obj
 0001:000004ac       ??_C@_1BK@DBDEIDLH@?$AAK?$AAE?$AAR?$AAN?$AAE?$AAL?$AA3?$AA2?$AA?4?$AAD?$AAL?$AAL?$AA?$AA@ 100014ac     LIBCMT:tidtable.obj
 0001:000004c8       ??_C@_07PEJMOBNF@FlsFree?$AA@ 100014c8     LIBCMT:tidtable.obj
 0001:000004d0       ??_C@_0M@JCPCPOEF@FlsSetValue?$AA@ 100014d0     LIBCMT:tidtable.obj
 0001:000004dc       ??_C@_0M@GDNOONDI@FlsGetValue?$AA@ 100014dc     LIBCMT:tidtable.obj
 0001:000004e8       ??_C@_08KNHFBNJ@FlsAlloc?$AA@ 100014e8     LIBCMT:tidtable.obj
 0001:000004f4       ??_C@_0P@MIGLKIOC@CorExitProcess?$AA@ 100014f4     LIBCMT:crt0dat.obj
 0001:00000504       ??_C@_1BI@BGOHAHKC@?$AAm?$AAs?$AAc?$AAo?$AAr?$AAe?$AAe?$AA?4?$AAd?$AAl?$AAl?$AA?$AA@ 10001504     LIBCMT:crt0dat.obj
 0001:00000520       __XcptActTab               10001520     LIBCMT:winxfltr.obj
 0001:000005b0       __First_FPE_Indx           100015b0     LIBCMT:winxfltr.obj
 0001:000005b4       __Num_FPE                  100015b4     LIBCMT:winxfltr.obj
 0001:000005b8       __XcptActTabSize           100015b8     LIBCMT:winxfltr.obj
 0001:000005bc       __XcptActTabCount          100015bc     LIBCMT:winxfltr.obj
 0001:000005c0       ??_C@_1BO@BKOMIGKJ@?$AAr?$AAu?$AAn?$AAt?$AAi?$AAm?$AAe?$AA?5?$AAe?$AAr?$AAr?$AAo?$AAr?$AA?5?$AA?$AA@ 100015c0     LIBCMT:crt0msg.obj
 0001:000005e0       ??_C@_15JNBOKNOG@?$AA?$AN?$AA?6?$AA?$AA@ 100015e0     LIBCMT:crt0msg.obj
 0001:000005e8       ??_C@_1BM@JBBEPPHI@?$AAT?$AAL?$AAO?$AAS?$AAS?$AA?5?$AAe?$AAr?$AAr?$AAo?$AAr?$AA?$AN?$AA?6?$AA?$AA@ 100015e8     LIBCMT:crt0msg.obj
 0001:00000604       ??_C@_1BK@KMOMNAAI@?$AAS?$AAI?$AAN?$AAG?$AA?5?$AAe?$AAr?$AAr?$AAo?$AAr?$AA?$AN?$AA?6?$AA?$AA@ 10001604     LIBCMT:crt0msg.obj
 0001:00000620       ??_C@_1BO@BFCDCGC@?$AAD?$AAO?$AAM?$AAA?$AAI?$AAN?$AA?5?$AAe?$AAr?$AAr?$AAo?$AAr?$AA?$AN?$AA?6?$AA?$AA@ 10001620     LIBCMT:crt0msg.obj
 0001:00000640       ??_C@_1BOO@KGEDBGAJ@?$AAR?$AA6?$AA0?$AA3?$AA3?$AA?$AN?$AA?6?$AA?9?$AA?5?$AAA?$AAt?$AAt?$AAe?$AAm?$AAp?$AAt?$AA?5?$AAt?$AAo?$AA?5?$AAu?$AAs?$AAe?$AA?5?$AAM?$AAS?$AAI?$AAL?$AA?5?$AAc?$AAo?$AAd@ 10001640     LIBCMT:crt0msg.obj
 0001:00000830       ??_C@_1GG@GOPILAJP@?$AAR?$AA6?$AA0?$AA3?$AA2?$AA?$AN?$AA?6?$AA?9?$AA?5?$AAn?$AAo?$AAt?$AA?5?$AAe?$AAn?$AAo?$AAu?$AAg?$AAh?$AA?5?$AAs?$AAp?$AAa?$AAc?$AAe?$AA?5?$AAf?$AAo?$AAr?$AA?5?$AAl?$AAo@ 10001830     LIBCMT:crt0msg.obj
 0001:00000898       ??_C@_1MG@ENCOOIDF@?$AAR?$AA6?$AA0?$AA3?$AA1?$AA?$AN?$AA?6?$AA?9?$AA?5?$AAA?$AAt?$AAt?$AAe?$AAm?$AAp?$AAt?$AA?5?$AAt?$AAo?$AA?5?$AAi?$AAn?$AAi?$AAt?$AAi?$AAa?$AAl?$AAi?$AAz?$AAe?$AA?5?$AAt@ 10001898     LIBCMT:crt0msg.obj
 0001:00000960       ??_C@_1DO@BMFCDCD@?$AAR?$AA6?$AA0?$AA3?$AA0?$AA?$AN?$AA?6?$AA?9?$AA?5?$AAC?$AAR?$AAT?$AA?5?$AAn?$AAo?$AAt?$AA?5?$AAi?$AAn?$AAi?$AAt?$AAi?$AAa?$AAl?$AAi?$AAz?$AAe?$AAd?$AA?$AN?$AA?6?$AA?$AA@ 10001960     LIBCMT:crt0msg.obj
 0001:000009a0       ??_C@_1EK@HHFLMAOL@?$AAR?$AA6?$AA0?$AA2?$AA8?$AA?$AN?$AA?6?$AA?9?$AA?5?$AAu?$AAn?$AAa?$AAb?$AAl?$AAe?$AA?5?$AAt?$AAo?$AA?5?$AAi?$AAn?$AAi?$AAt?$AAi?$AAa?$AAl?$AAi?$AAz?$AAe?$AA?5?$AAh?$AAe@ 100019a0     LIBCMT:crt0msg.obj
 0001:000009f0       ??_C@_1GK@MFGOKLAG@?$AAR?$AA6?$AA0?$AA2?$AA7?$AA?$AN?$AA?6?$AA?9?$AA?5?$AAn?$AAo?$AAt?$AA?5?$AAe?$AAn?$AAo?$AAu?$AAg?$AAh?$AA?5?$AAs?$AAp?$AAa?$AAc?$AAe?$AA?5?$AAf?$AAo?$AAr?$AA?5?$AAl?$AAo@ 100019f0     LIBCMT:crt0msg.obj
 0001:00000a60       ??_C@_1GK@MCAAGJMO@?$AAR?$AA6?$AA0?$AA2?$AA6?$AA?$AN?$AA?6?$AA?9?$AA?5?$AAn?$AAo?$AAt?$AA?5?$AAe?$AAn?$AAo?$AAu?$AAg?$AAh?$AA?5?$AAs?$AAp?$AAa?$AAc?$AAe?$AA?5?$AAf?$AAo?$AAr?$AA?5?$AAs?$AAt@ 10001a60     LIBCMT:crt0msg.obj
 0001:00000ad0       ??_C@_1EM@MAADIHMB@?$AAR?$AA6?$AA0?$AA2?$AA5?$AA?$AN?$AA?6?$AA?9?$AA?5?$AAp?$AAu?$AAr?$AAe?$AA?5?$AAv?$AAi?$AAr?$AAt?$AAu?$AAa?$AAl?$AA?5?$AAf?$AAu?$AAn?$AAc?$AAt?$AAi?$AAo?$AAn?$AA?5?$AAc@ 10001ad0     LIBCMT:crt0msg.obj
 0001:00000b20       ??_C@_1GK@FHCKBEFA@?$AAR?$AA6?$AA0?$AA2?$AA4?$AA?$AN?$AA?6?$AA?9?$AA?5?$AAn?$AAo?$AAt?$AA?5?$AAe?$AAn?$AAo?$AAu?$AAg?$AAh?$AA?5?$AAs?$AAp?$AAa?$AAc?$AAe?$AA?5?$AAf?$AAo?$AAr?$AA?5?$AA_?$AAo@ 10001b20     LIBCMT:crt0msg.obj
 0001:00000b90       ??_C@_1FC@ECHBIFBC@?$AAR?$AA6?$AA0?$AA1?$AA9?$AA?$AN?$AA?6?$AA?9?$AA?5?$AAu?$AAn?$AAa?$AAb?$AAl?$AAe?$AA?5?$AAt?$AAo?$AA?5?$AAo?$AAp?$AAe?$AAn?$AA?5?$AAc?$AAo?$AAn?$AAs?$AAo?$AAl?$AAe?$AA?5@ 10001b90     LIBCMT:crt0msg.obj
 0001:00000be8       ??_C@_1EC@JIBHAOPH@?$AAR?$AA6?$AA0?$AA1?$AA8?$AA?$AN?$AA?6?$AA?9?$AA?5?$AAu?$AAn?$AAe?$AAx?$AAp?$AAe?$AAc?$AAt?$AAe?$AAd?$AA?5?$AAh?$AAe?$AAa?$AAp?$AA?5?$AAe?$AAr?$AAr?$AAo?$AAr?$AA?$AN?$AA?6@ 10001be8     LIBCMT:crt0msg.obj
 0001:00000c30       ??_C@_1FK@BEOGODMC@?$AAR?$AA6?$AA0?$AA1?$AA7?$AA?$AN?$AA?6?$AA?9?$AA?5?$AAu?$AAn?$AAe?$AAx?$AAp?$AAe?$AAc?$AAt?$AAe?$AAd?$AA?5?$AAm?$AAu?$AAl?$AAt?$AAi?$AAt?$AAh?$AAr?$AAe?$AAa?$AAd?$AA?5@ 10001c30     LIBCMT:crt0msg.obj
 0001:00000c90       ??_C@_1FI@LOGNIKDM@?$AAR?$AA6?$AA0?$AA1?$AA6?$AA?$AN?$AA?6?$AA?9?$AA?5?$AAn?$AAo?$AAt?$AA?5?$AAe?$AAn?$AAo?$AAu?$AAg?$AAh?$AA?5?$AAs?$AAp?$AAa?$AAc?$AAe?$AA?5?$AAf?$AAo?$AAr?$AA?5?$AAt?$AAh@ 10001c90     LIBCMT:crt0msg.obj
 0001:00000ce8       ??_C@_1EG@BEHAGFJD@?$AAR?$AA6?$AA0?$AA1?$AA0?$AA?$AN?$AA?6?$AA?9?$AA?5?$AAa?$AAb?$AAo?$AAr?$AAt?$AA?$CI?$AA?$CJ?$AA?5?$AAh?$AAa?$AAs?$AA?5?$AAb?$AAe?$AAe?$AAn?$AA?5?$AAc?$AAa?$AAl?$AAl?$AAe?$AAd@ 10001ce8     LIBCMT:crt0msg.obj
 0001:00000d30       ??_C@_1FI@HONFMGBI@?$AAR?$AA6?$AA0?$AA0?$AA9?$AA?$AN?$AA?6?$AA?9?$AA?5?$AAn?$AAo?$AAt?$AA?5?$AAe?$AAn?$AAo?$AAu?$AAg?$AAh?$AA?5?$AAs?$AAp?$AAa?$AAc?$AAe?$AA?5?$AAf?$AAo?$AAr?$AA?5?$AAe?$AAn@ 10001d30     LIBCMT:crt0msg.obj
 0001:00000d88       ??_C@_1FE@LLNEDJMD@?$AAR?$AA6?$AA0?$AA0?$AA8?$AA?$AN?$AA?6?$AA?9?$AA?5?$AAn?$AAo?$AAt?$AA?5?$AAe?$AAn?$AAo?$AAu?$AAg?$AAh?$AA?5?$AAs?$AAp?$AAa?$AAc?$AAe?$AA?5?$AAf?$AAo?$AAr?$AA?5?$AAa?$AAr@ 10001d88     LIBCMT:crt0msg.obj
 0001:00000de0       ??_C@_1FK@PGACCAFB@?$AAR?$AA6?$AA0?$AA0?$AA2?$AA?$AN?$AA?6?$AA?9?$AA?5?$AAf?$AAl?$AAo?$AAa?$AAt?$AAi?$AAn?$AAg?$AA?5?$AAp?$AAo?$AAi?$AAn?$AAt?$AA?5?$AAs?$AAu?$AAp?$AAp?$AAo?$AAr?$AAt?$AA?5@ 10001de0     LIBCMT:crt0msg.obj
 0001:00000ef0       ??_C@_1EK@MBDPDCGA@?$AAM?$AAi?$AAc?$AAr?$AAo?$AAs?$AAo?$AAf?$AAt?$AA?5?$AAV?$AAi?$AAs?$AAu?$AAa?$AAl?$AA?5?$AAC?$AA?$CL?$AA?$CL?$AA?5?$AAR?$AAu?$AAn?$AAt?$AAi?$AAm?$AAe?$AA?5?$AAL?$AAi?$AAb@ 10001ef0     LIBCMT:crt0msg.obj
 0001:00000f3c       ??_C@_15IABLJNFO@?$AA?6?$AA?6?$AA?$AA@ 10001f3c     LIBCMT:crt0msg.obj
 0001:00000f44       ??_C@_17LGKOMLJ@?$AA?4?$AA?4?$AA?4?$AA?$AA@ 10001f44     LIBCMT:crt0msg.obj
 0001:00000f4c       ??_C@_1CO@EAEJAADC@?$AA?$DM?$AAp?$AAr?$AAo?$AAg?$AAr?$AAa?$AAm?$AA?5?$AAn?$AAa?$AAm?$AAe?$AA?5?$AAu?$AAn?$AAk?$AAn?$AAo?$AAw?$AAn?$AA?$DO?$AA?$AA@ 10001f4c     LIBCMT:crt0msg.obj
 0001:00000f7c       ??_C@_1DE@JNGNBFGO@?$AAR?$AAu?$AAn?$AAt?$AAi?$AAm?$AAe?$AA?5?$AAE?$AAr?$AAr?$AAo?$AAr?$AA?$CB?$AA?6?$AA?6?$AAP?$AAr?$AAo?$AAg?$AAr?$AAa?$AAm?$AA?3?$AA?5?$AA?$AA@ 10001f7c     LIBCMT:crt0msg.obj
 0001:00000fb0       ??_C@_1BC@GDGBMEMK@?$AAH?$AAH?$AA?3?$AAm?$AAm?$AA?3?$AAs?$AAs?$AA?$AA@ 10001fb0     LIBCMT:nlsdata2.obj
 0001:00000fc4       ??_C@_1CI@KNAKOEBC@?$AAd?$AAd?$AAd?$AAd?$AA?0?$AA?5?$AAM?$AAM?$AAM?$AAM?$AA?5?$AAd?$AAd?$AA?0?$AA?5?$AAy?$AAy?$AAy?$AAy?$AA?$AA@ 10001fc4     LIBCMT:nlsdata2.obj
 0001:00000fec       ??_C@_1BC@IEBCMHCM@?$AAM?$AAM?$AA?1?$AAd?$AAd?$AA?1?$AAy?$AAy?$AA?$AA@ 10001fec     LIBCMT:nlsdata2.obj
 0001:00001000       ??_C@_15CLMNNGEL@?$AAP?$AAM?$AA?$AA@ 10002000     LIBCMT:nlsdata2.obj
 0001:00001008       ??_C@_15ODEHAHHF@?$AAA?$AAM?$AA?$AA@ 10002008     LIBCMT:nlsdata2.obj
 0001:00001010       ??_C@_1BC@FEMKIFH@?$AAD?$AAe?$AAc?$AAe?$AAm?$AAb?$AAe?$AAr?$AA?$AA@ 10002010     LIBCMT:nlsdata2.obj
 0001:00001024       ??_C@_1BC@BGLIFPF@?$AAN?$AAo?$AAv?$AAe?$AAm?$AAb?$AAe?$AAr?$AA?$AA@ 10002024     LIBCMT:nlsdata2.obj
 0001:00001038       ??_C@_1BA@EPANDLNG@?$AAO?$AAc?$AAt?$AAo?$AAb?$AAe?$AAr?$AA?$AA@ 10002038     LIBCMT:nlsdata2.obj
 0001:00001048       ??_C@_1BE@DKAAMBJL@?$AAS?$AAe?$AAp?$AAt?$AAe?$AAm?$AAb?$AAe?$AAr?$AA?$AA@ 10002048     LIBCMT:nlsdata2.obj
 0001:0000105c       ??_C@_1O@PAHLKOAC@?$AAA?$AAu?$AAg?$AAu?$AAs?$AAt?$AA?$AA@ 1000205c     LIBCMT:nlsdata2.obj
 0001:0000106c       ??_C@_19BIFMLPCD@?$AAJ?$AAu?$AAl?$AAy?$AA?$AA@ 1000206c     LIBCMT:nlsdata2.obj
 0001:00001078       ??_C@_19EPFLPGAP@?$AAJ?$AAu?$AAn?$AAe?$AA?$AA@ 10002078     LIBCMT:nlsdata2.obj
 0001:00001084       ??_C@_1M@GJNLMHFD@?$AAA?$AAp?$AAr?$AAi?$AAl?$AA?$AA@ 10002084     LIBCMT:nlsdata2.obj
 0001:00001090       ??_C@_1M@IKEENEDF@?$AAM?$AAa?$AAr?$AAc?$AAh?$AA?$AA@ 10002090     LIBCMT:nlsdata2.obj
 0001:0000109c       ??_C@_1BC@JGDDFFAM@?$AAF?$AAe?$AAb?$AAr?$AAu?$AAa?$AAr?$AAy?$AA?$AA@ 1000209c     LIBCMT:nlsdata2.obj
 0001:000010b0       ??_C@_1BA@EFMEIEBA@?$AAJ?$AAa?$AAn?$AAu?$AAa?$AAr?$AAy?$AA?$AA@ 100020b0     LIBCMT:nlsdata2.obj
 0001:000010c0       ??_C@_17EGKACKIF@?$AAD?$AAe?$AAc?$AA?$AA@ 100020c0     LIBCMT:nlsdata2.obj
 0001:000010c8       ??_C@_17BBDMLCIG@?$AAN?$AAo?$AAv?$AA?$AA@ 100020c8     LIBCMT:nlsdata2.obj
 0001:000010d0       ??_C@_17FNLKOI@?$AAO?$AAc?$AAt?$AA?$AA@ 100020d0     LIBCMT:nlsdata2.obj
 0001:000010d8       ??_C@_17HCHCOKMG@?$AAS?$AAe?$AAp?$AA?$AA@ 100020d8     LIBCMT:nlsdata2.obj
 0001:000010e0       ??_C@_17ICPELBCN@?$AAA?$AAu?$AAg?$AA?$AA@ 100020e0     LIBCMT:nlsdata2.obj
 0001:000010e8       ??_C@_17IJPCKHK@?$AAJ?$AAu?$AAl?$AA?$AA@ 100020e8     LIBCMT:nlsdata2.obj
 0001:000010f0       ??_C@_17KCJGOCPB@?$AAJ?$AAu?$AAn?$AA?$AA@ 100020f0     LIBCMT:nlsdata2.obj
 0001:000010f8       ??_C@_17PNNKMEED@?$AAM?$AAa?$AAy?$AA?$AA@ 100020f8     LIBCMT:nlsdata2.obj
 0001:00001100       ??_C@_17LFPOIHDD@?$AAA?$AAp?$AAr?$AA?$AA@ 10002100     LIBCMT:nlsdata2.obj
 0001:00001108       ??_C@_17CKNLEDEC@?$AAM?$AAa?$AAr?$AA?$AA@ 10002108     LIBCMT:nlsdata2.obj
 0001:00001110       ??_C@_17LMDJEKJN@?$AAF?$AAe?$AAb?$AA?$AA@ 10002110     LIBCMT:nlsdata2.obj
 0001:00001118       ??_C@_17DKNBKCHM@?$AAJ?$AAa?$AAn?$AA?$AA@ 10002118     LIBCMT:nlsdata2.obj
 0001:00001120       ??_C@_1BC@ENMNNPAJ@?$AAS?$AAa?$AAt?$AAu?$AAr?$AAd?$AAa?$AAy?$AA?$AA@ 10002120     LIBCMT:nlsdata2.obj
 0001:00001134       ??_C@_1O@PDICJHAG@?$AAF?$AAr?$AAi?$AAd?$AAa?$AAy?$AA?$AA@ 10002134     LIBCMT:nlsdata2.obj
 0001:00001144       ??_C@_1BC@HHMNLIHE@?$AAT?$AAh?$AAu?$AAr?$AAs?$AAd?$AAa?$AAy?$AA?$AA@ 10002144     LIBCMT:nlsdata2.obj
 0001:00001158       ??_C@_1BE@EBOGMDOH@?$AAW?$AAe?$AAd?$AAn?$AAe?$AAs?$AAd?$AAa?$AAy?$AA?$AA@ 10002158     LIBCMT:nlsdata2.obj
 0001:0000116c       ??_C@_1BA@ENFBFFEK@?$AAT?$AAu?$AAe?$AAs?$AAd?$AAa?$AAy?$AA?$AA@ 1000216c     LIBCMT:nlsdata2.obj
 0001:0000117c       ??_C@_1O@MMNBFLIA@?$AAM?$AAo?$AAn?$AAd?$AAa?$AAy?$AA?$AA@ 1000217c     LIBCMT:nlsdata2.obj
 0001:0000118c       ??_C@_1O@IHNHDHPB@?$AAS?$AAu?$AAn?$AAd?$AAa?$AAy?$AA?$AA@ 1000218c     LIBCMT:nlsdata2.obj
 0001:0000119c       ??_C@_17GGIBDPIH@?$AAS?$AAa?$AAt?$AA?$AA@ 1000219c     LIBCMT:nlsdata2.obj
 0001:000011a4       ??_C@_17HFOLPPLP@?$AAF?$AAr?$AAi?$AA?$AA@ 100021a4     LIBCMT:nlsdata2.obj
 0001:000011ac       ??_C@_17PDPHAADD@?$AAT?$AAh?$AAu?$AA?$AA@ 100021ac     LIBCMT:nlsdata2.obj
 0001:000011b4       ??_C@_17CJEDCEPE@?$AAW?$AAe?$AAd?$AA?$AA@ 100021b4     LIBCMT:nlsdata2.obj
 0001:000011bc       ??_C@_17BMKGEGOJ@?$AAT?$AAu?$AAe?$AA?$AA@ 100021bc     LIBCMT:nlsdata2.obj
 0001:000011c4       ??_C@_17KBOMKBF@?$AAM?$AAo?$AAn?$AA?$AA@ 100021c4     LIBCMT:nlsdata2.obj
 0001:000011cc       ??_C@_17MBGCMIPB@?$AAS?$AAu?$AAn?$AA?$AA@ 100021cc     LIBCMT:nlsdata2.obj
 0001:000011d4       ??_C@_08JCCMCCIL@HH?3mm?3ss?$AA@ 100021d4     LIBCMT:nlsdata2.obj
 0001:000011e0       ??_C@_0BE@CKGJFCPC@dddd?0?5MMMM?5dd?0?5yyyy?$AA@ 100021e0     LIBCMT:nlsdata2.obj
 0001:000011f4       ??_C@_08BPBNCDIB@MM?1dd?1yy?$AA@ 100021f4     LIBCMT:nlsdata2.obj
 0001:00001200       ??_C@_02CJNFDJBF@PM?$AA@   10002200     LIBCMT:nlsdata2.obj
 0001:00001204       ??_C@_02DEDBPAFC@AM?$AA@   10002204     LIBCMT:nlsdata2.obj
 0001:00001208       ??_C@_08EDHMEBNP@December?$AA@ 10002208     LIBCMT:nlsdata2.obj
 0001:00001214       ??_C@_08HCHEGEOA@November?$AA@ 10002214     LIBCMT:nlsdata2.obj
 0001:00001220       ??_C@_07JJNFCEND@October?$AA@ 10002220     LIBCMT:nlsdata2.obj
 0001:00001228       ??_C@_09BHHEALKD@September?$AA@ 10002228     LIBCMT:nlsdata2.obj
 0001:00001234       ??_C@_06LBBHFDDG@August?$AA@ 10002234     LIBCMT:nlsdata2.obj
 0001:0000123c       ??_C@_04MIEPOIFP@July?$AA@ 1000223c     LIBCMT:nlsdata2.obj
 0001:00001244       ??_C@_04CNLMGBGM@June?$AA@ 10002244     LIBCMT:nlsdata2.obj
 0001:0000124c       ??_C@_05DMJDNLEJ@April?$AA@ 1000224c     LIBCMT:nlsdata2.obj
 0001:00001254       ??_C@_05HPCKOFNC@March?$AA@ 10002254     LIBCMT:nlsdata2.obj
 0001:0000125c       ??_C@_08GNJGEPFN@February?$AA@ 1000225c     LIBCMT:nlsdata2.obj
 0001:00001268       ??_C@_07CGJPFGJA@January?$AA@ 10002268     LIBCMT:nlsdata2.obj
 0001:00001270       ??_C@_03MKABNOCG@Dec?$AA@  10002270     LIBCMT:nlsdata2.obj
 0001:00001274       ??_C@_03JPJOFNIA@Nov?$AA@  10002274     LIBCMT:nlsdata2.obj
 0001:00001278       ??_C@_03BMAOKBAD@Oct?$AA@  10002278     LIBCMT:nlsdata2.obj
 0001:0000127c       ??_C@_03GGCAPAJC@Sep?$AA@  1000227c     LIBCMT:nlsdata2.obj
 0001:00001280       ??_C@_03IFJFEIGA@Aug?$AA@  10002280     LIBCMT:nlsdata2.obj
 0001:00001284       ??_C@_03LBGABGKK@Jul?$AA@  10002284     LIBCMT:nlsdata2.obj
 0001:00001288       ??_C@_03IDFGHECI@Jun?$AA@  10002288     LIBCMT:nlsdata2.obj
 0001:0000128c       ??_C@_03CNMDKL@May?$AA@    1000228c     LIBCMT:nlsdata2.obj
 0001:00001290       ??_C@_03LEOLGMJP@Apr?$AA@  10002290     LIBCMT:nlsdata2.obj
 0001:00001294       ??_C@_03ODNJBKGA@Mar?$AA@  10002294     LIBCMT:nlsdata2.obj
 0001:00001298       ??_C@_03HJBDCHOM@Feb?$AA@  10002298     LIBCMT:nlsdata2.obj
 0001:0000129c       ??_C@_03JIHJHPIE@Jan?$AA@  1000229c     LIBCMT:nlsdata2.obj
 0001:000012a0       ??_C@_08INBOOONO@Saturday?$AA@ 100022a0     LIBCMT:nlsdata2.obj
 0001:000012ac       ??_C@_06JECMNKMI@Friday?$AA@ 100022ac     LIBCMT:nlsdata2.obj
 0001:000012b4       ??_C@_08HACCIKIA@Thursday?$AA@ 100022b4     LIBCMT:nlsdata2.obj
 0001:000012c0       ??_C@_09DLIGFAKA@Wednesday?$AA@ 100022c0     LIBCMT:nlsdata2.obj
 0001:000012cc       ??_C@_07BAAGCFCM@Tuesday?$AA@ 100022cc     LIBCMT:nlsdata2.obj
 0001:000012d4       ??_C@_06JLEDEDGH@Monday?$AA@ 100022d4     LIBCMT:nlsdata2.obj
 0001:000012dc       ??_C@_06OOPIFAJ@Sunday?$AA@ 100022dc     LIBCMT:nlsdata2.obj
 0001:000012e4       ??_C@_03FEFJNEK@Sat?$AA@   100022e4     LIBCMT:nlsdata2.obj
 0001:000012e8       ??_C@_03IDIOELNC@Fri?$AA@  100022e8     LIBCMT:nlsdata2.obj
 0001:000012ec       ??_C@_03IOFIKPDN@Thu?$AA@  100022ec     LIBCMT:nlsdata2.obj
 0001:000012f0       ??_C@_03MHOMLAJA@Wed?$AA@  100022f0     LIBCMT:nlsdata2.obj
 0001:000012f4       ??_C@_03NAGEINEP@Tue?$AA@  100022f4     LIBCMT:nlsdata2.obj
 0001:000012f8       ??_C@_03PDAGKDH@Mon?$AA@   100022f8     LIBCMT:nlsdata2.obj
 0001:000012fc       ??_C@_03KOEHGMDN@Sun?$AA@  100022fc     LIBCMT:nlsdata2.obj
 0001:00001300       ??_C@_0BK@CFCOFLF@?5Complete?5Object?5Locator?8?$AA@ 10002300     LIBCMT:undname.obj
 0001:0000131c       ??_C@_0BN@MECKDCOJ@?5Class?5Hierarchy?5Descriptor?8?$AA@ 1000231c     LIBCMT:undname.obj
 0001:0000133c       ??_C@_0BD@LGICGFMM@?5Base?5Class?5Array?8?$AA@ 1000233c     LIBCMT:undname.obj
 0001:00001350       ??_C@_0BM@LDKODKLH@?5Base?5Class?5Descriptor?5at?5?$CI?$AA@ 10002350     LIBCMT:undname.obj
 0001:0000136c       ??_C@_0BC@DAFEJGAK@?5Type?5Descriptor?8?$AA@ 1000236c     LIBCMT:undname.obj
 0001:00001380       ??_C@_0BM@PMGGMLDN@?$GAlocal?5static?5thread?5guard?8?$AA@ 10002380     LIBCMT:undname.obj
 0001:0000139c       ??_C@_0CL@FGIJHLCE@?$GAmanaged?5vector?5copy?5constructor@ 1000239c     LIBCMT:undname.obj
 0001:000013c8       ??_C@_0CJ@GJELGAMM@?$GAvector?5vbase?5copy?5constructor?5i@ 100023c8     LIBCMT:undname.obj
 0001:000013f4       ??_C@_0CD@CGAJBKEJ@?$GAvector?5copy?5constructor?5iterato@ 100023f4     LIBCMT:undname.obj
 0001:00001418       ??_C@_0CB@PDBIFEP@?$GAdynamic?5atexit?5destructor?5for?5?8@ 10002418     LIBCMT:undname.obj
 0001:0000143c       ??_C@_0BL@CLIPGLGB@?$GAdynamic?5initializer?5for?5?8?$AA@ 1000243c     LIBCMT:undname.obj
 0001:00001458       ??_C@_0CM@FCBBDIGB@?$GAeh?5vector?5vbase?5copy?5constructo@ 10002458     LIBCMT:undname.obj
 0001:00001484       ??_C@_0CG@HLDDJMAG@?$GAeh?5vector?5copy?5constructor?5iter@ 10002484     LIBCMT:undname.obj
 0001:000014ac       ??_C@_0CF@IMGKMJNO@?$GAmanaged?5vector?5destructor?5itera@ 100024ac     LIBCMT:undname.obj
 0001:000014d4       ??_C@_0CG@CFDHKGGD@?$GAmanaged?5vector?5constructor?5iter@ 100024d4     LIBCMT:undname.obj
 0001:000014fc       ??_C@_0BN@CKNJLHMB@?$GAplacement?5delete?$FL?$FN?5closure?8?$AA@ 100024fc     LIBCMT:undname.obj
 0001:0000151c       ??_C@_0BL@CNOONJFP@?$GAplacement?5delete?5closure?8?$AA@ 1000251c     LIBCMT:undname.obj
 0001:00001538       ??_C@_0P@HJKNJFNN@?$GAomni?5callsig?8?$AA@ 10002538     LIBCMT:undname.obj
 0001:00001548       ??_C@_09LBNFPBCA@?5delete?$FL?$FN?$AA@ 10002548     LIBCMT:undname.obj
 0001:00001554       ??_C@_06FHBGPFGH@?5new?$FL?$FN?$AA@ 10002554     LIBCMT:undname.obj
 0001:0000155c       ??_C@_0CE@IIHCMGGL@?$GAlocal?5vftable?5constructor?5closu@ 1000255c     LIBCMT:undname.obj
 0001:00001580       ??_C@_0BA@KKLDJDLB@?$GAlocal?5vftable?8?$AA@ 10002580     LIBCMT:undname.obj
 0001:00001590       ??_C@_05KHLCHHI@?$GARTTI?$AA@ 10002590     LIBCMT:undname.obj
 0001:00001598       ??_C@_03KLGMFNMG@?$GAEH?$AA@ 10002598     LIBCMT:undname.obj
 0001:0000159c       ??_C@_0BA@KBCDOMBN@?$GAudt?5returning?8?$AA@ 1000259c     LIBCMT:undname.obj
 0001:000015ac       ??_C@_0BL@LLKPOHJI@?$GAcopy?5constructor?5closure?8?$AA@ 100025ac     LIBCMT:undname.obj
 0001:000015c8       ??_C@_0CH@OOJPLCPH@?$GAeh?5vector?5vbase?5constructor?5ite@ 100025c8     LIBCMT:undname.obj
 0001:000015f0       ??_C@_0CA@GCEOPDGL@?$GAeh?5vector?5destructor?5iterator?8?$AA@ 100025f0     LIBCMT:undname.obj
 0001:00001610       ??_C@_0CB@JONCMFFK@?$GAeh?5vector?5constructor?5iterator?8@ 10002610     LIBCMT:undname.obj
 0001:00001634       ??_C@_0BL@NILFHHPC@?$GAvirtual?5displacement?5map?8?$AA@ 10002634     LIBCMT:undname.obj
 0001:00001650       ??_C@_0CE@IKBNEHA@?$GAvector?5vbase?5constructor?5iterat@ 10002650     LIBCMT:undname.obj
 0001:00001674       ??_C@_0BN@LFPFMEDL@?$GAvector?5destructor?5iterator?8?$AA@ 10002674     LIBCMT:undname.obj
 0001:00001694       ??_C@_0BO@PFGOCPJJ@?$GAvector?5constructor?5iterator?8?$AA@ 10002694     LIBCMT:undname.obj
 0001:000016b4       ??_C@_0BN@IMDCHIKM@?$GAscalar?5deleting?5destructor?8?$AA@ 100026b4     LIBCMT:undname.obj
 0001:000016d4       ??_C@_0BO@OBMKPJIG@?$GAdefault?5constructor?5closure?8?$AA@ 100026d4     LIBCMT:undname.obj
 0001:000016f4       ??_C@_0BN@DEGPLNFK@?$GAvector?5deleting?5destructor?8?$AA@ 100026f4     LIBCMT:undname.obj
 0001:00001714       ??_C@_0BD@JDLKDPAB@?$GAvbase?5destructor?8?$AA@ 10002714     LIBCMT:undname.obj
 0001:00001728       ??_C@_08OBABFOLI@?$GAstring?8?$AA@ 10002728     LIBCMT:undname.obj
 0001:00001734       ??_C@_0BF@KDPPACIK@?$GAlocal?5static?5guard?8?$AA@ 10002734     LIBCMT:undname.obj
 0001:0000174c       ??_C@_08LLFFHHDJ@?$GAtypeof?8?$AA@ 1000274c     LIBCMT:undname.obj
 0001:00001758       ??_C@_07FEEIOKP@?$GAvcall?8?$AA@ 10002758     LIBCMT:undname.obj
 0001:00001760       ??_C@_09BLBHBJP@?$GAvbtable?8?$AA@ 10002760     LIBCMT:undname.obj
 0001:0000176c       ??_C@_09IFPLHPGF@?$GAvftable?8?$AA@ 1000276c     LIBCMT:undname.obj
 0001:00001778       ??_C@_02MHEGNOJ@?$FO?$DN?$AA@ 10002778     LIBCMT:undname.obj
 0001:0000177c       ??_C@_02DHLNPPGH@?$HM?$DN?$AA@ 1000277c     LIBCMT:undname.obj
 0001:00001780       ??_C@_02FGJGFEAB@?$CG?$DN?$AA@ 10002780     LIBCMT:undname.obj
 0001:00001784       ??_C@_03CDNPDDLA@?$DM?$DM?$DN?$AA@ 10002784     LIBCMT:undname.obj
 0001:00001788       ??_C@_03IKFCCPFF@?$DO?$DO?$DN?$AA@ 10002788     LIBCMT:undname.obj
 0001:0000178c       ??_C@_02FENAOKFI@?$CF?$DN?$AA@ 1000278c     LIBCMT:undname.obj
 0001:00001790       ??_C@_02FJEHGPIO@?1?$DN?$AA@ 10002790     LIBCMT:undname.obj
 0001:00001794       ??_C@_02FKMDLLOA@?9?$DN?$AA@ 10002794     LIBCMT:undname.obj
 0001:00001798       ??_C@_02FOEOMHFC@?$CL?$DN?$AA@ 10002798     LIBCMT:undname.obj
 0001:0000179c       ??_C@_02FPIMKNGF@?$CK?$DN?$AA@ 1000279c     LIBCMT:undname.obj
 0001:000017a0       ??_C@_02NONPIBCD@?$HM?$HM?$AA@ 100027a0     LIBCMT:undname.obj
 0001:000017a4       ??_C@_02PPKAJPJL@?$CG?$CG?$AA@ 100027a4     LIBCMT:undname.obj
 0001:000017a8       ??_C@_01DNKMNLPK@?$HM?$AA@ 100027a8     LIBCMT:undname.obj
 0001:000017ac       ??_C@_01JKBOJNNK@?$FO?$AA@ 100027ac     LIBCMT:undname.obj
 0001:000017b0       ??_C@_01PJKLJHI@?$HO?$AA@  100027b0     LIBCMT:undname.obj
 0001:000017b4       ??_C@_02HCKGKOFO@?$CI?$CJ?$AA@ 100027b4     LIBCMT:undname.obj
 0001:000017b8       ??_C@_01IHBHIGKO@?0?$AA@   100027b8     LIBCMT:undname.obj
 0001:000017bc       ??_C@_02EEKDKGMJ@?$DO?$DN?$AA@ 100027bc     LIBCMT:undname.obj
 0001:000017c0       ??_C@_01PPODPGHN@?$DO?$AA@ 100027c0     LIBCMT:undname.obj
 0001:000017c4       ??_C@_02EHCHHCKH@?$DM?$DN?$AA@ 100027c4     LIBCMT:undname.obj
 0001:000017c8       ??_C@_01MNNFJEPP@?$DM?$AA@ 100027c8     LIBCMT:undname.obj
 0001:000017cc       ??_C@_01FGNFDNOH@?$CF?$AA@ 100027cc     LIBCMT:undname.obj
 0001:000017d0       ??_C@_01KMDKNFGN@?1?$AA@   100027d0     LIBCMT:undname.obj
 0001:000017d4       ??_C@_03MNHNFDLC@?9?$DO?$CK?$AA@ 100027d4     LIBCMT:undname.obj
 0001:000017d8       ??_C@_01HNPIGOCE@?$CG?$AA@ 100027d8     LIBCMT:undname.obj
 0001:000017dc       ??_C@_01MIFGBAGJ@?$CL?$AA@ 100027dc     LIBCMT:undname.obj
 0001:000017e0       ??_C@_01JOAMLHOP@?9?$AA@   100027e0     LIBCMT:undname.obj
 0001:000017e4       ??_C@_02BAABKJLB@?9?9?$AA@ 100027e4     LIBCMT:undname.obj
 0001:000017e8       ??_C@_02ECNGHCIF@?$CL?$CL?$AA@ 100027e8     LIBCMT:undname.obj
 0001:000017ec       ??_C@_01NBENCBCI@?$CK?$AA@ 100027ec     LIBCMT:undname.obj
 0001:000017f0       ??_C@_02HBOOOICD@?9?$DO?$AA@ 100027f0     LIBCMT:undname.obj
 0001:000017f4       ??_C@_08LHJFAFGD@operator?$AA@ 100027f4     LIBCMT:undname.obj
 0001:00001800       ??_C@_02GPECMEKF@?$FL?$FN?$AA@ 10002800     LIBCMT:undname.obj
 0001:00001804       ??_C@_02FDNJECIE@?$CB?$DN?$AA@ 10002804     LIBCMT:undname.obj
 0001:00001808       ??_C@_02EGOFBIJA@?$DN?$DN?$AA@ 10002808     LIBCMT:undname.obj
 0001:0000180c       ??_C@_01DCLJPIOD@?$CB?$AA@ 1000280c     LIBCMT:undname.obj
 0001:00001810       ??_C@_02FODMEDOG@?$DM?$DM?$AA@ 10002810     LIBCMT:undname.obj
 0001:00001814       ??_C@_02GPIOPFAK@?$DO?$DO?$AA@ 10002814     LIBCMT:undname.obj
 0001:00001818       ??_C@_01NEMOKFLO@?$DN?$AA@ 10002818     LIBCMT:undname.obj
 0001:0000181c       ??_C@_07FPCDHGMM@?5delete?$AA@ 1000281c     LIBCMT:undname.obj
 0001:00001824       ??_C@_04NIHEBCM@?5new?$AA@ 10002824     LIBCMT:undname.obj
 0001:00001829       ??_C@_00CNPNBAHC@?$AA@     10002829     LIBCMT:undname.obj
 0001:0000182c       ??_C@_0M@GFIIJFMG@__unaligned?$AA@ 1000282c     LIBCMT:undname.obj
 0001:00001838       ??_C@_0L@PILCLIHE@__restrict?$AA@ 10002838     LIBCMT:undname.obj
 0001:00001844       ??_C@_07JOMMBBKO@__ptr64?$AA@ 10002844     LIBCMT:undname.obj
 0001:0000184c       ??_C@_06GHPCKEAG@__eabi?$AA@ 1000284c     LIBCMT:undname.obj
 0001:00001854       ??_C@_09HIJEGCPM@__clrcall?$AA@ 10002854     LIBCMT:undname.obj
 0001:00001860       ??_C@_0L@JMKHOMEK@__fastcall?$AA@ 10002860     LIBCMT:undname.obj
 0001:0000186c       ??_C@_0L@NPHFGOKO@__thiscall?$AA@ 1000286c     LIBCMT:undname.obj
 0001:00001878       ??_C@_09IFJBGAPI@__stdcall?$AA@ 10002878     LIBCMT:undname.obj
 0001:00001884       ??_C@_08GHMPAG@__pascal?$AA@ 10002884     LIBCMT:undname.obj
 0001:00001890       ??_C@_07KOLFKCDI@__cdecl?$AA@ 10002890     LIBCMT:undname.obj
 0001:00001898       ??_C@_08EHJDFFNH@__based?$CI?$AA@ 10002898     LIBCMT:undname.obj
 0001:00001a2c       ??_C@_0BI@DFKBFLJE@GetProcessWindowStation?$AA@ 10002a2c     LIBCMT:crtmboxw.obj
 0001:00001a44       ??_C@_0BK@DEKFELLI@GetUserObjectInformationW?$AA@ 10002a44     LIBCMT:crtmboxw.obj
 0001:00001a60       ??_C@_0BD@HHGDFDBJ@GetLastActivePopup?$AA@ 10002a60     LIBCMT:crtmboxw.obj
 0001:00001a74       ??_C@_0BA@HNOPNCHB@GetActiveWindow?$AA@ 10002a74     LIBCMT:crtmboxw.obj
 0001:00001a84       ??_C@_0M@DLDCCGNP@MessageBoxW?$AA@ 10002a84     LIBCMT:crtmboxw.obj
 0001:00001a90       ??_C@_1BG@GOEBHBDC@?$AAU?$AAS?$AAE?$AAR?$AA3?$AA2?$AA?4?$AAD?$AAL?$AAL?$AA?$AA@ 10002a90     LIBCMT:crtmboxw.obj
 0001:00001aa8       ___newctype                10002aa8     LIBCMT:ctype.obj
 0001:00001da8       __wctype                   10002da8     LIBCMT:ctype.obj
 0001:00001fb0       ___newclmap                10002fb0     LIBCMT:ctype.obj
 0001:00002130       ___newcumap                10003130     LIBCMT:ctype.obj
 0001:00002338       __load_config_used         10003338     LIBCMT:loadcfg.obj
 0001:00002380       ??_R4bad_alloc@std@@6B@    10003380     LIBCMT:new.obj
 0001:00002394       ??_R3bad_alloc@std@@8      10003394     LIBCMT:new.obj
 0001:000023a4       ??_R2bad_alloc@std@@8      100033a4     LIBCMT:new.obj
 0001:000023b0       ??_R1A@?0A@EA@bad_alloc@std@@8 100033b0     LIBCMT:new.obj
 0001:000023cc       ??_R1A@?0A@EA@exception@std@@8 100033cc     LIBCMT:new.obj
 0001:000023e8       ??_R3exception@std@@8      100033e8     LIBCMT:new.obj
 0001:000023f8       ??_R2exception@std@@8      100033f8     LIBCMT:new.obj
 0001:00002400       ??_R4exception@std@@6B@    10003400     LIBCMT:stdexcpt.obj
 0001:00002414       ??_R4type_info@@6B@        10003414     LIBCMT:typinfo.obj
 0001:00002428       ??_R3type_info@@8          10003428     LIBCMT:typinfo.obj
 0001:00002438       ??_R2type_info@@8          10003438     LIBCMT:typinfo.obj
 0001:00002440       ??_R1A@?0A@EA@type_info@@8 10003440     LIBCMT:typinfo.obj
 0001:00002460       ___safe_se_handler_table   10003460     <linker-defined>
 0001:0000246c       ___rtc_iaa                 1000346c     LIBCMT:_initsect_.obj
 0001:00002470       ___rtc_izz                 10003470     LIBCMT:_initsect_.obj
 0001:00002474       ___rtc_taa                 10003474     LIBCMT:_initsect_.obj
 0001:00002478       ___rtc_tzz                 10003478     LIBCMT:_initsect_.obj
 0001:00002480       __chkstk                   10003480 f   chkstk.obj
 0001:00002480       __alloca_probe             10003480     chkstk.obj
 0001:000024b0       ?GetLangString@PluginDialogBuilder@@MAEPB_WH@Z 100034b0 f i Brackets.obj
 0001:000024d0       _GetGlobalInfoW@4          100034d0 f   Brackets.obj
 0001:00002550       _SetStartupInfoW@4         10003550 f   Brackets.obj
 0001:00002820       _GetPluginInfoW@4          10003820 f   Brackets.obj
 0001:00002870       ?InitDialogItem@?$DialogBuilderBase@UFarDialogItem@@@@MAEXPAUFarDialogItem@@PB_W@Z 10003870 f i Brackets.obj
 0001:00002870       ?SaveValue@?$DialogItemBinding@UFarDialogItem@@@@UAEXPAUFarDialogItem@@H@Z 10003870 f i Brackets.obj
 0001:00002880       ?TextWidth@?$DialogBuilderBase@UFarDialogItem@@@@MAEHABUFarDialogItem@@@Z 10003880 f i Brackets.obj
 0001:00002890       ?DoShowDialog@?$DialogBuilderBase@UFarDialogItem@@@@MAEHXZ 10003890 f i Brackets.obj
 0001:000028a0       ?GetLangString@?$DialogBuilderBase@UFarDialogItem@@@@MAEPB_WH@Z 100038a0 f i Brackets.obj
 0001:000028a0       ?CreateRadioButtonBinding@?$DialogBuilderBase@UFarDialogItem@@@@MAEPAU?$DialogItemBinding@UFarDialogItem@@@@PAH@Z 100038a0 f i Brackets.obj
 0001:000028b0       ??1?$DialogBuilderBase@UFarDialogItem@@@@MAE@XZ 100038b0 f i Brackets.obj
 0001:00002900       ?CreateCheckBoxBinding@?$DialogBuilderBase@UFarDialogItem@@@@MAEPAU?$DialogItemBinding@UFarDialogItem@@@@PAHH@Z 10003900 f i Brackets.obj
 0001:00002900       ?AddIntEditField@?$DialogBuilderBase@UFarDialogItem@@@@UAEPAUFarDialogItem@@PAHH@Z 10003900 f i Brackets.obj
 0001:00002910       ??_G?$DialogBuilderBase@UFarDialogItem@@@@MAEPAXI@Z 10003910 f i Brackets.obj
 0001:00002910       ??_E?$DialogBuilderBase@UFarDialogItem@@@@MAEPAXI@Z 10003910 f i Brackets.obj
 0001:00002930       ?ReallocDialogItems@?$DialogBuilderBase@UFarDialogItem@@@@IAEXXZ 10003930 f i Brackets.obj
 0001:00002a00       ?UpdateSecondColumnPosition@?$DialogBuilderBase@UFarDialogItem@@@@IAEXXZ 10003a00 f i Brackets.obj
 0001:00002a60       ?SaveValues@?$DialogBuilderBase@UFarDialogItem@@@@IAEXXZ 10003a60 f i Brackets.obj
 0001:00002ab0       ?MaxTextWidth@?$DialogBuilderBase@UFarDialogItem@@@@IAEHXZ 10003ab0 f i Brackets.obj
 0001:00002b70       ?SaveValue@PluginEditFieldBinding@@UAEXPAUFarDialogItem@@H@Z 10003b70 f i Brackets.obj
 0001:00002ba0       ?InitDialogItem@PluginDialogBuilder@@MAEXPAUFarDialogItem@@PB_W@Z 10003ba0 f i Brackets.obj
 0001:00002bc0       ?TextWidth@PluginDialogBuilder@@MAEHABUFarDialogItem@@@Z 10003bc0 f i Brackets.obj
 0001:00002be0       ?DoShowDialog@PluginDialogBuilder@@MAEHXZ 10003be0 f i Brackets.obj
 0001:00002c40       ?SaveValue@PluginCheckBoxBinding@@UAEXPAUFarDialogItem@@H@Z 10003c40 f i Brackets.obj
 0001:00002c80       ?SaveValue@PluginRadioButtonBinding@@UAEXPAUFarDialogItem@@H@Z 10003c80 f i Brackets.obj
 0001:00002cb0       ??0PluginIntEditFieldBinding@@QAE@ABUPluginStartupInfo@@PAPAXHPAHH@Z 10003cb0 f i Brackets.obj
 0001:00002d50       ?SaveValue@PluginIntEditFieldBinding@@UAEXPAUFarDialogItem@@H@Z 10003d50 f i Brackets.obj
 0001:00002d80       ?CreateCheckBoxBinding@PluginDialogBuilder@@MAEPAU?$DialogItemBinding@UFarDialogItem@@@@PAHH@Z 10003d80 f i Brackets.obj
 0001:00002dd0       ?CreateRadioButtonBinding@PluginDialogBuilder@@MAEPAU?$DialogItemBinding@UFarDialogItem@@@@PAH@Z 10003dd0 f i Brackets.obj
 0001:00002e20       ??_EPluginDialogBuilder@@UAEPAXI@Z 10003e20 f i Brackets.obj
 0001:00002e20       ??_GPluginDialogBuilder@@UAEPAXI@Z 10003e20 f i Brackets.obj
 0001:00002e60       ?AddCheckbox@?$DialogBuilderBase@UFarDialogItem@@@@QAEPAUFarDialogItem@@HPAHH_N@Z 10003e60 f i Brackets.obj
 0001:00002f90       ?UpdateBorderSize@?$DialogBuilderBase@UFarDialogItem@@@@IAEXXZ 10003f90 f i Brackets.obj
 0001:00003010       ?AddSeparator@?$DialogBuilderBase@UFarDialogItem@@@@QAEXPB_W@Z 10004010 f i Brackets.obj
 0001:00003080       ??_GPluginEditFieldBinding@@UAEPAXI@Z 10004080 f i Brackets.obj
 0001:00003080       ??_EPluginEditFieldBinding@@UAEPAXI@Z 10004080 f i Brackets.obj
 0001:00003080       ??_EPluginRadioButtonBinding@@UAEPAXI@Z 10004080 f i Brackets.obj
 0001:00003080       ??_EPluginIntEditFieldBinding@@UAEPAXI@Z 10004080 f i Brackets.obj
 0001:00003080       ??_GPluginIntEditFieldBinding@@UAEPAXI@Z 10004080 f i Brackets.obj
 0001:00003080       ??_EPluginCheckBoxBinding@@UAEPAXI@Z 10004080 f i Brackets.obj
 0001:00003080       ??_GPluginRadioButtonBinding@@UAEPAXI@Z 10004080 f i Brackets.obj
 0001:00003080       ??_GPluginCheckBoxBinding@@UAEPAXI@Z 10004080 f i Brackets.obj
 0001:00003080       ??_E?$DialogItemBinding@UFarDialogItem@@@@UAEPAXI@Z 10004080 f i Brackets.obj
 0001:00003080       ??_G?$DialogItemBinding@UFarDialogItem@@@@UAEPAXI@Z 10004080 f i Brackets.obj
 0001:000030a0       ??0PluginDialogBuilder@@QAE@ABUPluginStartupInfo@@ABU_GUID@@1HPB_WP6GHPAXHH3@Z3@Z 100040a0 f i Brackets.obj
 0001:000031a0       ?AddIntEditField@PluginDialogBuilder@@UAEPAUFarDialogItem@@PAHH@Z 100041a0 f i Brackets.obj
 0001:00003260       ?AddFixEditField@PluginDialogBuilder@@QAEPAUFarDialogItem@@PA_WHHPB_W@Z 10004260 f i Brackets.obj
 0001:00003340       ?AddOKCancel@?$DialogBuilderBase@UFarDialogItem@@@@QAEXHHH_N@Z 10004340 f i Brackets.obj
 0001:000034b0       ?Config@@YAHXZ             100044b0 f   Brackets.obj
 0001:00003ae0       _ConfigureW@4              10004ae0 f   Brackets.obj
 0001:00003af0       ?ShowMenu@@YAHH@Z          10004af0 f   Brackets.obj
 0001:00003c00       _OpenW@4                   10004c00 f   Brackets.obj
 0001:00004710       _GetModuleHandleExWWrapper@12 10005710 f   vc_crt_fix_impl.obj
 0001:00004860       _EncodePointerWrapper@4    10005860 f   vc_crt_fix_impl.obj
 0001:00004870       _DecodePointerWrapper@4    10005870 f   vc_crt_fix_impl.obj
 0001:00004875       ??_U@YAPAXI@Z              10005875 f   libcpmt:newaop.obj
 0001:00004880       ??_V@YAXPAX@Z              10005880 f   LIBCMT:delete2.obj
 0001:0000488b       ??3@YAXPAX@Z               1000588b f   LIBCMT:delete.obj
 0001:000048a0       _memset                    100058a0 f   LIBCMT:memset.obj
 0001:0000491a       ??1bad_alloc@std@@UAE@XZ   1000591a f i LIBCMT:new.obj
 0001:00004925       ??_Ebad_alloc@std@@UAEPAXI@Z 10005925 f i LIBCMT:new.obj
 0001:00004925       ??_Gbad_alloc@std@@UAEPAXI@Z 10005925 f i LIBCMT:new.obj
 0001:0000494c       ??0bad_alloc@std@@QAE@ABV01@@Z 1000594c f i LIBCMT:new.obj
 0001:00004969       ??2@YAPAXI@Z               10005969 f   LIBCMT:new.obj
 0001:000049f0       __ftol2_sse                100059f0 f   LIBCMT:ftol2.obj
 0001:000049f9       __ftol2_pentium4           100059f9 f   LIBCMT:ftol2.obj
 0001:00004a0c       __ftol2_sse_excpt          10005a0c f   LIBCMT:ftol2.obj
 0001:00004a26       __ftol2                    10005a26 f   LIBCMT:ftol2.obj
 0001:00004a9b       __CRT_INIT@12              10005a9b f   LIBCMT:dllcrt0.obj
 0001:00004cf5       __DllMainCRTStartup@12     10005cf5 f   LIBCMT:dllcrt0.obj
 0001:00004d18       _free                      10005d18 f   LIBCMT:free.obj
 0001:00004d52       __VEC_memzero              10005d52 f   LIBCMT:p4_memset.obj
 0001:00004e0c       ___sse2_available_init     10005e0c f   LIBCMT:cpu_disp.obj
 0001:00004e1c       ??0exception@std@@QAE@ABQBDH@Z 10005e1c f   LIBCMT:stdexcpt.obj
 0001:00004e39       ?what@exception@std@@UBEPBDXZ 10005e39 f   LIBCMT:stdexcpt.obj
 0001:00004e46       ?_Copy_str@exception@std@@AAEXPBD@Z 10005e46 f   LIBCMT:stdexcpt.obj
 0001:00004e86       ?_Tidy@exception@std@@AAEXXZ 10005e86 f   LIBCMT:stdexcpt.obj
 0001:00004ea4       ??4exception@std@@QAEAAV01@ABV01@@Z 10005ea4 f   LIBCMT:stdexcpt.obj
 0001:00004ed9       ??1exception@std@@UAE@XZ   10005ed9 f   LIBCMT:stdexcpt.obj
 0001:00004ee4       ??_Eexception@std@@UAEPAXI@Z 10005ee4 f i LIBCMT:stdexcpt.obj
 0001:00004ee4       ??_Gexception@std@@UAEPAXI@Z 10005ee4 f i LIBCMT:stdexcpt.obj
 0001:00004f0b       ??0exception@std@@QAE@ABV01@@Z 10005f0b f   LIBCMT:stdexcpt.obj
 0001:00004f30       ??1type_info@@UAE@XZ       10005f30 f   LIBCMT:typinfo.obj
 0001:00004f40       ??_Gtype_info@@UAEPAXI@Z   10005f40 f i LIBCMT:typinfo.obj
 0001:00004f40       ??_Etype_info@@UAEPAXI@Z   10005f40 f i LIBCMT:typinfo.obj
 0001:00005017       ___onexitinit              10006017 f   LIBCMT:onexit.obj
 0001:00005048       __onexit                   10006048 f   LIBCMT:onexit.obj
 0001:00005084       _atexit                    10006084 f   LIBCMT:onexit.obj
 0001:0000509b       _malloc                    1000609b f   LIBCMT:malloc.obj
 0001:0000512f       __initp_heap_handler       1000612f f   LIBCMT:handler.obj
 0001:0000513e       __callnewh                 1000613e f   LIBCMT:handler.obj
 0001:00005166       __CxxThrowException@8      10006166 f   LIBCMT:throw.obj
 0001:000051b2       __encoded_null             100061b2 f   LIBCMT:tidtable.obj
 0001:000051bb       ___crtTlsAlloc@4           100061bb f   LIBCMT:tidtable.obj
 0001:000051c4       ___set_flsgetvalue         100061c4 f   LIBCMT:tidtable.obj
 0001:000051f8       __mtterm                   100061f8 f   LIBCMT:tidtable.obj
 0001:00005235       __initptd                  10006235 f   LIBCMT:tidtable.obj
 0001:000052e9       __getptd_noexit            100062e9 f   LIBCMT:tidtable.obj
 0001:00005362       __getptd                   10006362 f   LIBCMT:tidtable.obj
 0001:0000537c       __freefls@4                1000637c f   LIBCMT:tidtable.obj
 0001:000054ab       __freeptd                  100064ab f   LIBCMT:tidtable.obj
 0001:00005519       __mtinit                   10006519 f   LIBCMT:tidtable.obj
 0001:00005694       __malloc_crt               10006694 f   LIBCMT:crtheap.obj
 0001:000056d9       __calloc_crt               100066d9 f   LIBCMT:crtheap.obj
 0001:00005725       __realloc_crt              10006725 f   LIBCMT:crtheap.obj
 0001:00005773       ___crtCorExitProcess       10006773 f   LIBCMT:crt0dat.obj
 0001:0000579e       ___crtExitProcess          1000679e f   LIBCMT:crt0dat.obj
 0001:000057b6       __lockexit                 100067b6 f   LIBCMT:crt0dat.obj
 0001:000057bf       __unlockexit               100067bf f   LIBCMT:crt0dat.obj
 0001:000057c8       __init_pointers            100067c8 f   LIBCMT:crt0dat.obj
 0001:000057fb       __initterm_e               100067fb f   LIBCMT:crt0dat.obj
 0001:0000581f       __cinit                    1000681f f   LIBCMT:crt0dat.obj
 0001:000059f6       __exit                     100069f6 f   LIBCMT:crt0dat.obj
 0001:00005a0c       __cexit                    10006a0c f   LIBCMT:crt0dat.obj
 0001:00005a1b       __amsg_exit                10006a1b f   LIBCMT:crt0dat.obj
 0001:00005a39       __ioinit                   10006a39 f   LIBCMT:ioinit.obj
 0001:00005c7e       __ioterm                   10006c7e f   LIBCMT:ioinit.obj
 0001:00005cd1       __setenvp                  10006cd1 f   LIBCMT:stdenvp.obj
 0001:00005f47       __setargv                  10006f47 f   LIBCMT:stdargv.obj
 0001:00006002       ___crtGetEnvironmentStringsA 10007002 f   LIBCMT:a_env.obj
 0001:00006099       __RTC_Initialize           10007099 f   LIBCMT:_initsect_.obj
 0001:000060bf       __RTC_Terminate            100070bf f   LIBCMT:_initsect_.obj
 0001:000060e5       __heap_init                100070e5 f   LIBCMT:heapinit.obj
 0001:00006103       __heap_term                10007103 f   LIBCMT:heapinit.obj
 0001:00006120       __SEH_prolog4              10007120 f   LIBCMT:sehprolg4.obj
 0001:00006165       __SEH_epilog4              10007165 f   LIBCMT:sehprolg4.obj
 0001:00006180       __except_handler4          10007180 f   LIBCMT:chandler4.obj
 0001:0000630f       __XcptFilter               1000730f f   LIBCMT:winxfltr.obj
 0001:00006459       ___CppXcptFilter           10007459 f   LIBCMT:winxfltr.obj
 0001:00006479       _DllMain@12                10007479 f   LIBCMT:dllmain.obj
 0001:0000647f       ___security_init_cookie    1000747f f   LIBCMT:gs_support.obj
 0001:0000651a       __get_errno_from_oserr     1000751a f   LIBCMT:dosmap.obj
 0001:0000655c       __errno                    1000755c f   LIBCMT:dosmap.obj
 0001:0000656f       _strcpy_s                  1000756f f   LIBCMT:strcpy_s.obj
 0001:000065d0       _strlen                    100075d0 f   LIBCMT:strlen.obj
 0001:0000665b       ?_Type_info_dtor@type_info@@CAXPAV1@@Z 1000765b f   LIBCMT:typname.obj
 0001:000066d0       _strcmp                    100076d0 f   LIBCMT:strcmp.obj
 0001:00006758       __msize                    10007758 f   LIBCMT:msize.obj
 0001:0000678b       __GET_RTERRMSG             1000778b f   LIBCMT:crt0msg.obj
 0001:000067b1       __NMSG_WRITE               100077b1 f   LIBCMT:crt0msg.obj
 0001:00006960       __FF_MSGBANNER             10007960 f   LIBCMT:crt0msg.obj
 0001:00006999       __mtinitlocks              10007999 f   LIBCMT:mlock.obj
 0001:000069e3       __mtdeletelocks            100079e3 f   LIBCMT:mlock.obj
 0001:00006a3a       __unlock                   10007a3a f   LIBCMT:mlock.obj
 0001:00006a51       __mtinitlocknum            10007a51 f   LIBCMT:mlock.obj
 0001:00006b13       __lock                     10007b13 f   LIBCMT:mlock.obj
 0001:00006b46       ___addlocaleref            10007b46 f   LIBCMT:localref.obj
 0001:00006bd5       ___removelocaleref         10007bd5 f   LIBCMT:localref.obj
 0001:00006c6e       ___freetlocinfo            10007c6e f   LIBCMT:localref.obj
 0001:00006db9       __updatetlocinfoEx_nolock  10007db9 f   LIBCMT:localref.obj
 0001:00006e06       ___updatetlocinfo          10007e06 f   LIBCMT:localref.obj
 0001:000070a2       ___updatetmbcinfo          100080a2 f   LIBCMT:mbctype.obj
 0001:00007146       ??0_LocaleUpdate@@QAE@PAUlocaleinfo_struct@@@Z 10008146 f i LIBCMT:mbctype.obj
 0001:00007249       __setmbcp_nolock           10008249 f   LIBCMT:mbctype.obj
 0001:00007432       __setmbcp                  10008432 f   LIBCMT:mbctype.obj
 0001:000075cc       ___initmbctable            100085cc f   LIBCMT:mbctype.obj
 0001:000075ea       __calloc_impl              100085ea f   LIBCMT:calloc_impl.obj
 0001:0000766c       _realloc                   1000866c f   LIBCMT:realloc.obj
 0001:00007719       ?terminate@@YAXXZ          10008719 f   LIBCMT:hooks.obj
 0001:00007752       __initp_eh_hooks           10008752 f   LIBCMT:hooks.obj
 0001:00007763       __initp_misc_winsig        10008763 f   LIBCMT:winsig.obj
 0001:000077b8       ___get_sigabrt             100087b8 f   LIBCMT:winsig.obj
 0001:000077c5       _raise                     100087c5 f   LIBCMT:winsig.obj
 0001:00007968       __initp_misc_rand_s        10008968 f   LIBCMT:rand_s.obj
 0001:00007977       __initp_misc_purevirt      10008977 f   LIBCMT:inithelp.obj
 0001:00007986       __initp_misc_invarg        10008986 f   LIBCMT:invarg.obj
 0001:00007995       __call_reportfault         10008995 f   LIBCMT:invarg.obj
 0001:00007abe       __invoke_watson            10008abe f   LIBCMT:invarg.obj
 0001:00007ae3       __invalid_parameter        10008ae3 f   LIBCMT:invarg.obj
 0001:00007b10       __invalid_parameter_noinfo 10008b10 f   LIBCMT:invarg.obj
 0001:00007b20       __initp_misc_cfltcvt_tab   10008b20 f   LIBCMT:cmiscdat.obj
 0001:00007b50       __ValidateImageBase        10008b50 f   LIBCMT:pesect.obj
 0001:00007b90       __FindPESection            10008b90 f   LIBCMT:pesect.obj
 0001:00007be0       __IsNonwritableInCurrentImage 10008be0 f   LIBCMT:pesect.obj
 0001:00007cef       __ismbblead                10008cef f   LIBCMT:ismbbyte.obj
 0001:00007d07       @__security_check_cookie@4 10008d07 f   LIBCMT:secchk.obj
 0001:00007d20       __local_unwind4            10008d20 f   LIBCMT:exsup4.obj
 0001:00007df6       __seh_longjmp_unwind4@4    10008df6 f   LIBCMT:exsup4.obj
 0001:00007e12       @_EH4_CallFilterFunc@8     10008e12 f   LIBCMT:exsup4.obj
 0001:00007e29       @_EH4_TransferToHandler@8  10008e29 f   LIBCMT:exsup4.obj
 0001:00007e42       @_EH4_GlobalUnwind2@8      10008e42 f   LIBCMT:exsup4.obj
 0001:00007e5b       @_EH4_LocalUnwind@16       10008e5b f   LIBCMT:exsup4.obj
 0001:00007e72       ___crtMessageBoxW          10008e72 f   LIBCMT:crtmboxw.obj
 0001:00007fde       _wcscat_s                  10008fde f   LIBCMT:wcscat_s.obj
 0001:00008053       _wcsncpy_s                 10009053 f   LIBCMT:wcsncpy_s.obj
 0001:00008120       _wcslen                    10009120 f   LIBCMT:wcslen.obj
 0001:0000813b       _wcscpy_s                  1000913b f   LIBCMT:wcscpy_s.obj
 0001:0000819e       __set_error_mode           1000919e f   LIBCMT:errmode.obj
 0001:000081dd       ___free_lc_time            100091dd f   LIBCMT:inittime.obj
 0001:00008554       ___free_lconv_num          10009554 f   LIBCMT:initnum.obj
 0001:000085bd       ___free_lconv_mon          100095bd f   LIBCMT:initmon.obj
 0001:000086bb       __freea                    100096bb f i LIBCMT:a_map.obj
 0001:000088c2       ___crtLCMapStringA         100098c2 f   LIBCMT:a_map.obj
 0001:000089ef       ___crtGetStringTypeA       100099ef f   LIBCMT:a_str.obj
 0001:00008a2f       _abort                     10009a2f f   LIBCMT:abort.obj
 0001:00008a70       _memcpy                    10009a70 f   LIBCMT:memcpy.obj
 0001:00008dd1       __crt_debugger_hook        10009dd1 f   LIBCMT:dbghook.obj
 0001:00008dd9       __fptrap                   10009dd9 f   LIBCMT:crt0fp.obj
 0001:00008de2       ___report_gsfailure        10009de2 f   LIBCMT:gs_report.obj
 0001:00008f00       __global_unwind2           10009f00 f   LIBCMT:exsup.obj
 0001:00008f65       __local_unwind2            10009f65 f   LIBCMT:exsup.obj
 0001:00008fe9       __abnormal_termination     10009fe9 f   LIBCMT:exsup.obj
 0001:0000900c       __NLG_Notify1              1000a00c f   LIBCMT:exsup.obj
 0001:00009015       __NLG_Notify               1000a015 f   LIBCMT:exsup.obj
 0001:0000902c       __NLG_Dispatch             1000a02c     LIBCMT:exsup.obj
 0001:0000902c       __NLG_Dispatch2            1000a02c     LIBCMT:exsup.obj
 0001:00009034       __NLG_Call                 1000a034 f   LIBCMT:exsup.obj
 0001:00009036       __NLG_Return2              1000a036     LIBCMT:exsup.obj
 0001:00009040       __aulldvrm                 1000a040 f   LIBCMT:ulldvrm.obj
 0001:000090e0       __alloca_probe_16          1000a0e0 f   LIBCMT:alloca16.obj
 0001:000090f6       __alloca_probe_8           1000a0f6     LIBCMT:alloca16.obj
 0001:0000910c       __VEC_memcpy               1000a10c f   LIBCMT:p4_memcpy.obj
 0001:00009210       __allmul                   1000a210 f   LIBCMT:llmul.obj
 0001:00009250       _strcspn                   1000a250 f   LIBCMT:strcspn.obj
 0001:000092a0       _strpbrk                   1000a2a0 f   LIBCMT:strpbrk.obj
 0001:000092e0       ___ascii_strnicmp          1000a2e0 f   LIBCMT:_strnicm.obj
 0001:00009342       _RtlUnwind@16              1000a342 f   kernel32:KERNEL32.dll
 0001:00009360       __TI2?AVbad_alloc@std@@    1000a360     LIBCMT:new.obj
 0001:00009370       __CTA2?AVbad_alloc@std@@   1000a370     LIBCMT:new.obj
 0001:0000937c       __CT??_R0?AVbad_alloc@std@@@8??0bad_alloc@std@@QAE@ABV01@@Z12 1000a37c     LIBCMT:new.obj
 0001:00009398       __CT??_R0?AVexception@std@@@8??0exception@std@@QAE@ABV01@@Z12 1000a398     LIBCMT:new.obj
 0001:00009584       __IMPORT_DESCRIPTOR_KERNEL32 1000a584     kernel32:KERNEL32.dll
 0001:00009598       __IMPORT_DESCRIPTOR_USER32 1000a598     user32:USER32.dll
 0001:000095ac       __NULL_IMPORT_DESCRIPTOR   1000a5ac     kernel32:KERNEL32.dll
 0002:00000040       ??_R0?AVbad_alloc@std@@@8  1000b040     LIBCMT:new.obj
 0002:0000005c       ??_R0?AVexception@std@@@8  1000b05c     LIBCMT:new.obj
 0002:00000080       ??_R0?AVtype_info@@@8      1000b080     LIBCMT:typinfo.obj
 0002:00000098       ___flsindex                1000b098     LIBCMT:tidtable.obj
 0002:0000009c       ___getvalueindex           1000b09c     LIBCMT:tidtable.obj
 0002:000000a0       ___badioinfo               1000b0a0     LIBCMT:ioinit.obj
 0002:00000370       ___clocalestr              1000b370     LIBCMT:nlsdata2.obj
 0002:00000378       ___lc_time_c               1000b378     LIBCMT:nlsdata2.obj
 0002:000004e0       ___initiallocinfo          1000b4e0     LIBCMT:nlsdata2.obj
 0002:000005b8       ___ptlocinfo               1000b5b8     LIBCMT:nlsdata2.obj
 0002:000005c0       ___initialmbcinfo          1000b5c0     LIBCMT:mbctype.obj
 0002:000007e0       __mbctype                  1000b7e0     LIBCMT:mbctype.obj
 0002:000008e8       __mbcasemap                1000b8e8     LIBCMT:mbctype.obj
 0002:000009e8       ___ptmbcinfo               1000b9e8     LIBCMT:mbctype.obj
 0002:00000ae0       __cfltcvt_tab              1000bae0     LIBCMT:cmiscdat.obj
 0002:00000b08       ___security_cookie         1000bb08     LIBCMT:gs_cookie.obj
 0002:00000b0c       ___security_cookie_complement 1000bb0c     LIBCMT:gs_cookie.obj
 0002:00000b10       ___lconv_static_decimal    1000bb10     LIBCMT:lconv.obj
 0002:00000b14       ___lconv_static_W_decimal  1000bb14     LIBCMT:lconv.obj
 0002:00000b18       ___lconv_c                 1000bb18     LIBCMT:lconv.obj
 0002:00000b68       ___lconv                   1000bb68     LIBCMT:lconv.obj
 0002:00000b6c       ___globallocalestatus      1000bb6c     LIBCMT:glstatus.obj
 0002:00000b70       __pctype                   1000bb70     LIBCMT:ctype.obj
 0002:00000b74       __pwctype                  1000bb74     LIBCMT:ctype.obj
 0002:00000b78       ___abort_behavior          1000bb78     LIBCMT:abort.obj
 0002:00000b80       __NLG_Destination          1000bb80     LIBCMT:exsup.obj
 0002:00000ba0       ___mb_cur_max              1000bba0     LIBCMT:nlsdata1.obj
 0002:00000ba4       ___decimal_point           1000bba4     LIBCMT:nlsdata1.obj
 0002:00000ba8       ___decimal_point_length    1000bba8     LIBCMT:nlsdata1.obj
 0002:00000d40       __aenvptr                  1000bd40     LIBCMT:dllcrt0.obj
 0002:00000d44       __wenvptr                  1000bd44     LIBCMT:dllcrt0.obj
 0002:00000d48       ___error_mode              1000bd48     LIBCMT:dllcrt0.obj
 0002:00000d4c       ___app_type                1000bd4c     LIBCMT:dllcrt0.obj
 0002:00000d50       ?_pnhHeap@@3P6AHI@ZA       1000bd50     LIBCMT:handler.obj
 0002:00000d54       _gpFlsAlloc                1000bd54     LIBCMT:tidtable.obj
 0002:00000d58       _gpFlsGetValue             1000bd58     LIBCMT:tidtable.obj
 0002:00000d5c       _gpFlsSetValue             1000bd5c     LIBCMT:tidtable.obj
 0002:00000d60       _gpFlsFree                 1000bd60     LIBCMT:tidtable.obj
 0002:00000d64       __maxwait                  1000bd64     LIBCMT:crtheap.obj
 0002:00000d68       __umaskval                 1000bd68     LIBCMT:crt0dat.obj
 0002:00000d6c       ___argc                    1000bd6c     LIBCMT:crt0dat.obj
 0002:00000d70       ___argv                    1000bd70     LIBCMT:crt0dat.obj
 0002:00000d74       ___wargv                   1000bd74     LIBCMT:crt0dat.obj
 0002:00000d78       __environ                  1000bd78     LIBCMT:crt0dat.obj
 0002:00000d7c       ___initenv                 1000bd7c     LIBCMT:crt0dat.obj
 0002:00000d80       __wenviron                 1000bd80     LIBCMT:crt0dat.obj
 0002:00000d84       ___winitenv                1000bd84     LIBCMT:crt0dat.obj
 0002:00000d88       __pgmptr                   1000bd88     LIBCMT:crt0dat.obj
 0002:00000d8c       __wpgmptr                  1000bd8c     LIBCMT:crt0dat.obj
 0002:00000d90       __exitflag                 1000bd90     LIBCMT:crt0dat.obj
 0002:00000d94       __C_Termination_Done       1000bd94     LIBCMT:crt0dat.obj
 0002:00000d98       __C_Exit_Done              1000bd98     LIBCMT:crt0dat.obj
 0002:00000ea8       __crtheap                  1000bea8     LIBCMT:heapinit.obj
 0002:000014e0       __newmode                  1000c4e0     LIBCMT:_newmode.obj
 0002:0000163c       ___mbulinfo                1000c63c     LIBCMT:mbctype.obj
 0002:00001648       ___mbcodepage              1000c648     LIBCMT:mbctype.obj
 0002:0000164c       ___ismbcodepage            1000c64c     LIBCMT:mbctype.obj
 0002:00001650       ___mblcid                  1000c650     LIBCMT:mbctype.obj
 0002:00001654       ?__pInconsistency@@3P6AXXZA 1000c654     LIBCMT:hooks.obj
 0002:00001670       ___pPurecall               1000c670     LIBCMT:inithelp.obj
 0002:00001674       ___pInvalidArgHandler      1000c674     LIBCMT:invarg.obj
 0002:0000168c       ?pArgList@UnDecorator@@0PAVReplicator@@A 1000c68c     LIBCMT:undname.obj
 0002:00001690       ?pZNameList@UnDecorator@@0PAVReplicator@@A 1000c690     LIBCMT:undname.obj
 0002:00001694       ?pTemplateArgList@UnDecorator@@0PAVReplicator@@A 1000c694     LIBCMT:undname.obj
 0002:00001698       ?gName@UnDecorator@@0PBDB  1000c698     LIBCMT:undname.obj
 0002:0000169c       ?name@UnDecorator@@0PBDB   1000c69c     LIBCMT:undname.obj
 0002:000016a0       ?outputString@UnDecorator@@0PADA 1000c6a0     LIBCMT:undname.obj
 0002:000016a4       ?maxStringLength@UnDecorator@@0HA 1000c6a4     LIBCMT:undname.obj
 0002:000016a8       ?disableFlags@UnDecorator@@0KA 1000c6a8     LIBCMT:undname.obj
 0002:000016ac       ?m_pGetParameter@UnDecorator@@0P6APADJ@ZA 1000c6ac     LIBCMT:undname.obj
 0002:000016b0       ?fExplicitTemplateParams@UnDecorator@@0_NA 1000c6b0     LIBCMT:undname.obj
 0002:000016b1       ?fGetTemplateArgumentList@UnDecorator@@0_NA 1000c6b1     LIBCMT:undname.obj
 0002:000016c8       ___lconv_static_null       1000c6c8     LIBCMT:lconv.obj
 0002:000016cc       ___lconv_static_W_null     1000c6cc     LIBCMT:lconv.obj
 0002:000019f4       ___locale_changed          1000c9f4     LIBCMT:setlocal.obj
 0002:000019f8       __debugger_hook_dummy      1000c9f8     <common>
 0002:000019fc       __pDestructExceptionObject 1000c9fc     <common>
 0002:00001a00       __nhandle                  1000ca00     <common>
 0002:00001a20       ___pioinfo                 1000ca20     <common>
 0002:00001b20       ___env_initialized         1000cb20     <common>
 0002:00001b24       ___onexitend               1000cb24     <common>
 0002:00001b28       ___onexitbegin             1000cb28     <common>
 0002:00001b2c       ___mbctype_initialized     1000cb2c     <common>
 0002:00001b30       __FPinit                   1000cb30     <common>
 0002:00001b34       ___dyn_tls_init_callback   1000cb34     <common>
 0002:00001b38       ___sse2_available          1000cb38     <common>
 0002:00001b3c       __acmdln                   1000cb3c     <common>

 entry point at        0001:00004cf5

 Static symbols

 0001:000046c0       ?ReturnSamePointer@@YGPAXPAX@Z 100056c0 f   vc_crt_fix_impl.obj
 0001:000046d0       ?GetModuleHandleExWImpl@@YGHKPB_WPAPAUHINSTANCE__@@@Z 100056d0 f   vc_crt_fix_impl.obj
 0001:00004780       ??$Wrapper@UEncodePointerName@?1?EncodePointerWrapper@4@@@YGPAXPAX@Z 10005780 f   vc_crt_fix_impl.obj
 0001:000047f0       ??$Wrapper@UDecodePointerName@?1?DecodePointerWrapper@4@@@YGPAXPAX@Z 100057f0 f   vc_crt_fix_impl.obj
 0001:00004bff       ___DllMainCRTStartup       10005bff f   LIBCMT:dllcrt0.obj
 0001:00004f61       __onexit_nolock            10005f61 f   LIBCMT:onexit.obj
 0001:000058b6       _doexit                    100068b6 f   LIBCMT:crt0dat.obj
 0001:00005dad       _parse_cmdline             10006dad f   LIBCMT:stdargv.obj
 0001:00006e7f       ?CPtoLCID@@YAHH@Z          10007e7f f   LIBCMT:mbctype.obj
 0001:00006eae       ?setSBCS@@YAXPAUthreadmbcinfostruct@@@Z 10007eae f   LIBCMT:mbctype.obj
 0001:00006f12       ?setSBUpLow@@YAXPAUthreadmbcinfostruct@@@Z 10007f12 f   LIBCMT:mbctype.obj
 0001:000071cd       ?getSystemCP@@YAHH@Z       100081cd f   LIBCMT:mbctype.obj
 0001:00007781       _siglookup                 10008781 f   LIBCMT:winsig.obj
 0001:00007c9c       ?x_ismbbtype_l@@YAHPAUlocaleinfo_struct@@IHH@Z 10008c9c f   LIBCMT:ismbbyte.obj
 0001:00007db0       __unwind_handler4          10008db0 f   LIBCMT:exsup4.obj
 0001:000086db       ?__crtLCMapStringA_stat@@YAHPAUlocaleinfo_struct@@KKPBDHPADHHH@Z 100096db f   LIBCMT:a_map.obj
 0001:00008908       ?__crtGetStringTypeA_stat@@YAHPAUlocaleinfo_struct@@KPBDHPAGHHH@Z 10009908 f   LIBCMT:a_str.obj
 0001:00008f20       __unwind_handler           10009f20 f   LIBCMT:exsup.obj
 0001:00009348       ??__Fnomem@?5???2@YAPAXI@Z@YAXXZ 1000a348 f   LIBCMT:new.obj
